
    --------------------------------
          OpenSCAD generation
    --------------------------------
    
Starting writing @ ./results/salicylic_acid/base/salicylic_acid.scad
pcell dict:  {'p_serpentine_0_360_30_64': {'pcell': 'p_serpentine_0', 'params': 'L1=360 L2=30 turns=64'}, 'p_serpentine_0_360_30_16': {'pcell': 'p_serpentine_0', 'params': 'L1=360 L2=30 turns=16'}, 'p_serpentine_0_120_30_8': {'pcell': 'p_serpentine_0', 'params': 'L1=120 L2=30 turns=8'}, 'p_serpentine_0_60_30_8': {'pcell': 'p_serpentine_0', 'params': 'L1=60 L2=30 turns=8'}}
Importing TECH_LEF: ./platforms/h.r.3.3/lef/h.r.3.3.tlef
import via M1M2_PR
['via1', 'met1', 'met2']
import via M2M3_PR
['via2', 'met2', 'met3']
import via M3M4_PR
['via3', 'met3', 'met4']
import via M4M5_PR
['via4', 'met4', 'met5']
import via M5M6_PR
['via5', 'met5', 'met6']
import via M6M7_PR
['via6', 'met6', 'met7']
import via M7M8_PR
['via7', 'met7', 'met8']
import via M8M9_PR
['via8', 'met8', 'met9']
import via M9M10_PR
['via9', 'met9', 'met10']
Parsing macro: serpentine_50px_0
Parsing macro: serpentine_100px_0
Parsing macro: serpentine_150px_0
Parsing macro: serpentine_200px_0
Parsing macro: serpentine_200px_3
Parsing macro: serpentine_300px_0
Parsing macro: serpentine_300px_1
Parsing macro: serpentine_300px_2
Parsing macro: serpentine_300px_3
Parsing macro: diffmix_25px_0
SIZE: [0.76, 0.76]
SIZE: [0.912, 0.912]
SIZE: [1.368, 1.368]
SIZE: [1.824, 1.824]
SIZE: [2.28, 2.28]
SIZE: [2.28, 2.28]
SIZE: [3.192, 3.192]
SIZE: [3.192, 3.192]
SIZE: [3.42, 3.192]
SIZE: [3.192, 3.192]
SIZE: [0.684, 0.684]
Parsing macro: p_serpentine_0_360_30_16
Parsing macro: p_serpentine_0_120_30_8
Parsing macro: p_serpentine_0_60_30_8
SIZE: [15.048, 3.192]
SIZE: [4.104, 3.192]
SIZE: [2.28, 1.368]
SIZE: [2.28, 0.912]
b'connect0'
b'( serp0 out_fluid ) ( mix0 a_fluid )'
b'connect1'
b'( serp1 out_fluid ) ( mix0 b_fluid )'
b'connect2'
b'( serp2 out_fluid ) ( mix1 a_fluid )'
b'connect3'
b'( serp3 out_fluid ) ( mix2 a_fluid )'
b'connect4'
b'( mix1 b_fluid ) ( mix0 out_fluid )'
b'connect5'
b'( mix2 b_fluid ) ( mix1 out_fluid )'
b'out'
b'( PIN out ) ( mix2 out_fluid )'
b'soln1'
b'( PIN soln1 ) ( serp0 in_fluid )'
b'soln2'
b'( PIN soln2 ) ( serp1 in_fluid )'
b'soln3'
b'( PIN soln3 ) ( serp2 in_fluid )'
b'soln4'
b'( PIN soln4 ) ( serp3 in_fluid )'
ROUTE: [[[15.05009, 6.84, 'met5'], [15.276, 6.84, 'met5']], [[15.276, 6.612, 'met4'], [15.276, 6.84, 'met4']], [[15.276, 6.612, 'met3'], [18.24, 6.612, 'met3']], [[18.24, 2.96609, 'met2'], [18.24, 6.612, 'met2']], [[15.05009, 6.84, 'met4'], [15.05009, 6.84, 'met5']], [[15.276, 6.84, 'met4'], [15.276, 6.84, 'met5']], [[15.276, 6.612, 'met3'], [15.276, 6.612, 'met4']], [[18.24, 6.612, 'met2'], [18.24, 6.612, 'met3']], [[18.24, 2.96609, 'met1'], [18.24, 2.96609, 'met2']]]
Component list not passed!!!!
converting route:  connect0 : 
ROUTE: [[[15.048, 6.384, 'met4'], [15.048, 6.612, 'met4']], [[15.048, 3.42, 'met2'], [15.048, 6.384, 'met2']], [[11.628, 3.42, 'met1'], [15.048, 3.42, 'met1']], [[11.4, 3.42, 'met3'], [11.628, 3.42, 'met3']], [[11.172, 3.42, 'met7'], [11.4, 3.42, 'met7']], [[15.048, 6.384, 'met2'], [15.048, 6.384, 'met3']], [[15.048, 6.384, 'met3'], [15.048, 6.384, 'met4']], [[15.048, 3.42, 'met1'], [15.048, 3.42, 'met2']], [[11.628, 3.42, 'met1'], [11.628, 3.42, 'met2']], [[11.628, 3.42, 'met2'], [11.628, 3.42, 'met3']], [[11.4, 3.42, 'met3'], [11.4, 3.42, 'met4']], [[11.4, 3.42, 'met4'], [11.4, 3.42, 'met5']], [[11.4, 3.42, 'met5'], [11.4, 3.42, 'met6']], [[11.4, 3.42, 'met6'], [11.4, 3.42, 'met7']], [[11.172, 3.42, 'met1'], [11.172, 3.42, 'met2']], [[11.172, 3.42, 'met2'], [11.172, 3.42, 'met3']], [[11.172, 3.42, 'met3'], [11.172, 3.42, 'met4']], [[11.172, 3.42, 'met4'], [11.172, 3.42, 'met5']], [[11.172, 3.42, 'met5'], [11.172, 3.42, 'met6']], [[11.172, 3.42, 'met6'], [11.172, 3.42, 'met7']]]
Component list not passed!!!!
converting route:  connect1 : 
ROUTE: [[[11.4, 3.42, 'met4'], [11.62591, 3.42, 'met4']], [[11.4, 3.42, 'met2'], [11.4, 7.52191, 'met2']], [[11.4, 7.52191, 'met1'], [11.4, 7.52191, 'met2']], [[11.4, 3.42, 'met2'], [11.4, 3.42, 'met3']], [[11.4, 3.42, 'met3'], [11.4, 3.42, 'met4']]]
Component list not passed!!!!
converting route:  connect2 : 
ROUTE: [[[13.68, 6.84, 'met2'], [13.68, 7.065910000000001, 'met2']], [[13.68, 6.84, 'met5'], [14.133909999999998, 6.84, 'met5']], [[13.68, 7.065910000000001, 'met1'], [13.68, 7.065910000000001, 'met2']], [[13.68, 6.84, 'met2'], [13.68, 6.84, 'met3']], [[13.68, 6.84, 'met3'], [13.68, 6.84, 'met4']], [[13.68, 6.84, 'met4'], [13.68, 6.84, 'met5']], [[14.133909999999998, 6.84, 'met4'], [14.133909999999998, 6.84, 'met5']]]
Component list not passed!!!!
converting route:  connect3 : 
ROUTE: [[[11.628, 7.068, 'met5'], [14.592, 7.068, 'met5']], [[14.592, 6.84, 'met4'], [14.592, 7.068, 'met4']], [[14.592, 6.612, 'met6'], [14.592, 6.84, 'met6']], [[14.592, 6.612, 'met5'], [14.81791, 6.612, 'met5']], [[14.81791, 6.612, 'met4'], [14.81791, 6.84, 'met4']], [[11.628, 3.648, 'met4'], [11.628, 7.068, 'met4']], [[14.592, 7.068, 'met4'], [14.592, 7.068, 'met5']], [[11.628, 7.068, 'met4'], [11.628, 7.068, 'met5']], [[14.592, 6.84, 'met4'], [14.592, 6.84, 'met5']], [[14.592, 6.84, 'met5'], [14.592, 6.84, 'met6']], [[14.592, 6.612, 'met5'], [14.592, 6.612, 'met6']], [[14.81791, 6.612, 'met4'], [14.81791, 6.612, 'met5']]]
Component list not passed!!!!
converting route:  connect4 : 
ROUTE: [[[11.85809, 3.42, 'met5'], [12.084, 3.42, 'met5']], [[12.084, 3.42, 'met4'], [12.084, 6.612, 'met4']], [[12.084, 6.612, 'met5'], [14.133909999999998, 6.612, 'met5']], [[11.85809, 3.42, 'met4'], [11.85809, 3.42, 'met5']], [[12.084, 3.42, 'met4'], [12.084, 3.42, 'met5']], [[12.084, 6.612, 'met4'], [12.084, 6.612, 'met5']], [[14.133909999999998, 6.612, 'met4'], [14.133909999999998, 6.612, 'met5']]]
Component list not passed!!!!
converting route:  connect5 : 
ROUTE: [[[12.084, 5.7, 'met8'], [12.084, 6.384, 'met8']], [[12.084, 6.384, 'met5'], [14.364, 6.384, 'met5']], [[14.364, 6.384, 'met2'], [14.364, 6.612, 'met2']], [[14.364, 6.612, 'met3'], [14.36609, 6.612, 'met3']], [[14.36609, 6.612, 'met4'], [14.36609, 6.84, 'met4']], [[12.084, 6.384, 'met5'], [12.084, 6.384, 'met6']], [[12.084, 6.384, 'met6'], [12.084, 6.384, 'met7']], [[12.084, 6.384, 'met7'], [12.084, 6.384, 'met8']], [[14.364, 6.384, 'met2'], [14.364, 6.384, 'met3']], [[14.364, 6.384, 'met3'], [14.364, 6.384, 'met4']], [[14.364, 6.384, 'met4'], [14.364, 6.384, 'met5']], [[14.364, 6.612, 'met2'], [14.364, 6.612, 'met3']], [[14.36609, 6.612, 'met3'], [14.36609, 6.612, 'met4']], [[12.084, 5.7, 'met8'], [12.084, 5.7, 'met9']]]
Component list not passed!!!!
converting route:  out : 
ROUTE: [[[3.648, 0.23009, 'met2'], [3.648, 3.42, 'met2']], [[3.648, 3.42, 'met1'], [6.84, 3.42, 'met1']], [[7.98, 3.42, 'met8'], [7.98, 5.016, 'met8']], [[6.84, 3.42, 'met7'], [7.98, 3.42, 'met7']], [[3.648, 3.42, 'met1'], [3.648, 3.42, 'met2']], [[3.648, 0.23009, 'met1'], [3.648, 0.23009, 'met2']], [[7.98, 3.42, 'met7'], [7.98, 3.42, 'met8']], [[6.84, 3.42, 'met1'], [6.84, 3.42, 'met2']], [[6.84, 3.42, 'met2'], [6.84, 3.42, 'met3']], [[6.84, 3.42, 'met3'], [6.84, 3.42, 'met4']], [[6.84, 3.42, 'met4'], [6.84, 3.42, 'met5']], [[6.84, 3.42, 'met5'], [6.84, 3.42, 'met6']], [[6.84, 3.42, 'met6'], [6.84, 3.42, 'met7']], [[7.98, 5.016, 'met8'], [7.98, 5.016, 'met9']]]
Component list not passed!!!!
converting route:  soln1 : 
ROUTE: [[[8.664, 5.016, 'met8'], [8.664, 5.472, 'met8']], [[7.524, 5.472, 'met7'], [8.664, 5.472, 'met7']], [[7.524, 5.472, 'met2'], [7.524, 6.15391, 'met2']], [[8.664, 5.472, 'met7'], [8.664, 5.472, 'met8']], [[7.524, 5.472, 'met2'], [7.524, 5.472, 'met3']], [[7.524, 5.472, 'met3'], [7.524, 5.472, 'met4']], [[7.524, 5.472, 'met4'], [7.524, 5.472, 'met5']], [[7.524, 5.472, 'met5'], [7.524, 5.472, 'met6']], [[7.524, 5.472, 'met6'], [7.524, 5.472, 'met7']], [[7.524, 6.15391, 'met1'], [7.524, 6.15391, 'met2']], [[8.664, 5.016, 'met8'], [8.664, 5.016, 'met9']]]
Component list not passed!!!!
converting route:  soln2 : 
ROUTE: [[[9.348, 5.016, 'met8'], [9.348, 5.244, 'met8']], [[9.348, 5.244, 'met7'], [9.576, 5.244, 'met7']], [[9.576, 5.244, 'met2'], [9.576, 6.60991, 'met2']], [[9.348, 5.244, 'met7'], [9.348, 5.244, 'met8']], [[9.576, 5.244, 'met2'], [9.576, 5.244, 'met3']], [[9.576, 5.244, 'met3'], [9.576, 5.244, 'met4']], [[9.576, 5.244, 'met4'], [9.576, 5.244, 'met5']], [[9.576, 5.244, 'met5'], [9.576, 5.244, 'met6']], [[9.576, 5.244, 'met6'], [9.576, 5.244, 'met7']], [[9.576, 6.60991, 'met1'], [9.576, 6.60991, 'met2']], [[9.348, 5.016, 'met8'], [9.348, 5.016, 'met9']]]
Component list not passed!!!!
converting route:  soln3 : 
ROUTE: [[[10.032, 5.016, 'met8'], [10.032, 5.244, 'met8']], [[10.032, 5.244, 'met5'], [11.856, 5.244, 'met5']], [[11.856, 5.244, 'met2'], [11.856, 6.60991, 'met2']], [[10.032, 5.244, 'met5'], [10.032, 5.244, 'met6']], [[10.032, 5.244, 'met6'], [10.032, 5.244, 'met7']], [[10.032, 5.244, 'met7'], [10.032, 5.244, 'met8']], [[11.856, 5.244, 'met2'], [11.856, 5.244, 'met3']], [[11.856, 5.244, 'met3'], [11.856, 5.244, 'met4']], [[11.856, 5.244, 'met4'], [11.856, 5.244, 'met5']], [[11.856, 6.60991, 'met1'], [11.856, 6.60991, 'met2']], [[10.032, 5.016, 'met8'], [10.032, 5.016, 'met9']]]
Component list not passed!!!!
converting route:  soln4 : 
Xp: -0.0 , K_13: 0.0 , K_12: 0.05103532809999952 , dy/dx: ncalc
(1.2) pt [11.4, 3.42, 1.35] is in [[11.4, 3.42, 1.35], [11.62591, 3.42, 1.35]]
Xp: -0.0 , K_13: 0.0 , K_12: 0.05103532809999952 , dy/dx: ncalc
(1.1) pt [11.4, 3.42, 1.35] is in [[11.4, 3.42, 1.35], [11.62591, 3.42, 1.35]]
Xp: -0.0 , K_13: 0.0 , K_12: 0.05198399999999989 , dy/dx: ncalc
(1.4) pt [11.4, 3.42, 1.1500000000000001] is in [[11.4, 3.42, 1.1500000000000001], [11.628, 3.42, 1.1500000000000001]]
Xp: -0.0 , K_13: 0.0 , K_12: 0.05198399999999989 , dy/dx: ncalc
(1.3) pt [11.4, 3.42, 1.1500000000000001] is in [[11.4, 3.42, 1.1500000000000001], [11.628, 3.42, 1.1500000000000001]]
Xp: -0.0 , K_13: 0.0 , K_12: 0.05198399999999989 , dy/dx: ncalc
(1.2) pt [11.4, 3.42, 1.1500000000000001] is in [[11.4, 3.42, 1.1500000000000001], [11.628, 3.42, 1.1500000000000001]]
Xp: -0.0 , K_13: 0.0 , K_12: 0.05198399999999989 , dy/dx: ncalc
(1.1) pt [11.4, 3.42, 1.1500000000000001] is in [[11.4, 3.42, 1.1500000000000001], [11.628, 3.42, 1.1500000000000001]]
Xp: -0.0 , K_13: 0.0 , K_12: 0.05103532809999952 , dy/dx: ncalc
(1.4) pt [11.4, 3.42, 1.35] is in [[11.4, 3.42, 1.35], [11.62591, 3.42, 1.35]]
Xp: -0.0 , K_13: 0.0 , K_12: 0.05103532809999952 , dy/dx: ncalc
(1.3) pt [11.4, 3.42, 1.35] is in [[11.4, 3.42, 1.35], [11.62591, 3.42, 1.35]]
Importing TECH_LEF: ./platforms/h.r.3.3/lef/h.r.3.3.tlef
import via M1M2_PR
['via1', 'met1', 'met2']
import via M2M3_PR
['via2', 'met2', 'met3']
import via M3M4_PR
['via3', 'met3', 'met4']
import via M4M5_PR
['via4', 'met4', 'met5']
import via M5M6_PR
['via5', 'met5', 'met6']
import via M6M7_PR
['via6', 'met6', 'met7']
import via M7M8_PR
['via7', 'met7', 'met8']
import via M8M9_PR
['via8', 'met8', 'met9']
import via M9M10_PR
['via9', 'met9', 'met10']
<generator_class.Nets object at 0x7fce5bf2de20>
converting route:  connect0 : 
converting route:  connect0 : 
calc len connect0
['']
[[15.05009, 6.84, 1.35], [15.05009, 6.84, 1.55], [15.276, 6.84, 1.55], [15.276, 6.84, 1.35], [15.276, 6.612, 1.35], [15.276, 6.612, 1.1500000000000001], [18.24, 6.612, 1.1500000000000001], [18.24, 6.612, 0.9500000000000001], [18.24, 2.96609, 0.9500000000000001], [18.24, 2.96609, 0.75]]
Reporting routing graph
converting route:  connect1 : 
converting route:  connect1 : 
calc len connect1
['']
[[11.172, 3.42, 0.75], [11.172, 3.42, 0.9500000000000001], [11.172, 3.42, 1.1500000000000001], [11.172, 3.42, 1.35], [11.172, 3.42, 1.55], [11.172, 3.42, 1.75], [11.172, 3.42, 1.95], [11.4, 3.42, 1.95], [11.4, 3.42, 1.75], [11.4, 3.42, 1.55], [11.4, 3.42, 1.35], [11.4, 3.42, 1.1500000000000001], [11.628, 3.42, 1.1500000000000001], [11.628, 3.42, 0.9500000000000001], [11.628, 3.42, 0.75], [15.048, 3.42, 0.75], [15.048, 3.42, 0.9500000000000001], [15.048, 6.384, 0.9500000000000001], [15.048, 6.384, 1.1500000000000001], [15.048, 6.384, 1.35], [15.048, 6.612, 1.35]]
Reporting routing graph
converting route:  connect2 : 
converting route:  connect2 : 
calc len connect2
['']
[[11.4, 7.52191, 0.75], [11.4, 7.52191, 0.9500000000000001], [11.4, 3.42, 0.9500000000000001], [11.4, 3.42, 1.1500000000000001], [11.4, 3.42, 1.35], [11.62591, 3.42, 1.35]]
Reporting routing graph
converting route:  connect3 : 
converting route:  connect3 : 
calc len connect3
['']
[[14.133909999999998, 6.84, 1.35], [14.133909999999998, 6.84, 1.55], [13.68, 6.84, 1.55], [13.68, 6.84, 1.35], [13.68, 6.84, 1.1500000000000001], [13.68, 6.84, 0.9500000000000001], [13.68, 7.065910000000001, 0.9500000000000001], [13.68, 7.065910000000001, 0.75]]
Reporting routing graph
converting route:  connect4 : 
converting route:  connect4 : 
calc len connect4
['']
[[11.628, 3.648, 1.35], [11.628, 7.068, 1.35], [11.628, 7.068, 1.55], [14.592, 7.068, 1.55], [14.592, 7.068, 1.35], [14.592, 6.84, 1.35], [14.592, 6.84, 1.55], [14.592, 6.84, 1.75], [14.592, 6.612, 1.75], [14.592, 6.612, 1.55], [14.81791, 6.612, 1.55], [14.81791, 6.612, 1.35], [14.81791, 6.84, 1.35]]
Reporting routing graph
converting route:  connect5 : 
converting route:  connect5 : 
calc len connect5
['']
[[11.85809, 3.42, 1.35], [11.85809, 3.42, 1.55], [12.084, 3.42, 1.55], [12.084, 3.42, 1.35], [12.084, 6.612, 1.35], [12.084, 6.612, 1.55], [14.133909999999998, 6.612, 1.55], [14.133909999999998, 6.612, 1.35]]
Reporting routing graph
converting route:  out : 
converting route:  out : 
calc len out
['']
[[12.084, 5.7, 2.35], [12.084, 5.7, 2.15], [12.084, 6.384, 2.15], [12.084, 6.384, 1.95], [12.084, 6.384, 1.75], [12.084, 6.384, 1.55], [14.364, 6.384, 1.55], [14.364, 6.384, 1.35], [14.364, 6.384, 1.1500000000000001], [14.364, 6.384, 0.9500000000000001], [14.364, 6.612, 0.9500000000000001], [14.364, 6.612, 1.1500000000000001], [14.36609, 6.612, 1.1500000000000001], [14.36609, 6.612, 1.35], [14.36609, 6.84, 1.35]]
Reporting routing graph
converting route:  soln1 : 
converting route:  soln1 : 
calc len soln1
['']
[[3.648, 0.23009, 0.75], [3.648, 0.23009, 0.9500000000000001], [3.648, 3.42, 0.9500000000000001], [3.648, 3.42, 0.75], [6.84, 3.42, 0.75], [6.84, 3.42, 0.9500000000000001], [6.84, 3.42, 1.1500000000000001], [6.84, 3.42, 1.35], [6.84, 3.42, 1.55], [6.84, 3.42, 1.75], [6.84, 3.42, 1.95], [7.98, 3.42, 1.95], [7.98, 3.42, 2.15], [7.98, 5.016, 2.15], [7.98, 5.016, 2.35]]
Reporting routing graph
converting route:  soln2 : 
converting route:  soln2 : 
calc len soln2
['']
[[8.664, 5.016, 2.35], [8.664, 5.016, 2.15], [8.664, 5.472, 2.15], [8.664, 5.472, 1.95], [7.524, 5.472, 1.95], [7.524, 5.472, 1.75], [7.524, 5.472, 1.55], [7.524, 5.472, 1.35], [7.524, 5.472, 1.1500000000000001], [7.524, 5.472, 0.9500000000000001], [7.524, 6.15391, 0.9500000000000001], [7.524, 6.15391, 0.75]]
Reporting routing graph
converting route:  soln3 : 
converting route:  soln3 : 
calc len soln3
['']
[[9.348, 5.016, 2.35], [9.348, 5.016, 2.15], [9.348, 5.244, 2.15], [9.348, 5.244, 1.95], [9.576, 5.244, 1.95], [9.576, 5.244, 1.75], [9.576, 5.244, 1.55], [9.576, 5.244, 1.35], [9.576, 5.244, 1.1500000000000001], [9.576, 5.244, 0.9500000000000001], [9.576, 6.60991, 0.9500000000000001], [9.576, 6.60991, 0.75]]
Reporting routing graph
converting route:  soln4 : 
converting route:  soln4 : 
calc len soln4
['']
[[10.032, 5.016, 2.35], [10.032, 5.016, 2.15], [10.032, 5.244, 2.15], [10.032, 5.244, 1.95], [10.032, 5.244, 1.75], [10.032, 5.244, 1.55], [11.856, 5.244, 1.55], [11.856, 5.244, 1.35], [11.856, 5.244, 1.1500000000000001], [11.856, 5.244, 0.9500000000000001], [11.856, 6.60991, 0.9500000000000001], [11.856, 6.60991, 0.75]]
Reporting routing graph
<generator_class.Nets object at 0x7fce5bf2d3a0>
converting route:  connect0 : 
converting route:  connect0 : 
Reporting routing graph
converting route:  connect1 : 
converting route:  connect1 : 
Reporting routing graph
converting route:  connect2 : 
converting route:  connect2 : 
Reporting routing graph
converting route:  connect3 : 
converting route:  connect3 : 
Reporting routing graph
converting route:  connect4 : 
converting route:  connect4 : 
Reporting routing graph
converting route:  connect5 : 
converting route:  connect5 : 
Reporting routing graph
converting route:  out : 
converting route:  out : 
Reporting routing graph
converting route:  soln1 : 
converting route:  soln1 : 
Reporting routing graph
converting route:  soln2 : 
converting route:  soln2 : 
Reporting routing graph
converting route:  soln3 : 
converting route:  soln3 : 
Reporting routing graph
converting route:  soln4 : 
converting route:  soln4 : 
Reporting routing graph
<generator_class.Nets object at 0x7fce5bf2d4c0>
converting route:  connect0 : 
converting route:  connect0 : 
Reporting routing graph
converting route:  connect1 : 
converting route:  connect1 : 
Reporting routing graph
converting route:  connect2 : 
converting route:  connect2 : 
Reporting routing graph
converting route:  connect3 : 
converting route:  connect3 : 
Reporting routing graph
converting route:  connect4 : 
converting route:  connect4 : 
Reporting routing graph
converting route:  connect5 : 
converting route:  connect5 : 
Reporting routing graph
converting route:  out : 
converting route:  out : 
Reporting routing graph
converting route:  soln1 : 
converting route:  soln1 : 
Reporting routing graph
converting route:  soln2 : 
converting route:  soln2 : 
Reporting routing graph
converting route:  soln3 : 
converting route:  soln3 : 
Reporting routing graph
converting route:  soln4 : 
converting route:  soln4 : 
Reporting routing graph
<generator_class.Nets object at 0x7fce5bf2d3d0>
converting route:  connect0 : 
converting route:  connect0 : 
Reporting routing graph
converting route:  connect1 : 
converting route:  connect1 : 
Reporting routing graph
converting route:  connect2 : 
converting route:  connect2 : 
Reporting routing graph
converting route:  connect3 : 
converting route:  connect3 : 
Reporting routing graph
converting route:  connect4 : 
converting route:  connect4 : 
Reporting routing graph
converting route:  connect5 : 
converting route:  connect5 : 
Reporting routing graph
converting route:  out : 
converting route:  out : 
Reporting routing graph
converting route:  soln1 : 
converting route:  soln1 : 
Reporting routing graph
converting route:  soln2 : 
converting route:  soln2 : 
Reporting routing graph
converting route:  soln3 : 
converting route:  soln3 : 
Reporting routing graph
converting route:  soln4 : 
converting route:  soln4 : 
Reporting routing graph
<generator_class.Nets object at 0x7fce5bf91e80>
converting route:  connect0 : 
converting route:  connect0 : 
Reporting routing graph
converting route:  connect1 : 
converting route:  connect1 : 
Reporting routing graph
converting route:  connect2 : 
converting route:  connect2 : 
Reporting routing graph
converting route:  connect3 : 
converting route:  connect3 : 
Reporting routing graph
converting route:  connect4 : 
converting route:  connect4 : 
Reporting routing graph
converting route:  connect5 : 
converting route:  connect5 : 
Reporting routing graph
converting route:  out : 
converting route:  out : 
Reporting routing graph
converting route:  soln1 : 
converting route:  soln1 : 
Reporting routing graph
converting route:  soln2 : 
converting route:  soln2 : 
Reporting routing graph
converting route:  soln3 : 
converting route:  soln3 : 
Reporting routing graph
converting route:  soln4 : 
converting route:  soln4 : 
Reporting routing graph
<generator_class.Nets object at 0x7fce5bf71d60>
converting route:  connect0 : 
converting route:  connect0 : 
Reporting routing graph
converting route:  connect1 : 
converting route:  connect1 : 
Reporting routing graph
converting route:  connect2 : 
converting route:  connect2 : 
Reporting routing graph
converting route:  connect3 : 
converting route:  connect3 : 
Reporting routing graph
converting route:  connect4 : 
converting route:  connect4 : 
Reporting routing graph
converting route:  connect5 : 
converting route:  connect5 : 
Reporting routing graph
converting route:  out : 
converting route:  out : 
Reporting routing graph
converting route:  soln1 : 
converting route:  soln1 : 
Reporting routing graph
converting route:  soln2 : 
converting route:  soln2 : 
Reporting routing graph
converting route:  soln3 : 
converting route:  soln3 : 
Reporting routing graph
converting route:  soln4 : 
converting route:  soln4 : 
Reporting routing graph
<generator_class.Nets object at 0x7fce5bf71ee0>
converting route:  connect0 : 
converting route:  connect0 : 
Reporting routing graph
converting route:  connect1 : 
converting route:  connect1 : 
Reporting routing graph
converting route:  connect2 : 
converting route:  connect2 : 
Reporting routing graph
converting route:  connect3 : 
converting route:  connect3 : 
Reporting routing graph
converting route:  connect4 : 
converting route:  connect4 : 
Reporting routing graph
converting route:  connect5 : 
converting route:  connect5 : 
Reporting routing graph
converting route:  out : 
converting route:  out : 
Reporting routing graph
converting route:  soln1 : 
converting route:  soln1 : 
Reporting routing graph
converting route:  soln2 : 
converting route:  soln2 : 
Reporting routing graph
converting route:  soln3 : 
converting route:  soln3 : 
Reporting routing graph
converting route:  soln4 : 
converting route:  soln4 : 
Reporting routing graph
<generator_class.Nets object at 0x7fce5bf71fa0>
converting route:  connect0 : 
converting route:  connect0 : 
Reporting routing graph
converting route:  connect1 : 
converting route:  connect1 : 
Reporting routing graph
converting route:  connect2 : 
converting route:  connect2 : 
Reporting routing graph
converting route:  connect3 : 
converting route:  connect3 : 
Reporting routing graph
converting route:  connect4 : 
converting route:  connect4 : 
Reporting routing graph
converting route:  connect5 : 
converting route:  connect5 : 
Reporting routing graph
converting route:  out : 
converting route:  out : 
Reporting routing graph
converting route:  soln1 : 
converting route:  soln1 : 
Reporting routing graph
converting route:  soln2 : 
converting route:  soln2 : 
Reporting routing graph
converting route:  soln3 : 
converting route:  soln3 : 
Reporting routing graph
converting route:  soln4 : 
converting route:  soln4 : 
Reporting routing graph
<generator_class.Nets object at 0x7fce5bf71b20>
converting route:  connect0 : 
converting route:  connect0 : 
Reporting routing graph
converting route:  connect1 : 
converting route:  connect1 : 
Reporting routing graph
converting route:  connect2 : 
converting route:  connect2 : 
Reporting routing graph
converting route:  connect3 : 
converting route:  connect3 : 
Reporting routing graph
converting route:  connect4 : 
converting route:  connect4 : 
Reporting routing graph
converting route:  connect5 : 
converting route:  connect5 : 
Reporting routing graph
converting route:  out : 
converting route:  out : 
Reporting routing graph
converting route:  soln1 : 
converting route:  soln1 : 
Reporting routing graph
converting route:  soln2 : 
converting route:  soln2 : 
Reporting routing graph
converting route:  soln3 : 
converting route:  soln3 : 
Reporting routing graph
converting route:  soln4 : 
converting route:  soln4 : 
Reporting routing graph
<generator_class.Nets object at 0x7fce5bf719d0>
converting route:  connect0 : 
converting route:  connect0 : 
Reporting routing graph
converting route:  connect1 : 
converting route:  connect1 : 
Reporting routing graph
converting route:  connect2 : 
converting route:  connect2 : 
Reporting routing graph
converting route:  connect3 : 
converting route:  connect3 : 
Reporting routing graph
converting route:  connect4 : 
converting route:  connect4 : 
Reporting routing graph
converting route:  connect5 : 
converting route:  connect5 : 
Reporting routing graph
converting route:  out : 
converting route:  out : 
Reporting routing graph
converting route:  soln1 : 
converting route:  soln1 : 
Reporting routing graph
converting route:  soln2 : 
converting route:  soln2 : 
Reporting routing graph
converting route:  soln3 : 
converting route:  soln3 : 
Reporting routing graph
converting route:  soln4 : 
converting route:  soln4 : 
Reporting routing graph
<generator_class.Nets object at 0x7fce5bf716d0>
converting route:  connect0 : 
converting route:  connect0 : 
Reporting routing graph
converting route:  connect1 : 
converting route:  connect1 : 
Reporting routing graph
converting route:  connect2 : 
converting route:  connect2 : 
Reporting routing graph
converting route:  connect3 : 
converting route:  connect3 : 
Reporting routing graph
converting route:  connect4 : 
converting route:  connect4 : 
Reporting routing graph
converting route:  connect5 : 
converting route:  connect5 : 
Reporting routing graph
converting route:  out : 
converting route:  out : 
Reporting routing graph
converting route:  soln1 : 
converting route:  soln1 : 
Reporting routing graph
converting route:  soln2 : 
converting route:  soln2 : 
Reporting routing graph
converting route:  soln3 : 
converting route:  soln3 : 
Reporting routing graph
converting route:  soln4 : 
converting route:  soln4 : 
Reporting routing graph

    --------------------------------
          OpenSCAD complete
    --------------------------------
    
	Command being timed: "python3 ../tools/scad_render/generator_v2.py --component_file ./platforms/h.r.3.3/pdk/scad_lib/h.r.3.3_merged.scad --routing_file ./platforms/h.r.3.3/scad/routing.scad --scad_include ./platforms/h.r.3.3/pdk/scad_include/polychannel_v2.scad ./platforms/h.r.3.3/pdk/scad_include/lef_scad_config.scad ./platforms/h.r.3.3/pdk/scad_include/lef_helper.scad --lef_file ./platforms/h.r.3.3/lef/h.r.3.3_merged.lef ./results/salicylic_acid/base/h.r.3.3_salicylic_acid_pcells.lef --tlef_file ./platforms/h.r.3.3/lef/h.r.3.3.tlef --platform h.r.3.3 --px 0.0076 --layer 0.01 --bottom_layer 75 --lpv 20 --xbulk 2550 --ybulk 1600 --zbulk 230 --xchip 325 2225 --ychip 325 1275 --pitch 30 --res 120 --dimm_file  --pcell_file ./results/salicylic_acid/base/pcell_out_scad --def_file results/salicylic_acid/base/4_final.def --design salicylic_acid --results_dir ./results/salicylic_acid/base"
	User time (seconds): 3.48
	System time (seconds): 3.56
	Percent of CPU this job got: 218%
	Elapsed (wall clock) time (h:mm:ss or m:ss): 0:03.22
	Average shared text size (kbytes): 0
	Average unshared data size (kbytes): 0
	Average stack size (kbytes): 0
	Average total size (kbytes): 0
	Maximum resident set size (kbytes): 76092
	Average resident set size (kbytes): 0
	Major (requiring I/O) page faults: 1
	Minor (reclaiming a frame) page faults: 13712
	Voluntary context switches: 1736
	Involuntary context switches: 50191
	Swaps: 0
	File system inputs: 24
	File system outputs: 4056
	Socket messages sent: 0
	Socket messages received: 0
	Signals delivered: 0
	Page size (bytes): 4096
	Exit status: 0
