
    --------------------------------
          OpenSCAD generation
    --------------------------------
    
Starting writing @ ./results/salicylic_acid/base/salicylic_acid.scad
pcell dict:  {'p_serpentine_0_120_30_12': {'pcell': 'p_serpentine_0', 'params': 'L1=120 L2=30 turns=12'}, 'p_serpentine_0_60_30_10': {'pcell': 'p_serpentine_0', 'params': 'L1=60 L2=30 turns=10'}, 'p_serpentine_1_360_30_24': {'pcell': 'p_serpentine_1', 'params': 'L1=360 L2=30 turns=24'}, 'p_serpentine_3_360_30_48': {'pcell': 'p_serpentine_3', 'params': 'L1=360 L2=30 turns=48'}}
Importing TECH_LEF: ./platforms/h.r.3.3/lef/h.r.3.3.tlef
import via M1M2_PR
['via1', 'met1', 'met2']
import via M2M3_PR
['via2', 'met2', 'met3']
import via M3M4_PR
['via3', 'met3', 'met4']
import via M4M5_PR
['via4', 'met4', 'met5']
import via M5M6_PR
['via5', 'met5', 'met6']
import via M6M7_PR
['via6', 'met6', 'met7']
import via M7M8_PR
['via7', 'met7', 'met8']
import via M8M9_PR
['via8', 'met8', 'met9']
import via M9M10_PR
['via9', 'met9', 'met10']
Parsing macro: serpentine_50px_0
Parsing macro: serpentine_100px_0
Parsing macro: serpentine_150px_0
Parsing macro: serpentine_200px_0
Parsing macro: serpentine_200px_3
Parsing macro: serpentine_300px_0
Parsing macro: serpentine_300px_1
Parsing macro: serpentine_300px_2
Parsing macro: serpentine_300px_3
Parsing macro: diffmix_25px_0
SIZE: [0.76, 0.76]
SIZE: [0.912, 0.912]
SIZE: [1.368, 1.368]
SIZE: [1.824, 1.824]
SIZE: [2.28, 2.28]
SIZE: [2.28, 2.28]
SIZE: [3.192, 3.192]
SIZE: [3.192, 3.192]
SIZE: [3.42, 3.192]
SIZE: [3.192, 3.192]
SIZE: [0.684, 0.684]
Parsing macro: p_serpentine_0_60_30_10
Parsing macro: p_serpentine_1_360_30_24
Parsing macro: p_serpentine_3_360_30_48
SIZE: [3.192, 1.368]
SIZE: [2.736, 0.912]
SIZE: [5.928, 3.192]
SIZE: [11.4, 3.192]
b'connect0'
b'( serp0 out_fluid ) ( mix0 a_fluid )'
b'connect1'
b'( serp1 out_fluid ) ( mix0 b_fluid )'
b'connect2'
b'( serp2 out_fluid ) ( mix1 a_fluid )'
b'connect3'
b'( serp3 out_fluid ) ( mix2 a_fluid )'
b'connect4'
b'( mix1 b_fluid ) ( mix0 out_fluid )'
b'connect5'
b'( mix2 b_fluid ) ( mix1 out_fluid )'
b'out'
b'( PIN out ) ( mix2 out_fluid )'
b'soln1'
b'( PIN soln1 ) ( serp0 in_fluid )'
b'soln2'
b'( PIN soln2 ) ( serp1 in_fluid )'
b'soln3'
b'( PIN soln3 ) ( serp2 in_fluid )'
b'soln4'
b'( PIN soln4 ) ( serp3 in_fluid )'
ROUTE: [[[3.648, 0.23009, 'met6'], [3.648, 3.42, 'met6']], [[3.648, 3.42, 'met7'], [15.276, 3.42, 'met7']], [[15.276, 3.42, 'met6'], [15.276, 6.84, 'met6']], [[15.05009, 6.84, 'met5'], [15.276, 6.84, 'met5']], [[3.648, 3.42, 'met6'], [3.648, 3.42, 'met7']], [[3.648, 0.23009, 'met5'], [3.648, 0.23009, 'met6']], [[15.276, 3.42, 'met6'], [15.276, 3.42, 'met7']], [[15.276, 6.84, 'met5'], [15.276, 6.84, 'met6']], [[15.05009, 6.84, 'met4'], [15.05009, 6.84, 'met5']]]
Component list not passed!!!!
converting route:  connect0 : 
ROUTE: [[[0.456, 6.384, 'met4'], [0.456, 6.612, 'met4']], [[0.228, 6.384, 'met5'], [0.456, 6.384, 'met5']], [[0.228, 6.15809, 'met4'], [0.228, 6.384, 'met4']], [[15.05009, 6.612, 'met5'], [15.276, 6.612, 'met5']], [[0.456, 6.612, 'met3'], [15.276, 6.612, 'met3']], [[0.456, 6.612, 'met3'], [0.456, 6.612, 'met4']], [[0.456, 6.384, 'met4'], [0.456, 6.384, 'met5']], [[0.228, 6.384, 'met4'], [0.228, 6.384, 'met5']], [[0.228, 6.15809, 'met3'], [0.228, 6.15809, 'met4']], [[15.276, 6.612, 'met3'], [15.276, 6.612, 'met4']], [[15.276, 6.612, 'met4'], [15.276, 6.612, 'met5']], [[15.05009, 6.612, 'met4'], [15.05009, 6.612, 'met5']]]
Component list not passed!!!!
converting route:  connect1 : 
ROUTE: [[[11.4, 3.42, 'met3'], [12.312, 3.42, 'met3']], [[11.4, 3.42, 'met5'], [11.62591, 3.42, 'met5']], [[12.312, 3.42, 'met2'], [12.312, 7.52191, 'met2']], [[12.312, 3.42, 'met2'], [12.312, 3.42, 'met3']], [[11.4, 3.42, 'met3'], [11.4, 3.42, 'met4']], [[11.4, 3.42, 'met4'], [11.4, 3.42, 'met5']], [[11.62591, 3.42, 'met4'], [11.62591, 3.42, 'met5']], [[12.312, 7.52191, 'met1'], [12.312, 7.52191, 'met2']]]
Component list not passed!!!!
converting route:  connect2 : 
ROUTE: [[[14.136, 6.84, 'met4'], [14.136, 7.296, 'met4']], [[14.136, 7.296, 'met2'], [14.136, 8.43391, 'met2']], [[14.136, 7.296, 'met2'], [14.136, 7.296, 'met3']], [[14.136, 7.296, 'met3'], [14.136, 7.296, 'met4']], [[14.136, 8.43391, 'met1'], [14.136, 8.43391, 'met2']]]
Component list not passed!!!!
converting route:  connect3 : 
ROUTE: [[[11.628, 7.068, 'met5'], [14.592, 7.068, 'met5']], [[14.592, 6.84, 'met4'], [14.592, 7.068, 'met4']], [[14.592, 6.84, 'met5'], [14.81791, 6.84, 'met5']], [[11.628, 3.648, 'met4'], [11.628, 7.068, 'met4']], [[11.628, 7.068, 'met4'], [11.628, 7.068, 'met5']], [[14.592, 7.068, 'met4'], [14.592, 7.068, 'met5']], [[14.592, 6.84, 'met4'], [14.592, 6.84, 'met5']], [[14.81791, 6.84, 'met4'], [14.81791, 6.84, 'met5']]]
Component list not passed!!!!
converting route:  connect4 : 
ROUTE: [[[11.85809, 3.42, 'met5'], [12.084, 3.42, 'met5']], [[12.084, 3.42, 'met4'], [12.084, 6.612, 'met4']], [[12.084, 6.612, 'met5'], [14.133909999999998, 6.612, 'met5']], [[11.85809, 3.42, 'met4'], [11.85809, 3.42, 'met5']], [[12.084, 3.42, 'met4'], [12.084, 3.42, 'met5']], [[12.084, 6.612, 'met4'], [12.084, 6.612, 'met5']], [[14.133909999999998, 6.612, 'met4'], [14.133909999999998, 6.612, 'met5']]]
Component list not passed!!!!
converting route:  connect5 : 
ROUTE: [[[12.084, 5.7, 'met8'], [12.084, 6.156, 'met8']], [[12.084, 6.156, 'met7'], [13.908, 6.156, 'met7']], [[13.908, 7.068, 'met3'], [14.364, 7.068, 'met3']], [[14.364, 6.84, 'met4'], [14.364, 7.068, 'met4']], [[13.908, 6.156, 'met4'], [13.908, 7.068, 'met4']], [[12.084, 6.156, 'met7'], [12.084, 6.156, 'met8']], [[13.908, 6.156, 'met4'], [13.908, 6.156, 'met5']], [[13.908, 6.156, 'met5'], [13.908, 6.156, 'met6']], [[13.908, 6.156, 'met6'], [13.908, 6.156, 'met7']], [[13.908, 7.068, 'met3'], [13.908, 7.068, 'met4']], [[14.364, 7.068, 'met3'], [14.364, 7.068, 'met4']], [[12.084, 5.7, 'met8'], [12.084, 5.7, 'met9']]]
Component list not passed!!!!
converting route:  out : 
ROUTE: [[[3.192, 0.228, 'met1'], [3.42, 0.228, 'met1']], [[3.42, 0.228, 'met2'], [3.64591, 0.228, 'met2']], [[7.98, 0.228, 'met8'], [7.98, 5.016, 'met8']], [[3.192, 0.228, 'met7'], [7.98, 0.228, 'met7']], [[3.192, 0.228, 'met1'], [3.192, 0.228, 'met2']], [[3.192, 0.228, 'met2'], [3.192, 0.228, 'met3']], [[3.192, 0.228, 'met3'], [3.192, 0.228, 'met4']], [[3.192, 0.228, 'met4'], [3.192, 0.228, 'met5']], [[3.192, 0.228, 'met5'], [3.192, 0.228, 'met6']], [[3.192, 0.228, 'met6'], [3.192, 0.228, 'met7']], [[3.42, 0.228, 'met1'], [3.42, 0.228, 'met2']], [[7.98, 0.228, 'met7'], [7.98, 0.228, 'met8']], [[7.98, 5.016, 'met8'], [7.98, 5.016, 'met9']]]
Component list not passed!!!!
converting route:  soln1 : 
ROUTE: [[[0.456, 6.384, 'met2'], [0.456, 6.612, 'met2']], [[0.228, 6.384, 'met1'], [0.456, 6.384, 'met1']], [[0.228, 6.156, 'met2'], [0.228, 6.384, 'met2']], [[8.664, 5.016, 'met8'], [8.664, 6.612, 'met8']], [[0.456, 6.612, 'met7'], [8.664, 6.612, 'met7']], [[0.456, 6.612, 'met2'], [0.456, 6.612, 'met3']], [[0.456, 6.612, 'met3'], [0.456, 6.612, 'met4']], [[0.456, 6.612, 'met4'], [0.456, 6.612, 'met5']], [[0.456, 6.612, 'met5'], [0.456, 6.612, 'met6']], [[0.456, 6.612, 'met6'], [0.456, 6.612, 'met7']], [[0.456, 6.384, 'met1'], [0.456, 6.384, 'met2']], [[0.228, 6.384, 'met1'], [0.228, 6.384, 'met2']], [[8.664, 6.612, 'met7'], [8.664, 6.612, 'met8']], [[8.664, 5.016, 'met8'], [8.664, 5.016, 'met9']]]
Component list not passed!!!!
converting route:  soln2 : 
ROUTE: [[[9.348, 5.016, 'met8'], [9.348, 5.472, 'met8']], [[9.348, 5.472, 'met7'], [9.576, 5.472, 'met7']], [[9.576, 5.472, 'met2'], [9.576, 6.60991, 'met2']], [[9.348, 5.472, 'met7'], [9.348, 5.472, 'met8']], [[9.576, 5.472, 'met2'], [9.576, 5.472, 'met3']], [[9.576, 5.472, 'met3'], [9.576, 5.472, 'met4']], [[9.576, 5.472, 'met4'], [9.576, 5.472, 'met5']], [[9.576, 5.472, 'met5'], [9.576, 5.472, 'met6']], [[9.576, 5.472, 'met6'], [9.576, 5.472, 'met7']], [[9.576, 6.60991, 'met1'], [9.576, 6.60991, 'met2']], [[9.348, 5.016, 'met8'], [9.348, 5.016, 'met9']]]
Component list not passed!!!!
converting route:  soln3 : 
ROUTE: [[[10.032, 5.016, 'met8'], [10.032, 6.84, 'met8']], [[10.032, 6.84, 'met2'], [10.032, 7.98, 'met2']], [[10.032, 7.98, 'met1'], [11.628, 7.98, 'met1']], [[11.628, 7.98, 'met3'], [11.856, 7.98, 'met3']], [[10.032, 6.84, 'met2'], [10.032, 6.84, 'met3']], [[10.032, 6.84, 'met3'], [10.032, 6.84, 'met4']], [[10.032, 6.84, 'met4'], [10.032, 6.84, 'met5']], [[10.032, 6.84, 'met5'], [10.032, 6.84, 'met6']], [[10.032, 6.84, 'met6'], [10.032, 6.84, 'met7']], [[10.032, 6.84, 'met7'], [10.032, 6.84, 'met8']], [[10.032, 7.98, 'met1'], [10.032, 7.98, 'met2']], [[11.628, 7.98, 'met1'], [11.628, 7.98, 'met2']], [[11.628, 7.98, 'met2'], [11.628, 7.98, 'met3']], [[11.856, 7.98, 'met1'], [11.856, 7.98, 'met2']], [[11.856, 7.98, 'met2'], [11.856, 7.98, 'met3']], [[10.032, 5.016, 'met8'], [10.032, 5.016, 'met9']]]
Component list not passed!!!!
converting route:  soln4 : 
(1.4) pt [0.456, 6.612, 1.35] is in [[0.456, 6.384, 1.35], [0.456, 6.612, 1.35]]
(1.3) pt [0.456, 6.612, 1.35] is in [[0.456, 6.384, 1.35], [0.456, 6.612, 1.35]]
(1.4) pt [0.456, 6.612, 1.1500000000000001] is in [[0.456, 6.612, 1.1500000000000001], [15.276, 6.612, 1.1500000000000001]]
(1.3) pt [0.456, 6.612, 1.1500000000000001] is in [[0.456, 6.612, 1.1500000000000001], [15.276, 6.612, 1.1500000000000001]]
(1.2) pt [0.456, 6.612, 1.1500000000000001] is in [[0.456, 6.612, 1.1500000000000001], [15.276, 6.612, 1.1500000000000001]]
(1.2) pt [0.456, 6.612, 1.35] is in [[0.456, 6.384, 1.35], [0.456, 6.612, 1.35]]
(1.1) pt [0.456, 6.612, 1.1500000000000001] is in [[0.456, 6.612, 1.1500000000000001], [15.276, 6.612, 1.1500000000000001]]
(1.1) pt [0.456, 6.612, 1.35] is in [[0.456, 6.384, 1.35], [0.456, 6.612, 1.35]]
Importing TECH_LEF: ./platforms/h.r.3.3/lef/h.r.3.3.tlef
import via M1M2_PR
['via1', 'met1', 'met2']
import via M2M3_PR
['via2', 'met2', 'met3']
import via M3M4_PR
['via3', 'met3', 'met4']
import via M4M5_PR
['via4', 'met4', 'met5']
import via M5M6_PR
['via5', 'met5', 'met6']
import via M6M7_PR
['via6', 'met6', 'met7']
import via M7M8_PR
['via7', 'met7', 'met8']
import via M8M9_PR
['via8', 'met8', 'met9']
import via M9M10_PR
['via9', 'met9', 'met10']
<generator_class.Nets object at 0x7f787cbdcdf0>
converting route:  connect0 : 
converting route:  connect0 : 
calc len connect0
['']
[[3.648, 0.23009, 1.55], [3.648, 0.23009, 1.75], [3.648, 3.42, 1.75], [3.648, 3.42, 1.95], [15.276, 3.42, 1.95], [15.276, 3.42, 1.75], [15.276, 6.84, 1.75], [15.276, 6.84, 1.55], [15.05009, 6.84, 1.55], [15.05009, 6.84, 1.35]]
Reporting routing graph
converting route:  connect1 : 
converting route:  connect1 : 
calc len connect1
['']
[[0.228, 6.15809, 1.1500000000000001], [0.228, 6.15809, 1.35], [0.228, 6.384, 1.35], [0.228, 6.384, 1.55], [0.456, 6.384, 1.55], [0.456, 6.384, 1.35], [0.456, 6.612, 1.35], [0.456, 6.612, 1.1500000000000001], [15.276, 6.612, 1.1500000000000001], [15.276, 6.612, 1.35], [15.276, 6.612, 1.55], [15.05009, 6.612, 1.55], [15.05009, 6.612, 1.35]]
Reporting routing graph
converting route:  connect2 : 
converting route:  connect2 : 
calc len connect2
['']
[[11.62591, 3.42, 1.35], [11.62591, 3.42, 1.55], [11.4, 3.42, 1.55], [11.4, 3.42, 1.35], [11.4, 3.42, 1.1500000000000001], [12.312, 3.42, 1.1500000000000001], [12.312, 3.42, 0.9500000000000001], [12.312, 7.52191, 0.9500000000000001], [12.312, 7.52191, 0.75]]
Reporting routing graph
converting route:  connect3 : 
converting route:  connect3 : 
calc len connect3
['']
[[14.136, 6.84, 1.35], [14.136, 7.296, 1.35], [14.136, 7.296, 1.1500000000000001], [14.136, 7.296, 0.9500000000000001], [14.136, 8.43391, 0.9500000000000001], [14.136, 8.43391, 0.75]]
Reporting routing graph
converting route:  connect4 : 
converting route:  connect4 : 
calc len connect4
['']
[[11.628, 3.648, 1.35], [11.628, 7.068, 1.35], [11.628, 7.068, 1.55], [14.592, 7.068, 1.55], [14.592, 7.068, 1.35], [14.592, 6.84, 1.35], [14.592, 6.84, 1.55], [14.81791, 6.84, 1.55], [14.81791, 6.84, 1.35]]
Reporting routing graph
converting route:  connect5 : 
converting route:  connect5 : 
calc len connect5
['']
[[11.85809, 3.42, 1.35], [11.85809, 3.42, 1.55], [12.084, 3.42, 1.55], [12.084, 3.42, 1.35], [12.084, 6.612, 1.35], [12.084, 6.612, 1.55], [14.133909999999998, 6.612, 1.55], [14.133909999999998, 6.612, 1.35]]
Reporting routing graph
converting route:  out : 
converting route:  out : 
calc len out
['']
[[12.084, 5.7, 2.35], [12.084, 5.7, 2.15], [12.084, 6.156, 2.15], [12.084, 6.156, 1.95], [13.908, 6.156, 1.95], [13.908, 6.156, 1.75], [13.908, 6.156, 1.55], [13.908, 6.156, 1.35], [13.908, 7.068, 1.35], [13.908, 7.068, 1.1500000000000001], [14.364, 7.068, 1.1500000000000001], [14.364, 7.068, 1.35], [14.364, 6.84, 1.35]]
Reporting routing graph
converting route:  soln1 : 
converting route:  soln1 : 
calc len soln1
['']
[[7.98, 5.016, 2.35], [7.98, 5.016, 2.15], [7.98, 0.228, 2.15], [7.98, 0.228, 1.95], [3.192, 0.228, 1.95], [3.192, 0.228, 1.75], [3.192, 0.228, 1.55], [3.192, 0.228, 1.35], [3.192, 0.228, 1.1500000000000001], [3.192, 0.228, 0.9500000000000001], [3.192, 0.228, 0.75], [3.42, 0.228, 0.75], [3.42, 0.228, 0.9500000000000001], [3.64591, 0.228, 0.9500000000000001]]
Reporting routing graph
converting route:  soln2 : 
converting route:  soln2 : 
calc len soln2
['']
[[0.228, 6.156, 0.9500000000000001], [0.228, 6.384, 0.9500000000000001], [0.228, 6.384, 0.75], [0.456, 6.384, 0.75], [0.456, 6.384, 0.9500000000000001], [0.456, 6.612, 0.9500000000000001], [0.456, 6.612, 1.1500000000000001], [0.456, 6.612, 1.35], [0.456, 6.612, 1.55], [0.456, 6.612, 1.75], [0.456, 6.612, 1.95], [8.664, 6.612, 1.95], [8.664, 6.612, 2.15], [8.664, 5.016, 2.15], [8.664, 5.016, 2.35]]
Reporting routing graph
converting route:  soln3 : 
converting route:  soln3 : 
calc len soln3
['']
[[9.348, 5.016, 2.35], [9.348, 5.016, 2.15], [9.348, 5.472, 2.15], [9.348, 5.472, 1.95], [9.576, 5.472, 1.95], [9.576, 5.472, 1.75], [9.576, 5.472, 1.55], [9.576, 5.472, 1.35], [9.576, 5.472, 1.1500000000000001], [9.576, 5.472, 0.9500000000000001], [9.576, 6.60991, 0.9500000000000001], [9.576, 6.60991, 0.75]]
Reporting routing graph
converting route:  soln4 : 
converting route:  soln4 : 
calc len soln4
['']
[[10.032, 5.016, 2.35], [10.032, 5.016, 2.15], [10.032, 6.84, 2.15], [10.032, 6.84, 1.95], [10.032, 6.84, 1.75], [10.032, 6.84, 1.55], [10.032, 6.84, 1.35], [10.032, 6.84, 1.1500000000000001], [10.032, 6.84, 0.9500000000000001], [10.032, 7.98, 0.9500000000000001], [10.032, 7.98, 0.75], [11.628, 7.98, 0.75], [11.628, 7.98, 0.9500000000000001], [11.628, 7.98, 1.1500000000000001], [11.856, 7.98, 1.1500000000000001], [11.856, 7.98, 0.9500000000000001], [11.856, 7.98, 0.75]]
Reporting routing graph
<generator_class.Nets object at 0x7f787cbdc370>
converting route:  connect0 : 
converting route:  connect0 : 
Reporting routing graph
converting route:  connect1 : 
converting route:  connect1 : 
Reporting routing graph
converting route:  connect2 : 
converting route:  connect2 : 
Reporting routing graph
converting route:  connect3 : 
converting route:  connect3 : 
Reporting routing graph
converting route:  connect4 : 
converting route:  connect4 : 
Reporting routing graph
converting route:  connect5 : 
converting route:  connect5 : 
Reporting routing graph
converting route:  out : 
converting route:  out : 
Reporting routing graph
converting route:  soln1 : 
converting route:  soln1 : 
Reporting routing graph
converting route:  soln2 : 
converting route:  soln2 : 
Reporting routing graph
converting route:  soln3 : 
converting route:  soln3 : 
Reporting routing graph
converting route:  soln4 : 
converting route:  soln4 : 
Reporting routing graph
<generator_class.Nets object at 0x7f787cbdc490>
converting route:  connect0 : 
converting route:  connect0 : 
Reporting routing graph
converting route:  connect1 : 
converting route:  connect1 : 
Reporting routing graph
converting route:  connect2 : 
converting route:  connect2 : 
Reporting routing graph
converting route:  connect3 : 
converting route:  connect3 : 
Reporting routing graph
converting route:  connect4 : 
converting route:  connect4 : 
Reporting routing graph
converting route:  connect5 : 
converting route:  connect5 : 
Reporting routing graph
converting route:  out : 
converting route:  out : 
Reporting routing graph
converting route:  soln1 : 
converting route:  soln1 : 
Reporting routing graph
converting route:  soln2 : 
converting route:  soln2 : 
Reporting routing graph
converting route:  soln3 : 
converting route:  soln3 : 
Reporting routing graph
converting route:  soln4 : 
converting route:  soln4 : 
Reporting routing graph
<generator_class.Nets object at 0x7f787cbdc3a0>
converting route:  connect0 : 
converting route:  connect0 : 
Reporting routing graph
converting route:  connect1 : 
converting route:  connect1 : 
Reporting routing graph
converting route:  connect2 : 
converting route:  connect2 : 
Reporting routing graph
converting route:  connect3 : 
converting route:  connect3 : 
Reporting routing graph
converting route:  connect4 : 
converting route:  connect4 : 
Reporting routing graph
converting route:  connect5 : 
converting route:  connect5 : 
Reporting routing graph
converting route:  out : 
converting route:  out : 
Reporting routing graph
converting route:  soln1 : 
converting route:  soln1 : 
Reporting routing graph
converting route:  soln2 : 
converting route:  soln2 : 
Reporting routing graph
converting route:  soln3 : 
converting route:  soln3 : 
Reporting routing graph
converting route:  soln4 : 
converting route:  soln4 : 
Reporting routing graph
<generator_class.Nets object at 0x7f787cc41f40>
converting route:  connect0 : 
converting route:  connect0 : 
Reporting routing graph
converting route:  connect1 : 
converting route:  connect1 : 
Reporting routing graph
converting route:  connect2 : 
converting route:  connect2 : 
Reporting routing graph
converting route:  connect3 : 
converting route:  connect3 : 
Reporting routing graph
converting route:  connect4 : 
converting route:  connect4 : 
Reporting routing graph
converting route:  connect5 : 
converting route:  connect5 : 
Reporting routing graph
converting route:  out : 
converting route:  out : 
Reporting routing graph
converting route:  soln1 : 
converting route:  soln1 : 
Reporting routing graph
converting route:  soln2 : 
converting route:  soln2 : 
Reporting routing graph
converting route:  soln3 : 
converting route:  soln3 : 
Reporting routing graph
converting route:  soln4 : 
converting route:  soln4 : 
Reporting routing graph
<generator_class.Nets object at 0x7f787cc1ef70>
converting route:  connect0 : 
converting route:  connect0 : 
Reporting routing graph
converting route:  connect1 : 
converting route:  connect1 : 
Reporting routing graph
converting route:  connect2 : 
converting route:  connect2 : 
Reporting routing graph
converting route:  connect3 : 
converting route:  connect3 : 
Reporting routing graph
converting route:  connect4 : 
converting route:  connect4 : 
Reporting routing graph
converting route:  connect5 : 
converting route:  connect5 : 
Reporting routing graph
converting route:  out : 
converting route:  out : 
Reporting routing graph
converting route:  soln1 : 
converting route:  soln1 : 
Reporting routing graph
converting route:  soln2 : 
converting route:  soln2 : 
Reporting routing graph
converting route:  soln3 : 
converting route:  soln3 : 
Reporting routing graph
converting route:  soln4 : 
converting route:  soln4 : 
Reporting routing graph
<generator_class.Nets object at 0x7f787cc1ed30>
converting route:  connect0 : 
converting route:  connect0 : 
Reporting routing graph
converting route:  connect1 : 
converting route:  connect1 : 
Reporting routing graph
converting route:  connect2 : 
converting route:  connect2 : 
Reporting routing graph
converting route:  connect3 : 
converting route:  connect3 : 
Reporting routing graph
converting route:  connect4 : 
converting route:  connect4 : 
Reporting routing graph
converting route:  connect5 : 
converting route:  connect5 : 
Reporting routing graph
converting route:  out : 
converting route:  out : 
Reporting routing graph
converting route:  soln1 : 
converting route:  soln1 : 
Reporting routing graph
converting route:  soln2 : 
converting route:  soln2 : 
Reporting routing graph
converting route:  soln3 : 
converting route:  soln3 : 
Reporting routing graph
converting route:  soln4 : 
converting route:  soln4 : 
Reporting routing graph
<generator_class.Nets object at 0x7f787cc1e310>
converting route:  connect0 : 
converting route:  connect0 : 
Reporting routing graph
converting route:  connect1 : 
converting route:  connect1 : 
Reporting routing graph
converting route:  connect2 : 
converting route:  connect2 : 
Reporting routing graph
converting route:  connect3 : 
converting route:  connect3 : 
Reporting routing graph
converting route:  connect4 : 
converting route:  connect4 : 
Reporting routing graph
converting route:  connect5 : 
converting route:  connect5 : 
Reporting routing graph
converting route:  out : 
converting route:  out : 
Reporting routing graph
converting route:  soln1 : 
converting route:  soln1 : 
Reporting routing graph
converting route:  soln2 : 
converting route:  soln2 : 
Reporting routing graph
converting route:  soln3 : 
converting route:  soln3 : 
Reporting routing graph
converting route:  soln4 : 
converting route:  soln4 : 
Reporting routing graph
<generator_class.Nets object at 0x7f787cc1e9a0>
converting route:  connect0 : 
converting route:  connect0 : 
Reporting routing graph
converting route:  connect1 : 
converting route:  connect1 : 
Reporting routing graph
converting route:  connect2 : 
converting route:  connect2 : 
Reporting routing graph
converting route:  connect3 : 
converting route:  connect3 : 
Reporting routing graph
converting route:  connect4 : 
converting route:  connect4 : 
Reporting routing graph
converting route:  connect5 : 
converting route:  connect5 : 
Reporting routing graph
converting route:  out : 
converting route:  out : 
Reporting routing graph
converting route:  soln1 : 
converting route:  soln1 : 
Reporting routing graph
converting route:  soln2 : 
converting route:  soln2 : 
Reporting routing graph
converting route:  soln3 : 
converting route:  soln3 : 
Reporting routing graph
converting route:  soln4 : 
converting route:  soln4 : 
Reporting routing graph
<generator_class.Nets object at 0x7f787cc1eeb0>
converting route:  connect0 : 
converting route:  connect0 : 
Reporting routing graph
converting route:  connect1 : 
converting route:  connect1 : 
Reporting routing graph
converting route:  connect2 : 
converting route:  connect2 : 
Reporting routing graph
converting route:  connect3 : 
converting route:  connect3 : 
Reporting routing graph
converting route:  connect4 : 
converting route:  connect4 : 
Reporting routing graph
converting route:  connect5 : 
converting route:  connect5 : 
Reporting routing graph
converting route:  out : 
converting route:  out : 
Reporting routing graph
converting route:  soln1 : 
converting route:  soln1 : 
Reporting routing graph
converting route:  soln2 : 
converting route:  soln2 : 
Reporting routing graph
converting route:  soln3 : 
converting route:  soln3 : 
Reporting routing graph
converting route:  soln4 : 
converting route:  soln4 : 
Reporting routing graph
<generator_class.Nets object at 0x7f787cc1ee80>
converting route:  connect0 : 
converting route:  connect0 : 
Reporting routing graph
converting route:  connect1 : 
converting route:  connect1 : 
Reporting routing graph
converting route:  connect2 : 
converting route:  connect2 : 
Reporting routing graph
converting route:  connect3 : 
converting route:  connect3 : 
Reporting routing graph
converting route:  connect4 : 
converting route:  connect4 : 
Reporting routing graph
converting route:  connect5 : 
converting route:  connect5 : 
Reporting routing graph
converting route:  out : 
converting route:  out : 
Reporting routing graph
converting route:  soln1 : 
converting route:  soln1 : 
Reporting routing graph
converting route:  soln2 : 
converting route:  soln2 : 
Reporting routing graph
converting route:  soln3 : 
converting route:  soln3 : 
Reporting routing graph
converting route:  soln4 : 
converting route:  soln4 : 
Reporting routing graph

    --------------------------------
          OpenSCAD complete
    --------------------------------
    
	Command being timed: "python3 ../tools/scad_render/generator_v2.py --component_file ./platforms/h.r.3.3/pdk/scad_lib/h.r.3.3_merged.scad --routing_file ./platforms/h.r.3.3/scad/routing.scad --scad_include ./platforms/h.r.3.3/pdk/scad_include/polychannel_v2.scad ./platforms/h.r.3.3/pdk/scad_include/lef_scad_config.scad ./platforms/h.r.3.3/pdk/scad_include/lef_helper.scad --lef_file ./platforms/h.r.3.3/lef/h.r.3.3_merged.lef ./results/salicylic_acid/base/h.r.3.3_salicylic_acid_pcells.lef --tlef_file ./platforms/h.r.3.3/lef/h.r.3.3.tlef --platform h.r.3.3 --px 0.0076 --layer 0.01 --bottom_layer 75 --lpv 20 --xbulk 2550 --ybulk 1600 --zbulk 230 --xchip 325 2225 --ychip 325 1275 --pitch 30 --res 120 --dimm_file  --pcell ./results/salicylic_acid/base/pcell_out_scad --def_file results/salicylic_acid/base/3_route_1.def --design salicylic_acid --length_out ./results/salicylic_acid/base/7_salicylic_acid_length.csv --route_map_out ./results/salicylic_acid/base/7_salicylic_acid_route_nets.json --scad_out_file ./results/salicylic_acid/base/salicylic_acid_reroute.scad --results_dir ./results/salicylic_acid/base"
	User time (seconds): 3.47
	System time (seconds): 3.43
	Percent of CPU this job got: 284%
	Elapsed (wall clock) time (h:mm:ss or m:ss): 0:02.43
	Average shared text size (kbytes): 0
	Average unshared data size (kbytes): 0
	Average stack size (kbytes): 0
	Average total size (kbytes): 0
	Maximum resident set size (kbytes): 78120
	Average resident set size (kbytes): 0
	Major (requiring I/O) page faults: 0
	Minor (reclaiming a frame) page faults: 13712
	Voluntary context switches: 1388
	Involuntary context switches: 50984
	Swaps: 0
	File system inputs: 0
	File system outputs: 3968
	Socket messages sent: 0
	Socket messages received: 0
	Signals delivered: 0
	Page size (bytes): 4096
	Exit status: 0
