
    --------------------------------
          OpenSCAD generation
    --------------------------------
    
Starting writing @ ./results/albumin/base/albumin.scad
pcell dict:  {'p_serpentine_0_60_30_6': {'pcell': 'p_serpentine_0', 'params': 'L1=60 L2=30 turns=6'}, 'p_serpentine_1_360_30_19': {'pcell': 'p_serpentine_1', 'params': 'L1=360 L2=30 turns=19'}, 'p_serpentine_3_360_30_50': {'pcell': 'p_serpentine_3', 'params': 'L1=360 L2=30 turns=50'}, 'p_serpentine_3_360_30_28': {'pcell': 'p_serpentine_3', 'params': 'L1=360 L2=30 turns=28'}}
Importing TECH_LEF: ./platforms/h.r.3.3/lef/h.r.3.3.tlef
import via M1M2_PR
['via1', 'met1', 'met2']
import via M2M3_PR
['via2', 'met2', 'met3']
import via M3M4_PR
['via3', 'met3', 'met4']
import via M4M5_PR
['via4', 'met4', 'met5']
import via M5M6_PR
['via5', 'met5', 'met6']
import via M6M7_PR
['via6', 'met6', 'met7']
import via M7M8_PR
['via7', 'met7', 'met8']
import via M8M9_PR
['via8', 'met8', 'met9']
import via M9M10_PR
['via9', 'met9', 'met10']
Parsing macro: serpentine_50px_0
Parsing macro: serpentine_100px_0
Parsing macro: serpentine_150px_0
Parsing macro: serpentine_200px_0
Parsing macro: serpentine_200px_3
Parsing macro: serpentine_300px_0
Parsing macro: serpentine_300px_1
Parsing macro: serpentine_300px_2
Parsing macro: serpentine_300px_3
Parsing macro: diffmix_25px_0
SIZE: [0.76, 0.76]
SIZE: [0.912, 0.912]
SIZE: [1.368, 1.368]
SIZE: [1.824, 1.824]
SIZE: [2.28, 2.28]
SIZE: [2.28, 2.28]
SIZE: [3.192, 3.192]
SIZE: [3.192, 3.192]
SIZE: [3.42, 3.192]
SIZE: [3.192, 3.192]
SIZE: [0.684, 0.684]
b'connect4'
b'( mix1 b_fluid ) ( mix0 out_fluid )'
b'connect5'
b'( mix2 b_fluid ) ( mix1 out_fluid )'
b'out'
b'( PIN out ) ( mix2 out_fluid )'
ROUTE: [[[11.630090000000001, 6.84, 'met5'], [11.856, 6.84, 'met5']], [[11.856, 6.612, 'met4'], [11.856, 6.84, 'met4']], [[11.856, 6.612, 'met5'], [12.081909999999999, 6.612, 'met5']], [[11.630090000000001, 6.84, 'met4'], [11.630090000000001, 6.84, 'met5']], [[11.856, 6.84, 'met4'], [11.856, 6.84, 'met5']], [[11.856, 6.612, 'met4'], [11.856, 6.612, 'met5']], [[12.081909999999999, 6.612, 'met4'], [12.081909999999999, 6.612, 'met5']]]
Component list not passed!!!!
converting route:  connect4 : 
ROUTE: [[[12.31409, 6.84, 'met5'], [12.54, 6.84, 'met5']], [[12.54, 6.384, 'met6'], [12.54, 6.84, 'met6']], [[12.54, 6.384, 'met5'], [12.996, 6.384, 'met5']], [[12.996, 6.384, 'met4'], [12.996, 6.612, 'met4']], [[12.31409, 6.84, 'met4'], [12.31409, 6.84, 'met5']], [[12.54, 6.84, 'met5'], [12.54, 6.84, 'met6']], [[12.54, 6.384, 'met5'], [12.54, 6.384, 'met6']], [[12.996, 6.384, 'met4'], [12.996, 6.384, 'met5']]]
Component list not passed!!!!
converting route:  connect5 : 
ROUTE: [[[12.084, 5.7, 'met8'], [12.084, 6.612, 'met8']], [[12.084, 6.612, 'met7'], [12.54, 6.612, 'met7']], [[12.54, 6.612, 'met5'], [12.76591, 6.612, 'met5']], [[12.76591, 6.612, 'met4'], [12.76591, 6.84, 'met4']], [[12.084, 6.612, 'met7'], [12.084, 6.612, 'met8']], [[12.54, 6.612, 'met5'], [12.54, 6.612, 'met6']], [[12.54, 6.612, 'met6'], [12.54, 6.612, 'met7']], [[12.76591, 6.612, 'met4'], [12.76591, 6.612, 'met5']], [[12.084, 5.7, 'met8'], [12.084, 5.7, 'met9']]]
Component list not passed!!!!
converting route:  out : 
(1.4) pt [12.54, 6.612, 1.75] is in [[12.54, 6.84, 1.75], [12.54, 6.384, 1.75]]
(1.3) pt [12.54, 6.612, 1.75] is in [[12.54, 6.84, 1.75], [12.54, 6.384, 1.75]]
(1.2) pt [12.54, 6.612, 1.75] is in [[12.54, 6.84, 1.75], [12.54, 6.384, 1.75]]
(1.1) pt [12.54, 6.612, 1.75] is in [[12.54, 6.84, 1.75], [12.54, 6.384, 1.75]]
Importing TECH_LEF: ./platforms/h.r.3.3/lef/h.r.3.3.tlef
import via M1M2_PR
['via1', 'met1', 'met2']
import via M2M3_PR
['via2', 'met2', 'met3']
import via M3M4_PR
['via3', 'met3', 'met4']
import via M4M5_PR
['via4', 'met4', 'met5']
import via M5M6_PR
['via5', 'met5', 'met6']
import via M6M7_PR
['via6', 'met6', 'met7']
import via M7M8_PR
['via7', 'met7', 'met8']
import via M8M9_PR
['via8', 'met8', 'met9']
import via M9M10_PR
['via9', 'met9', 'met10']
<generator_class.Nets object at 0x7fdc6b8eb340>
converting route:  connect4 : 
converting route:  connect4 : 
calc len connect4
['']
[[11.630090000000001, 6.84, 1.35], [11.630090000000001, 6.84, 1.55], [11.856, 6.84, 1.55], [11.856, 6.84, 1.35], [11.856, 6.612, 1.35], [11.856, 6.612, 1.55], [12.081909999999999, 6.612, 1.55], [12.081909999999999, 6.612, 1.35]]
Reporting routing graph
converting route:  connect5 : 
converting route:  connect5 : 
calc len connect5
['']
[[12.31409, 6.84, 1.35], [12.31409, 6.84, 1.55], [12.54, 6.84, 1.55], [12.54, 6.84, 1.75], [12.54, 6.384, 1.75], [12.54, 6.384, 1.55], [12.996, 6.384, 1.55], [12.996, 6.384, 1.35], [12.996, 6.612, 1.35]]
Reporting routing graph
converting route:  out : 
converting route:  out : 
calc len out
['']
[[12.084, 5.7, 2.35], [12.084, 5.7, 2.15], [12.084, 6.612, 2.15], [12.084, 6.612, 1.95], [12.54, 6.612, 1.95], [12.54, 6.612, 1.75], [12.54, 6.612, 1.55], [12.76591, 6.612, 1.55], [12.76591, 6.612, 1.35], [12.76591, 6.84, 1.35]]
Reporting routing graph
<generator_class.Nets object at 0x7fdc6b8eb370>
converting route:  connect4 : 
converting route:  connect4 : 
Reporting routing graph
converting route:  connect5 : 
converting route:  connect5 : 
Reporting routing graph
converting route:  out : 
converting route:  out : 
Reporting routing graph
<generator_class.Nets object at 0x7fdc6b8eb0d0>
converting route:  connect4 : 
converting route:  connect4 : 
Reporting routing graph
converting route:  connect5 : 
converting route:  connect5 : 
Reporting routing graph
converting route:  out : 
converting route:  out : 
Reporting routing graph

    --------------------------------
          OpenSCAD complete
    --------------------------------
    
	Command being timed: "python3 ../tools/scad_render/generator_v2.py --component_file ./platforms/h.r.3.3/pdk/scad_lib/h.r.3.3_merged.scad --routing_file ./platforms/h.r.3.3/scad/routing.scad --scad_include ./platforms/h.r.3.3/pdk/scad_include/polychannel_v2.scad ./platforms/h.r.3.3/pdk/scad_include/lef_scad_config.scad ./platforms/h.r.3.3/pdk/scad_include/lef_helper.scad --lef_file ./platforms/h.r.3.3/lef/h.r.3.3_merged.lef --tlef_file ./platforms/h.r.3.3/lef/h.r.3.3.tlef --platform h.r.3.3 --px 0.0076 --layer 0.01 --bottom_layer 75 --lpv 20 --xbulk 2550 --ybulk 1600 --zbulk 230 --xchip 325 2225 --ychip 325 1275 --pitch 30 --res 120 --dimm_file  --pcell ./results/albumin/base/pcell_out_scad --pcell ./results/albumin/base/pcell_out_scad --def_file results/albumin/base/4_final.def --design albumin --scad_out_file ./results/albumin/base/albumin_base.scad --scad_include ./platforms/h.r.3.3/pdk/scad_lib/polychannel_v2.scad ./platforms/h.r.3.3/pdk/scad_lib/lef_helper.scad ./platforms/h.r.3.3/pdk/scad_lib/lef_scad_config.scad ./platforms/h.r.3.3/pdk/scad_lib/polychannel_v2.scad ./platforms/h.r.3.3/pdk/scad_lib/lef_helper.scad ./platforms/h.r.3.3/pdk/scad_lib/lef_scad_config.scad --results_dir ./results/albumin/base"
	User time (seconds): 3.37
	System time (seconds): 3.53
	Percent of CPU this job got: 178%
	Elapsed (wall clock) time (h:mm:ss or m:ss): 0:03.88
	Average shared text size (kbytes): 0
	Average unshared data size (kbytes): 0
	Average stack size (kbytes): 0
	Average total size (kbytes): 0
	Maximum resident set size (kbytes): 75260
	Average resident set size (kbytes): 0
	Major (requiring I/O) page faults: 0
	Minor (reclaiming a frame) page faults: 13640
	Voluntary context switches: 2174
	Involuntary context switches: 36261
	Swaps: 0
	File system inputs: 0
	File system outputs: 3568
	Socket messages sent: 0
	Socket messages received: 0
	Signals delivered: 0
	Page size (bytes): 4096
	Exit status: 0
