
    --------------------------------
          OpenSCAD generation
    --------------------------------
    
Starting writing @ ./results/caffeine/base/caffeine.scad
pcell dict:  {'p_serpentine_0_30_30_1': {'pcell': 'p_serpentine_0', 'params': 'L1=30 L2=30 turns=1'}, 'p_serpentine_0_30_30_10': {'pcell': 'p_serpentine_0', 'params': 'L1=30 L2=30 turns=10'}, 'p_serpentine_3_360_30_30': {'pcell': 'p_serpentine_3', 'params': 'L1=360 L2=30 turns=30'}}
Importing TECH_LEF: ./platforms/h.r.3.3/lef/h.r.3.3.tlef
import via M1M2_PR
['via1', 'met1', 'met2']
import via M2M3_PR
['via2', 'met2', 'met3']
import via M3M4_PR
['via3', 'met3', 'met4']
import via M4M5_PR
['via4', 'met4', 'met5']
import via M5M6_PR
['via5', 'met5', 'met6']
import via M6M7_PR
['via6', 'met6', 'met7']
import via M7M8_PR
['via7', 'met7', 'met8']
import via M8M9_PR
['via8', 'met8', 'met9']
import via M9M10_PR
['via9', 'met9', 'met10']
Parsing macro: serpentine_50px_0
Parsing macro: serpentine_100px_0
Parsing macro: serpentine_150px_0
Parsing macro: serpentine_200px_0
Parsing macro: serpentine_200px_3
Parsing macro: serpentine_300px_0
Parsing macro: serpentine_300px_1
Parsing macro: serpentine_300px_2
Parsing macro: serpentine_300px_3
Parsing macro: diffmix_25px_0
Parsing macro: p_serpentine_0_30_30_10
Parsing macro: p_serpentine_3_360_30_30
b'connect0'
b'( serp0 out_fluid ) ( mix0 a_fluid )'
b'connect1'
b'( serp1 out_fluid ) ( mix0 b_fluid )'
b'connect2'
b'( serp2 out_fluid ) ( mix1 a_fluid )'
b'connect3'
b'( mix1 b_fluid ) ( mix0 out_fluid )'
b'out'
b'( PIN out ) ( mix1 out_fluid )'
b'soln1'
b'( PIN soln1 ) ( serp0 in_fluid )'
b'soln2'
b'( PIN soln2 ) ( serp1 in_fluid )'
b'soln3'
b'( PIN soln3 ) ( serp2 in_fluid )'
ROUTE: [[[10.032, 3.192, 'met4'], [10.032, 3.42, 'met4']], [[7.752, 3.192, 'met5'], [10.032, 3.192, 'met5']], [[7.752, 3.192, 'met4'], [7.752, 3.42, 'met4']], [[0.456, 3.42, 'met5'], [7.752, 3.42, 'met5']], [[0.456, 0.23009, 'met6'], [0.456, 3.42, 'met6']], [[10.032, 3.192, 'met4'], [10.032, 3.192, 'met5']], [[7.752, 3.192, 'met4'], [7.752, 3.192, 'met5']], [[7.752, 3.42, 'met4'], [7.752, 3.42, 'met5']], [[0.456, 3.42, 'met5'], [0.456, 3.42, 'met6']], [[0.456, 0.23009, 'met5'], [0.456, 0.23009, 'met6']]]
Component list not passed!!!!
converting route:  connect0 : 
ROUTE: [[[10.03409, 3.648, 'met5'], [10.257909999999999, 3.648, 'met5']], [[10.257909999999999, 3.648, 'met3'], [10.488, 3.648, 'met3']], [[10.03409, 3.648, 'met4'], [10.03409, 3.648, 'met5']], [[10.257909999999999, 3.648, 'met3'], [10.257909999999999, 3.648, 'met4']], [[10.257909999999999, 3.648, 'met4'], [10.257909999999999, 3.648, 'met5']], [[10.488, 3.648, 'met1'], [10.488, 3.648, 'met2']], [[10.488, 3.648, 'met2'], [10.488, 3.648, 'met3']]]
Component list not passed!!!!
converting route:  connect1 : 
ROUTE: [[[9.806090000000001, 6.84, 'met5'], [10.02991, 6.84, 'met5']], [[9.806090000000001, 6.84, 'met3'], [10.716, 6.84, 'met3']], [[10.02991, 6.84, 'met4'], [10.02991, 6.84, 'met5']], [[9.806090000000001, 6.84, 'met3'], [9.806090000000001, 6.84, 'met4']], [[9.806090000000001, 6.84, 'met4'], [9.806090000000001, 6.84, 'met5']], [[10.716, 6.84, 'met1'], [10.716, 6.84, 'met2']], [[10.716, 6.84, 'met2'], [10.716, 6.84, 'met3']]]
Component list not passed!!!!
converting route:  connect2 : 
ROUTE: [[[9.576, 3.42, 'met5'], [9.80191, 3.42, 'met5']], [[9.576, 3.42, 'met2'], [9.576, 6.612, 'met2']], [[9.576, 6.612, 'met5'], [10.02991, 6.612, 'met5']], [[9.80191, 3.42, 'met4'], [9.80191, 3.42, 'met5']], [[9.576, 3.42, 'met2'], [9.576, 3.42, 'met3']], [[9.576, 3.42, 'met3'], [9.576, 3.42, 'met4']], [[9.576, 3.42, 'met4'], [9.576, 3.42, 'met5']], [[9.576, 6.612, 'met2'], [9.576, 6.612, 'met3']], [[9.576, 6.612, 'met3'], [9.576, 6.612, 'met4']], [[9.576, 6.612, 'met4'], [9.576, 6.612, 'met5']], [[10.02991, 6.612, 'met4'], [10.02991, 6.612, 'met5']]]
Component list not passed!!!!
converting route:  connect3 : 
ROUTE: [[[12.084, 5.7, 'met8'], [12.084, 6.84, 'met8']], [[10.26209, 6.84, 'met5'], [12.084, 6.84, 'met5']], [[12.084, 6.84, 'met5'], [12.084, 6.84, 'met6']], [[12.084, 6.84, 'met6'], [12.084, 6.84, 'met7']], [[12.084, 6.84, 'met7'], [12.084, 6.84, 'met8']], [[10.26209, 6.84, 'met4'], [10.26209, 6.84, 'met5']], [[12.084, 5.7, 'met8'], [12.084, 5.7, 'met9']]]
Component list not passed!!!!
converting route:  out : 
ROUTE: [[[7.98, 3.42, 'met8'], [7.98, 5.016, 'met8']], [[0.228, 3.42, 'met3'], [7.98, 3.42, 'met3']], [[0.228, 0.228, 'met2'], [0.228, 3.42, 'met2']], [[0.228, 0.228, 'met2'], [0.45391000000000004, 0.228, 'met2']], [[7.98, 3.42, 'met3'], [7.98, 3.42, 'met4']], [[7.98, 3.42, 'met4'], [7.98, 3.42, 'met5']], [[7.98, 3.42, 'met5'], [7.98, 3.42, 'met6']], [[7.98, 3.42, 'met6'], [7.98, 3.42, 'met7']], [[7.98, 3.42, 'met7'], [7.98, 3.42, 'met8']], [[0.228, 3.42, 'met2'], [0.228, 3.42, 'met3']], [[7.98, 5.016, 'met8'], [7.98, 5.016, 'met9']]]
Component list not passed!!!!
converting route:  soln1 : 
ROUTE: [[[8.664, 4.56, 'met8'], [8.664, 5.016, 'met8']], [[8.664, 4.56, 'met5'], [10.716, 4.56, 'met5']], [[10.716, 3.6500899999999996, 'met2'], [10.716, 4.56, 'met2']], [[8.664, 4.56, 'met5'], [8.664, 4.56, 'met6']], [[8.664, 4.56, 'met6'], [8.664, 4.56, 'met7']], [[8.664, 4.56, 'met7'], [8.664, 4.56, 'met8']], [[10.716, 4.56, 'met2'], [10.716, 4.56, 'met3']], [[10.716, 4.56, 'met3'], [10.716, 4.56, 'met4']], [[10.716, 4.56, 'met4'], [10.716, 4.56, 'met5']], [[10.716, 3.6500899999999996, 'met1'], [10.716, 3.6500899999999996, 'met2']], [[8.664, 5.016, 'met8'], [8.664, 5.016, 'met9']]]
Component list not passed!!!!
converting route:  soln2 : 
ROUTE: [[[9.348, 5.016, 'met8'], [9.348, 5.472, 'met8']], [[9.348, 5.472, 'met5'], [12.996, 5.472, 'met5']], [[12.996, 5.472, 'met2'], [12.996, 6.60991, 'met2']], [[9.348, 5.472, 'met5'], [9.348, 5.472, 'met6']], [[9.348, 5.472, 'met6'], [9.348, 5.472, 'met7']], [[9.348, 5.472, 'met7'], [9.348, 5.472, 'met8']], [[12.996, 5.472, 'met2'], [12.996, 5.472, 'met3']], [[12.996, 5.472, 'met3'], [12.996, 5.472, 'met4']], [[12.996, 5.472, 'met4'], [12.996, 5.472, 'met5']], [[12.996, 6.60991, 'met1'], [12.996, 6.60991, 'met2']], [[9.348, 5.016, 'met8'], [9.348, 5.016, 'met9']]]
Component list not passed!!!!
converting route:  soln3 : 
Importing TECH_LEF: ./platforms/h.r.3.3/lef/h.r.3.3.tlef
import via M1M2_PR
['via1', 'met1', 'met2']
import via M2M3_PR
['via2', 'met2', 'met3']
import via M3M4_PR
['via3', 'met3', 'met4']
import via M4M5_PR
['via4', 'met4', 'met5']
import via M5M6_PR
['via5', 'met5', 'met6']
import via M6M7_PR
['via6', 'met6', 'met7']
import via M7M8_PR
['via7', 'met7', 'met8']
import via M8M9_PR
['via8', 'met8', 'met9']
import via M9M10_PR
['via9', 'met9', 'met10']
<generator_class.Nets object at 0x7f8960ea3070>
converting route:  connect0 : 
converting route:  connect0 : 
calc len connect0
['']
[[0.456, 0.23009, 1.55], [0.456, 0.23009, 1.75], [0.456, 3.42, 1.75], [0.456, 3.42, 1.55], [7.752, 3.42, 1.55], [7.752, 3.42, 1.35], [7.752, 3.192, 1.35], [7.752, 3.192, 1.55], [10.032, 3.192, 1.55], [10.032, 3.192, 1.35], [10.032, 3.42, 1.35]]
Reporting routing graph
converting route:  connect1 : 
converting route:  connect1 : 
calc len connect1
['']
[[10.03409, 3.648, 1.35], [10.03409, 3.648, 1.55], [10.257909999999999, 3.648, 1.55], [10.257909999999999, 3.648, 1.35], [10.257909999999999, 3.648, 1.1500000000000001], [10.488, 3.648, 1.1500000000000001], [10.488, 3.648, 0.9500000000000001], [10.488, 3.648, 0.75]]
Reporting routing graph
converting route:  connect2 : 
converting route:  connect2 : 
calc len connect2
['']
[[10.716, 6.84, 0.75], [10.716, 6.84, 0.9500000000000001], [10.716, 6.84, 1.1500000000000001], [9.806090000000001, 6.84, 1.1500000000000001], [9.806090000000001, 6.84, 1.35], [9.806090000000001, 6.84, 1.55], [10.02991, 6.84, 1.55], [10.02991, 6.84, 1.35]]
Reporting routing graph
converting route:  connect3 : 
converting route:  connect3 : 
calc len connect3
['']
[[10.02991, 6.612, 1.35], [10.02991, 6.612, 1.55], [9.576, 6.612, 1.55], [9.576, 6.612, 1.35], [9.576, 6.612, 1.1500000000000001], [9.576, 6.612, 0.9500000000000001], [9.576, 3.42, 0.9500000000000001], [9.576, 3.42, 1.1500000000000001], [9.576, 3.42, 1.35], [9.576, 3.42, 1.55], [9.80191, 3.42, 1.55], [9.80191, 3.42, 1.35]]
Reporting routing graph
converting route:  out : 
converting route:  out : 
calc len out
['']
[[12.084, 5.7, 2.35], [12.084, 5.7, 2.15], [12.084, 6.84, 2.15], [12.084, 6.84, 1.95], [12.084, 6.84, 1.75], [12.084, 6.84, 1.55], [10.26209, 6.84, 1.55], [10.26209, 6.84, 1.35]]
Reporting routing graph
converting route:  soln1 : 
converting route:  soln1 : 
calc len soln1
['']
[[0.45391000000000004, 0.228, 0.9500000000000001], [0.228, 0.228, 0.9500000000000001], [0.228, 3.42, 0.9500000000000001], [0.228, 3.42, 1.1500000000000001], [7.98, 3.42, 1.1500000000000001], [7.98, 3.42, 1.35], [7.98, 3.42, 1.55], [7.98, 3.42, 1.75], [7.98, 3.42, 1.95], [7.98, 3.42, 2.15], [7.98, 5.016, 2.15], [7.98, 5.016, 2.35]]
Reporting routing graph
converting route:  soln2 : 
converting route:  soln2 : 
calc len soln2
['']
[[10.716, 3.6500899999999996, 0.75], [10.716, 3.6500899999999996, 0.9500000000000001], [10.716, 4.56, 0.9500000000000001], [10.716, 4.56, 1.1500000000000001], [10.716, 4.56, 1.35], [10.716, 4.56, 1.55], [8.664, 4.56, 1.55], [8.664, 4.56, 1.75], [8.664, 4.56, 1.95], [8.664, 4.56, 2.15], [8.664, 5.016, 2.15], [8.664, 5.016, 2.35]]
Reporting routing graph
converting route:  soln3 : 
converting route:  soln3 : 
calc len soln3
['']
[[9.348, 5.016, 2.35], [9.348, 5.016, 2.15], [9.348, 5.472, 2.15], [9.348, 5.472, 1.95], [9.348, 5.472, 1.75], [9.348, 5.472, 1.55], [12.996, 5.472, 1.55], [12.996, 5.472, 1.35], [12.996, 5.472, 1.1500000000000001], [12.996, 5.472, 0.9500000000000001], [12.996, 6.60991, 0.9500000000000001], [12.996, 6.60991, 0.75]]
Reporting routing graph
<generator_class.Nets object at 0x7f8960ea30a0>
converting route:  connect0 : 
converting route:  connect0 : 
Reporting routing graph
converting route:  connect1 : 
converting route:  connect1 : 
Reporting routing graph
converting route:  connect2 : 
converting route:  connect2 : 
Reporting routing graph
converting route:  connect3 : 
converting route:  connect3 : 
Reporting routing graph
converting route:  out : 
converting route:  out : 
Reporting routing graph
converting route:  soln1 : 
converting route:  soln1 : 
Reporting routing graph
converting route:  soln2 : 
converting route:  soln2 : 
Reporting routing graph
converting route:  soln3 : 
converting route:  soln3 : 
Reporting routing graph
<generator_class.Nets object at 0x7f88b7b3b100>
converting route:  connect0 : 
converting route:  connect0 : 
Reporting routing graph
converting route:  connect1 : 
converting route:  connect1 : 
Reporting routing graph
converting route:  connect2 : 
converting route:  connect2 : 
Reporting routing graph
converting route:  connect3 : 
converting route:  connect3 : 
Reporting routing graph
converting route:  out : 
converting route:  out : 
Reporting routing graph
converting route:  soln1 : 
converting route:  soln1 : 
Reporting routing graph
converting route:  soln2 : 
converting route:  soln2 : 
Reporting routing graph
converting route:  soln3 : 
converting route:  soln3 : 
Reporting routing graph
<generator_class.Nets object at 0x7f88b7b3b130>
converting route:  connect0 : 
converting route:  connect0 : 
Reporting routing graph
converting route:  connect1 : 
converting route:  connect1 : 
Reporting routing graph
converting route:  connect2 : 
converting route:  connect2 : 
Reporting routing graph
converting route:  connect3 : 
converting route:  connect3 : 
Reporting routing graph
converting route:  out : 
converting route:  out : 
Reporting routing graph
converting route:  soln1 : 
converting route:  soln1 : 
Reporting routing graph
converting route:  soln2 : 
converting route:  soln2 : 
Reporting routing graph
converting route:  soln3 : 
converting route:  soln3 : 
Reporting routing graph
<generator_class.Nets object at 0x7f88b7b90640>
converting route:  connect0 : 
converting route:  connect0 : 
Reporting routing graph
converting route:  connect1 : 
converting route:  connect1 : 
Reporting routing graph
converting route:  connect2 : 
converting route:  connect2 : 
Reporting routing graph
converting route:  connect3 : 
converting route:  connect3 : 
Reporting routing graph
converting route:  out : 
converting route:  out : 
Reporting routing graph
converting route:  soln1 : 
converting route:  soln1 : 
Reporting routing graph
converting route:  soln2 : 
converting route:  soln2 : 
Reporting routing graph
converting route:  soln3 : 
converting route:  soln3 : 
Reporting routing graph
<generator_class.Nets object at 0x7f88b7b90a90>
converting route:  connect0 : 
converting route:  connect0 : 
Reporting routing graph
converting route:  connect1 : 
converting route:  connect1 : 
Reporting routing graph
converting route:  connect2 : 
converting route:  connect2 : 
Reporting routing graph
converting route:  connect3 : 
converting route:  connect3 : 
Reporting routing graph
converting route:  out : 
converting route:  out : 
Reporting routing graph
converting route:  soln1 : 
converting route:  soln1 : 
Reporting routing graph
converting route:  soln2 : 
converting route:  soln2 : 
Reporting routing graph
converting route:  soln3 : 
converting route:  soln3 : 
Reporting routing graph
<generator_class.Nets object at 0x7f88b7b90490>
converting route:  connect0 : 
converting route:  connect0 : 
Reporting routing graph
converting route:  connect1 : 
converting route:  connect1 : 
Reporting routing graph
converting route:  connect2 : 
converting route:  connect2 : 
Reporting routing graph
converting route:  connect3 : 
converting route:  connect3 : 
Reporting routing graph
converting route:  out : 
converting route:  out : 
Reporting routing graph
converting route:  soln1 : 
converting route:  soln1 : 
Reporting routing graph
converting route:  soln2 : 
converting route:  soln2 : 
Reporting routing graph
converting route:  soln3 : 
converting route:  soln3 : 
Reporting routing graph
<generator_class.Nets object at 0x7f88b7b97880>
converting route:  connect0 : 
converting route:  connect0 : 
Reporting routing graph
converting route:  connect1 : 
converting route:  connect1 : 
Reporting routing graph
converting route:  connect2 : 
converting route:  connect2 : 
Reporting routing graph
converting route:  connect3 : 
converting route:  connect3 : 
Reporting routing graph
converting route:  out : 
converting route:  out : 
Reporting routing graph
converting route:  soln1 : 
converting route:  soln1 : 
Reporting routing graph
converting route:  soln2 : 
converting route:  soln2 : 
Reporting routing graph
converting route:  soln3 : 
converting route:  soln3 : 
Reporting routing graph

    --------------------------------
          OpenSCAD complete
    --------------------------------
    
	Command being timed: "python3 ../tools/scad_render/generator_v2.py --component_file ./platforms/h.r.3.3/pdk/scad_lib/h.r.3.3_merged.scad --routing_file ./platforms/h.r.3.3/scad/routing.scad --scad_include ./platforms/h.r.3.3/pdk/scad_include/polychannel_v2.scad ./platforms/h.r.3.3/pdk/scad_include/lef_scad_config.scad ./platforms/h.r.3.3/pdk/scad_include/lef_helper.scad --lef_file ./platforms/h.r.3.3/lef/h.r.3.3_merged.lef ./results/caffeine/base/h.r.3.3_caffeine_pcells.lef --tlef_file ./platforms/h.r.3.3/lef/h.r.3.3.tlef --platform h.r.3.3 --px 0.0076 --layer 0.01 --bottom_layer 75 --lpv 20 --xbulk 2550 --ybulk 1600 --zbulk 230 --xchip 325 2225 --ychip 325 1275 --pitch 30 --res 120 --dimm_file  --pcell ./results/caffeine/base/pcell_out_scad --def_file results/caffeine/base/3_route_1.def --design caffeine --length_out ./results/caffeine/base/7_caffeine_length.csv --route_map_out ./results/caffeine/base/7_caffeine_route_nets.json --scad_out_file ./results/caffeine/base/caffeine_reroute.scad --results_dir ./results/caffeine/base"
	User time (seconds): 3.31
	System time (seconds): 3.50
	Percent of CPU this job got: 220%
	Elapsed (wall clock) time (h:mm:ss or m:ss): 0:03.09
	Average shared text size (kbytes): 0
	Average unshared data size (kbytes): 0
	Average stack size (kbytes): 0
	Average total size (kbytes): 0
	Maximum resident set size (kbytes): 75684
	Average resident set size (kbytes): 0
	Major (requiring I/O) page faults: 1
	Minor (reclaiming a frame) page faults: 13722
	Voluntary context switches: 1701
	Involuntary context switches: 84154
	Swaps: 0
	File system inputs: 16
	File system outputs: 3968
	Socket messages sent: 0
	Socket messages received: 0
	Signals delivered: 0
	Page size (bytes): 4096
	Exit status: 0
