
    --------------------------------
          OpenSCAD generation
    --------------------------------
    
Starting writing @ ./results/salicylic_acid/base/salicylic_acid.scad
pcell dict:  {'p_serpentine_0_120_30_12': {'pcell': 'p_serpentine_0', 'params': 'L1=120 L2=30 turns=12'}, 'p_serpentine_0_60_30_10': {'pcell': 'p_serpentine_0', 'params': 'L1=60 L2=30 turns=10'}, 'p_serpentine_1_360_30_24': {'pcell': 'p_serpentine_1', 'params': 'L1=360 L2=30 turns=24'}, 'p_serpentine_3_360_30_48': {'pcell': 'p_serpentine_3', 'params': 'L1=360 L2=30 turns=48'}}
Importing TECH_LEF: ./platforms/h.r.3.3/lef/h.r.3.3.tlef
import via M1M2_PR
['via1', 'met1', 'met2']
import via M2M3_PR
['via2', 'met2', 'met3']
import via M3M4_PR
['via3', 'met3', 'met4']
import via M4M5_PR
['via4', 'met4', 'met5']
import via M5M6_PR
['via5', 'met5', 'met6']
import via M6M7_PR
['via6', 'met6', 'met7']
import via M7M8_PR
['via7', 'met7', 'met8']
import via M8M9_PR
['via8', 'met8', 'met9']
import via M9M10_PR
['via9', 'met9', 'met10']
Parsing macro: serpentine_50px_0
Parsing macro: serpentine_100px_0
Parsing macro: serpentine_150px_0
Parsing macro: serpentine_200px_0
Parsing macro: serpentine_200px_3
Parsing macro: serpentine_300px_0
Parsing macro: serpentine_300px_1
Parsing macro: serpentine_300px_2
Parsing macro: serpentine_300px_3
Parsing macro: diffmix_25px_0
SIZE: [0.76, 0.76]
SIZE: [0.912, 0.912]
SIZE: [1.368, 1.368]
SIZE: [1.824, 1.824]
SIZE: [2.28, 2.28]
SIZE: [2.28, 2.28]
SIZE: [3.192, 3.192]
SIZE: [3.192, 3.192]
SIZE: [3.42, 3.192]
SIZE: [3.192, 3.192]
SIZE: [0.684, 0.684]
Parsing macro: p_serpentine_0_60_30_10
Parsing macro: p_serpentine_1_360_30_24
Parsing macro: p_serpentine_3_360_30_48
SIZE: [3.192, 1.368]
SIZE: [2.736, 0.912]
SIZE: [5.928, 3.192]
SIZE: [11.4, 3.192]
b'connect0'
b'( serp0 out_fluid ) ( mix0 a_fluid )'
b'connect1'
b'( serp1 out_fluid ) ( mix0 b_fluid )'
b'connect2'
b'( serp2 out_fluid ) ( mix1 a_fluid )'
b'connect3'
b'( serp3 out_fluid ) ( mix2 a_fluid )'
b'connect4'
b'( mix1 b_fluid ) ( mix0 out_fluid )'
b'connect5'
b'( mix2 b_fluid ) ( mix1 out_fluid )'
b'out'
b'( PIN out ) ( mix2 out_fluid )'
b'soln1'
b'( PIN soln1 ) ( serp0 in_fluid )'
b'soln2'
b'( PIN soln2 ) ( serp1 in_fluid )'
b'soln3'
b'( PIN soln3 ) ( serp2 in_fluid )'
b'soln4'
b'( PIN soln4 ) ( serp3 in_fluid )'
ROUTE: [[[8.208, 0.228, 'met5'], [7.98, 0.228, 'met5']], [[7.98, 0.228, 'met5'], [7.98, 3.42, 'met5']], [[7.98, 3.42, 'met4'], [8.208, 3.42, 'met4']], [[8.208, 3.42, 'met4'], [8.43391, 3.42, 'met4']], [[7.98, 3.42, 'met4'], [7.98, 3.42, 'met5']]]
Component list not passed!!!!
converting route:  connect0 : 
ROUTE: [[[8.436, 3.648, 'met4'], [8.436, 3.876, 'met4']], [[8.436, 3.876, 'met3'], [8.664, 3.876, 'met3']], [[8.664, 3.876, 'met3'], [8.664, 4.104, 'met3']], [[8.664, 4.104, 'met3'], [8.664, 4.104, 'met3']], [[8.664, 4.104, 'met3'], [11.856, 4.104, 'met3']], [[11.856, 4.104, 'met4'], [11.856, 4.104, 'met4']], [[11.856, 4.104, 'met4'], [11.856, 5.472, 'met4']], [[11.856, 5.472, 'met4'], [12.084, 5.472, 'met4']], [[12.084, 5.472, 'met4'], [12.084, 5.7, 'met4']], [[12.084, 5.7, 'met4'], [12.312, 5.7, 'met4']], [[12.312, 5.7, 'met4'], [12.312, 5.928, 'met4']], [[12.312, 5.928, 'met3'], [12.312, 6.15391, 'met3']], [[8.436, 3.876, 'met3'], [8.436, 3.876, 'met4']], [[11.856, 4.104, 'met3'], [11.856, 4.104, 'met4']], [[12.312, 5.928, 'met3'], [12.312, 5.928, 'met4']]]
Component list not passed!!!!
converting route:  connect1 : 
ROUTE: [[[11.856, 3.42, 'met2'], [11.856, 5.928, 'met2']], [[11.856, 5.928, 'met3'], [11.856, 6.156, 'met3']], [[11.856, 6.156, 'met3'], [11.856, 6.156, 'met3']], [[11.856, 6.156, 'met2'], [11.856, 6.384, 'met2']], [[11.856, 6.384, 'met1'], [12.312, 6.384, 'met1']], [[12.312, 6.384, 'met2'], [12.312, 6.84, 'met2']], [[12.312, 6.84, 'met3'], [12.084, 6.84, 'met3']], [[12.084, 6.84, 'met4'], [12.084, 6.84, 'met4']], [[12.084, 6.84, 'met4'], [12.312, 6.84, 'met4']], [[12.312, 6.84, 'met4'], [12.53791, 6.84, 'met4']], [[11.856, 3.42, 'met1'], [11.856, 3.42, 'met2']], [[11.856, 5.928, 'met2'], [11.856, 5.928, 'met3']], [[11.856, 6.156, 'met2'], [11.856, 6.156, 'met3']], [[11.856, 6.384, 'met1'], [11.856, 6.384, 'met2']], [[12.312, 6.384, 'met1'], [12.312, 6.384, 'met2']], [[12.312, 6.84, 'met2'], [12.312, 6.84, 'met3']], [[12.084, 6.84, 'met3'], [12.084, 6.84, 'met4']]]
Component list not passed!!!!
converting route:  connect2 : 
ROUTE: [[[12.084, 7.068, 'met2'], [12.996, 7.068, 'met2']], [[12.996, 7.068, 'met2'], [12.996, 6.84, 'met2']], [[12.996, 6.84, 'met3'], [12.996, 6.612, 'met3']], [[12.996, 6.612, 'met4'], [12.996, 6.612, 'met4']], [[12.996, 6.612, 'met4'], [12.996, 6.84, 'met4']], [[12.996, 6.84, 'met4'], [13.22191, 6.84, 'met4']], [[12.084, 7.068, 'met1'], [12.084, 7.068, 'met2']], [[12.996, 6.84, 'met2'], [12.996, 6.84, 'met3']], [[12.996, 6.612, 'met3'], [12.996, 6.612, 'met4']]]
Component list not passed!!!!
converting route:  connect3 : 
ROUTE: [[[8.664, 3.42, 'met4'], [8.892, 3.42, 'met4']], [[8.892, 3.42, 'met4'], [8.892, 6.612, 'met4']], [[8.892, 6.612, 'met5'], [8.892, 6.612, 'met5']], [[8.892, 6.612, 'met5'], [12.53791, 6.612, 'met5']], [[8.892, 6.612, 'met4'], [8.892, 6.612, 'met5']], [[12.53791, 6.612, 'met4'], [12.53791, 6.612, 'met5']]]
Component list not passed!!!!
converting route:  connect4 : 
ROUTE: [[[12.768, 6.84, 'met4'], [12.768, 7.068, 'met4']], [[12.768, 7.068, 'met7'], [12.996, 7.068, 'met7']], [[12.996, 7.068, 'met7'], [12.996, 7.068, 'met7']], [[12.996, 7.068, 'met6'], [12.996, 6.384, 'met6']], [[12.996, 6.384, 'met4'], [13.224, 6.384, 'met4']], [[13.224, 6.384, 'met4'], [13.224, 6.612, 'met4']], [[13.224, 6.612, 'met4'], [13.224, 6.612, 'met4']], [[12.768, 7.068, 'met4'], [12.768, 7.068, 'met5']], [[12.768, 7.068, 'met5'], [12.768, 7.068, 'met6']], [[12.768, 7.068, 'met6'], [12.768, 7.068, 'met7']], [[12.996, 7.068, 'met6'], [12.996, 7.068, 'met7']], [[12.996, 6.384, 'met4'], [12.996, 6.384, 'met5']], [[12.996, 6.384, 'met5'], [12.996, 6.384, 'met6']]]
Component list not passed!!!!
converting route:  connect5 : 
ROUTE: [[[12.084, 5.7, 'met8'], [12.084, 6.156, 'met8']], [[12.084, 6.156, 'met7'], [13.68, 6.156, 'met7']], [[13.68, 6.156, 'met6'], [13.68, 6.84, 'met6']], [[13.68, 6.84, 'met4'], [13.452, 6.84, 'met4']], [[13.452, 6.84, 'met4'], [13.452, 6.84, 'met4']], [[12.084, 5.7, 'met8'], [12.084, 5.7, 'met9']], [[12.084, 6.156, 'met7'], [12.084, 6.156, 'met8']], [[13.68, 6.156, 'met6'], [13.68, 6.156, 'met7']], [[13.68, 6.84, 'met4'], [13.68, 6.84, 'met5']], [[13.68, 6.84, 'met5'], [13.68, 6.84, 'met6']]]
Component list not passed!!!!
converting route:  out : 
ROUTE: [[[8.20591, 0.228, 'met2'], [7.98, 0.228, 'met2']], [[7.98, 0.228, 'met2'], [7.98, 4.56, 'met2']], [[7.98, 4.56, 'met8'], [7.98, 5.016, 'met8']], [[7.98, 4.56, 'met2'], [7.98, 4.56, 'met3']], [[7.98, 4.56, 'met3'], [7.98, 4.56, 'met4']], [[7.98, 4.56, 'met4'], [7.98, 4.56, 'met5']], [[7.98, 4.56, 'met5'], [7.98, 4.56, 'met6']], [[7.98, 4.56, 'met6'], [7.98, 4.56, 'met7']], [[7.98, 4.56, 'met7'], [7.98, 4.56, 'met8']], [[7.98, 5.016, 'met8'], [7.98, 5.016, 'met9']]]
Component list not passed!!!!
converting route:  soln1 : 
ROUTE: [[[8.664, 5.016, 'met8'], [8.664, 5.928, 'met8']], [[8.664, 5.928, 'met7'], [11.856, 5.928, 'met7']], [[11.856, 5.928, 'met1'], [12.309909999999999, 5.928, 'met1']], [[12.309909999999999, 5.928, 'met2'], [12.309909999999999, 6.156, 'met2']], [[8.664, 5.016, 'met8'], [8.664, 5.016, 'met9']], [[8.664, 5.928, 'met7'], [8.664, 5.928, 'met8']], [[11.856, 5.928, 'met6'], [11.856, 5.928, 'met7']], [[11.856, 5.928, 'met1'], [11.856, 5.928, 'met2']], [[11.856, 5.928, 'met2'], [11.856, 5.928, 'met3']], [[11.856, 5.928, 'met3'], [11.856, 5.928, 'met4']], [[11.856, 5.928, 'met4'], [11.856, 5.928, 'met5']], [[11.856, 5.928, 'met5'], [11.856, 5.928, 'met6']], [[12.309909999999999, 5.928, 'met1'], [12.309909999999999, 5.928, 'met2']]]
Component list not passed!!!!
converting route:  soln2 : 
ROUTE: [[[9.12, 4.332, 'met2'], [9.12, 4.788, 'met2']], [[9.12, 4.788, 'met7'], [9.348, 4.788, 'met7']], [[9.348, 4.788, 'met8'], [9.348, 5.016, 'met8']], [[9.12, 4.332, 'met1'], [9.12, 4.332, 'met2']], [[9.12, 4.788, 'met2'], [9.12, 4.788, 'met3']], [[9.12, 4.788, 'met3'], [9.12, 4.788, 'met4']], [[9.12, 4.788, 'met4'], [9.12, 4.788, 'met5']], [[9.12, 4.788, 'met5'], [9.12, 4.788, 'met6']], [[9.12, 4.788, 'met6'], [9.12, 4.788, 'met7']], [[9.348, 4.788, 'met7'], [9.348, 4.788, 'met8']], [[9.348, 5.016, 'met8'], [9.348, 5.016, 'met9']]]
Component list not passed!!!!
converting route:  soln3 : 
ROUTE: [[[10.032, 5.016, 'met8'], [10.032, 5.472, 'met8']], [[10.032, 5.472, 'met7'], [9.804, 5.472, 'met7']], [[9.804, 5.472, 'met2'], [9.804, 6.60991, 'met2']], [[10.032, 5.016, 'met8'], [10.032, 5.016, 'met9']], [[10.032, 5.472, 'met7'], [10.032, 5.472, 'met8']], [[9.804, 5.472, 'met6'], [9.804, 5.472, 'met7']], [[9.804, 5.472, 'met2'], [9.804, 5.472, 'met3']], [[9.804, 5.472, 'met3'], [9.804, 5.472, 'met4']], [[9.804, 5.472, 'met4'], [9.804, 5.472, 'met5']], [[9.804, 5.472, 'met5'], [9.804, 5.472, 'met6']], [[9.804, 6.60991, 'met1'], [9.804, 6.60991, 'met2']]]
Component list not passed!!!!
converting route:  soln4 : 
(1.2) pt [7.98, 3.42, 1.35] is in [[11.856, 4.104, 1.35], [11.856, 4.104, 1.35]]
(1.2) pt [7.98, 3.42, 1.35] is in [[12.084, 6.84, 1.35], [12.084, 6.84, 1.35]]
(1.2) pt [7.98, 3.42, 1.35] is in [[12.996, 6.612, 1.35], [12.996, 6.612, 1.35]]
(1.1) pt [7.98, 3.42, 1.55] is in [[8.892, 6.612, 1.55], [8.892, 6.612, 1.55]]
(1.2) pt [7.98, 3.42, 1.35] is in [[13.224, 6.612, 1.35], [13.224, 6.612, 1.35]]
(1.2) pt [7.98, 3.42, 1.35] is in [[13.452, 6.84, 1.35], [13.452, 6.84, 1.35]]
(1.4) pt [7.98, 3.42, 1.35] is in [[11.856, 4.104, 1.35], [11.856, 4.104, 1.35]]
(1.2) pt [8.436, 3.876, 1.1500000000000001] is in [[11.856, 6.156, 1.1500000000000001], [11.856, 6.156, 1.1500000000000001]]
(1.1) pt [8.436, 3.876, 1.35] is in [[12.084, 6.84, 1.35], [12.084, 6.84, 1.35]]
(1.4) pt [11.856, 5.928, 1.1500000000000001] is in [[8.664, 4.104, 1.1500000000000001], [8.664, 4.104, 1.1500000000000001]]
(1.3) pt [11.856, 6.156, 1.1500000000000001] is in [[8.664, 4.104, 1.1500000000000001], [8.664, 4.104, 1.1500000000000001]]
(1.4) pt [12.312, 6.84, 1.1500000000000001] is in [[8.664, 4.104, 1.1500000000000001], [8.664, 4.104, 1.1500000000000001]]
(1.3) pt [12.084, 6.84, 1.1500000000000001] is in [[8.664, 4.104, 1.1500000000000001], [8.664, 4.104, 1.1500000000000001]]
(1.1) pt [11.856, 4.104, 1.1500000000000001] is in [[11.856, 6.156, 1.1500000000000001], [11.856, 6.156, 1.1500000000000001]]
(1.2) pt [11.856, 4.104, 1.35] is in [[12.084, 6.84, 1.35], [12.084, 6.84, 1.35]]
(1.4) pt [12.084, 6.84, 1.35] is in [[11.856, 4.104, 1.35], [11.856, 4.104, 1.35]]
(1.2) pt [12.312, 5.928, 1.1500000000000001] is in [[11.856, 6.156, 1.1500000000000001], [11.856, 6.156, 1.1500000000000001]]
(1.1) pt [12.312, 5.928, 1.35] is in [[12.084, 6.84, 1.35], [12.084, 6.84, 1.35]]
(1.1) pt [8.436, 3.876, 1.35] is in [[12.996, 6.612, 1.35], [12.996, 6.612, 1.35]]
(1.4) pt [12.996, 6.84, 1.1500000000000001] is in [[8.664, 4.104, 1.1500000000000001], [8.664, 4.104, 1.1500000000000001]]
(1.3) pt [12.996, 6.612, 1.1500000000000001] is in [[8.664, 4.104, 1.1500000000000001], [8.664, 4.104, 1.1500000000000001]]
(1.2) pt [11.856, 4.104, 1.35] is in [[12.996, 6.612, 1.35], [12.996, 6.612, 1.35]]
(1.4) pt [12.996, 6.612, 1.35] is in [[11.856, 4.104, 1.35], [11.856, 4.104, 1.35]]
(1.1) pt [12.312, 5.928, 1.35] is in [[12.996, 6.612, 1.35], [12.996, 6.612, 1.35]]
(1.3) pt [8.892, 6.612, 1.35] is in [[11.856, 4.104, 1.35], [11.856, 4.104, 1.35]]
(1.4) pt [12.53791, 6.612, 1.35] is in [[11.856, 4.104, 1.35], [11.856, 4.104, 1.35]]
(1.1) pt [8.436, 3.876, 1.35] is in [[13.224, 6.612, 1.35], [13.224, 6.612, 1.35]]
(1.2) pt [11.856, 4.104, 1.35] is in [[13.224, 6.612, 1.35], [13.224, 6.612, 1.35]]
(1.3) pt [12.768, 7.068, 1.35] is in [[11.856, 4.104, 1.35], [11.856, 4.104, 1.35]]
(1.4) pt [12.996, 6.384, 1.35] is in [[11.856, 4.104, 1.35], [11.856, 4.104, 1.35]]
(1.1) pt [12.312, 5.928, 1.35] is in [[13.224, 6.612, 1.35], [13.224, 6.612, 1.35]]
(1.1) pt [8.436, 3.876, 1.35] is in [[13.452, 6.84, 1.35], [13.452, 6.84, 1.35]]
(1.2) pt [11.856, 4.104, 1.35] is in [[13.452, 6.84, 1.35], [13.452, 6.84, 1.35]]
(1.4) pt [13.68, 6.84, 1.35] is in [[11.856, 4.104, 1.35], [11.856, 4.104, 1.35]]
(1.1) pt [12.312, 5.928, 1.35] is in [[13.452, 6.84, 1.35], [13.452, 6.84, 1.35]]
(1.4) pt [7.98, 4.56, 1.1500000000000001] is in [[8.664, 4.104, 1.1500000000000001], [8.664, 4.104, 1.1500000000000001]]
(1.3) pt [7.98, 4.56, 1.1500000000000001] is in [[8.664, 4.104, 1.1500000000000001], [8.664, 4.104, 1.1500000000000001]]
(1.4) pt [7.98, 4.56, 1.35] is in [[11.856, 4.104, 1.35], [11.856, 4.104, 1.35]]
(1.3) pt [7.98, 4.56, 1.35] is in [[11.856, 4.104, 1.35], [11.856, 4.104, 1.35]]
(1.4) pt [11.856, 5.928, 1.1500000000000001] is in [[8.664, 4.104, 1.1500000000000001], [8.664, 4.104, 1.1500000000000001]]
(1.3) pt [11.856, 5.928, 1.1500000000000001] is in [[8.664, 4.104, 1.1500000000000001], [8.664, 4.104, 1.1500000000000001]]
(1.4) pt [11.856, 5.928, 1.35] is in [[11.856, 4.104, 1.35], [11.856, 4.104, 1.35]]
(1.3) pt [11.856, 5.928, 1.35] is in [[11.856, 4.104, 1.35], [11.856, 4.104, 1.35]]
(1.4) pt [9.12, 4.788, 1.1500000000000001] is in [[8.664, 4.104, 1.1500000000000001], [8.664, 4.104, 1.1500000000000001]]
(1.3) pt [9.12, 4.788, 1.1500000000000001] is in [[8.664, 4.104, 1.1500000000000001], [8.664, 4.104, 1.1500000000000001]]
(1.4) pt [9.12, 4.788, 1.35] is in [[11.856, 4.104, 1.35], [11.856, 4.104, 1.35]]
(1.3) pt [9.12, 4.788, 1.35] is in [[11.856, 4.104, 1.35], [11.856, 4.104, 1.35]]
(1.4) pt [9.804, 5.472, 1.1500000000000001] is in [[8.664, 4.104, 1.1500000000000001], [8.664, 4.104, 1.1500000000000001]]
(1.3) pt [9.804, 5.472, 1.1500000000000001] is in [[8.664, 4.104, 1.1500000000000001], [8.664, 4.104, 1.1500000000000001]]
(1.4) pt [9.804, 5.472, 1.35] is in [[11.856, 4.104, 1.35], [11.856, 4.104, 1.35]]
(1.3) pt [9.804, 5.472, 1.35] is in [[11.856, 4.104, 1.35], [11.856, 4.104, 1.35]]
(1.4) pt [7.98, 3.42, 1.35] is in [[12.084, 6.84, 1.35], [12.084, 6.84, 1.35]]
(1.2) pt [11.856, 5.928, 1.1500000000000001] is in [[8.664, 4.104, 1.1500000000000001], [8.664, 4.104, 1.1500000000000001]]
(1.4) pt [8.436, 3.876, 1.1500000000000001] is in [[11.856, 6.156, 1.1500000000000001], [11.856, 6.156, 1.1500000000000001]]
(1.3) pt [11.856, 4.104, 1.1500000000000001] is in [[11.856, 6.156, 1.1500000000000001], [11.856, 6.156, 1.1500000000000001]]
(1.4) pt [12.312, 5.928, 1.1500000000000001] is in [[11.856, 6.156, 1.1500000000000001], [11.856, 6.156, 1.1500000000000001]]
(1.1) pt [11.856, 6.156, 1.1500000000000001] is in [[8.664, 4.104, 1.1500000000000001], [8.664, 4.104, 1.1500000000000001]]
(1.2) pt [12.312, 6.84, 1.1500000000000001] is in [[8.664, 4.104, 1.1500000000000001], [8.664, 4.104, 1.1500000000000001]]
(1.1) pt [12.084, 6.84, 1.1500000000000001] is in [[8.664, 4.104, 1.1500000000000001], [8.664, 4.104, 1.1500000000000001]]
(1.2) pt [12.084, 6.84, 1.35] is in [[11.856, 4.104, 1.35], [11.856, 4.104, 1.35]]
(1.3) pt [8.436, 3.876, 1.35] is in [[12.084, 6.84, 1.35], [12.084, 6.84, 1.35]]
(1.4) pt [11.856, 4.104, 1.35] is in [[12.084, 6.84, 1.35], [12.084, 6.84, 1.35]]
(1.3) pt [12.312, 5.928, 1.35] is in [[12.084, 6.84, 1.35], [12.084, 6.84, 1.35]]
(1.4) pt [12.996, 6.84, 1.1500000000000001] is in [[11.856, 6.156, 1.1500000000000001], [11.856, 6.156, 1.1500000000000001]]
(1.3) pt [12.996, 6.612, 1.1500000000000001] is in [[11.856, 6.156, 1.1500000000000001], [11.856, 6.156, 1.1500000000000001]]
(1.2) pt [12.084, 6.84, 1.35] is in [[12.996, 6.612, 1.35], [12.996, 6.612, 1.35]]
(1.4) pt [12.996, 6.612, 1.35] is in [[12.084, 6.84, 1.35], [12.084, 6.84, 1.35]]
(1.3) pt [8.892, 6.612, 1.35] is in [[12.084, 6.84, 1.35], [12.084, 6.84, 1.35]]
(1.4) pt [12.53791, 6.612, 1.35] is in [[12.084, 6.84, 1.35], [12.084, 6.84, 1.35]]
(1.2) pt [12.084, 6.84, 1.35] is in [[13.224, 6.612, 1.35], [13.224, 6.612, 1.35]]
(1.3) pt [12.768, 7.068, 1.35] is in [[12.084, 6.84, 1.35], [12.084, 6.84, 1.35]]
(1.4) pt [12.996, 6.384, 1.35] is in [[12.084, 6.84, 1.35], [12.084, 6.84, 1.35]]
(1.2) pt [12.084, 6.84, 1.35] is in [[13.452, 6.84, 1.35], [13.452, 6.84, 1.35]]
(1.4) pt [13.68, 6.84, 1.35] is in [[12.084, 6.84, 1.35], [12.084, 6.84, 1.35]]
(1.4) pt [7.98, 4.56, 1.1500000000000001] is in [[11.856, 6.156, 1.1500000000000001], [11.856, 6.156, 1.1500000000000001]]
(1.3) pt [7.98, 4.56, 1.1500000000000001] is in [[11.856, 6.156, 1.1500000000000001], [11.856, 6.156, 1.1500000000000001]]
(1.4) pt [7.98, 4.56, 1.35] is in [[12.084, 6.84, 1.35], [12.084, 6.84, 1.35]]
(1.3) pt [7.98, 4.56, 1.35] is in [[12.084, 6.84, 1.35], [12.084, 6.84, 1.35]]
(1.4) pt [11.856, 5.928, 0.9500000000000001] is in [[11.856, 3.42, 0.9500000000000001], [11.856, 5.928, 0.9500000000000001]]
(1.3) pt [11.856, 5.928, 0.9500000000000001] is in [[11.856, 3.42, 0.9500000000000001], [11.856, 5.928, 0.9500000000000001]]
(1.4) pt [11.856, 5.928, 1.1500000000000001] is in [[11.856, 5.928, 1.1500000000000001], [11.856, 6.156, 1.1500000000000001]]
(1.3) pt [11.856, 5.928, 1.1500000000000001] is in [[11.856, 5.928, 1.1500000000000001], [11.856, 6.156, 1.1500000000000001]]
(1.4) pt [11.856, 5.928, 1.1500000000000001] is in [[11.856, 6.156, 1.1500000000000001], [11.856, 6.156, 1.1500000000000001]]
(1.3) pt [11.856, 5.928, 1.1500000000000001] is in [[11.856, 6.156, 1.1500000000000001], [11.856, 6.156, 1.1500000000000001]]
(1.4) pt [11.856, 5.928, 1.35] is in [[12.084, 6.84, 1.35], [12.084, 6.84, 1.35]]
(1.3) pt [11.856, 5.928, 1.35] is in [[12.084, 6.84, 1.35], [12.084, 6.84, 1.35]]
(1.4) pt [9.12, 4.788, 1.1500000000000001] is in [[11.856, 6.156, 1.1500000000000001], [11.856, 6.156, 1.1500000000000001]]
(1.3) pt [9.12, 4.788, 1.1500000000000001] is in [[11.856, 6.156, 1.1500000000000001], [11.856, 6.156, 1.1500000000000001]]
(1.4) pt [9.12, 4.788, 1.35] is in [[12.084, 6.84, 1.35], [12.084, 6.84, 1.35]]
(1.3) pt [9.12, 4.788, 1.35] is in [[12.084, 6.84, 1.35], [12.084, 6.84, 1.35]]
(1.4) pt [9.804, 5.472, 1.1500000000000001] is in [[11.856, 6.156, 1.1500000000000001], [11.856, 6.156, 1.1500000000000001]]
(1.3) pt [9.804, 5.472, 1.1500000000000001] is in [[11.856, 6.156, 1.1500000000000001], [11.856, 6.156, 1.1500000000000001]]
(1.4) pt [9.804, 5.472, 1.35] is in [[12.084, 6.84, 1.35], [12.084, 6.84, 1.35]]
(1.3) pt [9.804, 5.472, 1.35] is in [[12.084, 6.84, 1.35], [12.084, 6.84, 1.35]]
(1.4) pt [7.98, 3.42, 1.35] is in [[12.996, 6.612, 1.35], [12.996, 6.612, 1.35]]
(1.2) pt [12.996, 6.84, 1.1500000000000001] is in [[8.664, 4.104, 1.1500000000000001], [8.664, 4.104, 1.1500000000000001]]
(1.1) pt [12.996, 6.612, 1.1500000000000001] is in [[8.664, 4.104, 1.1500000000000001], [8.664, 4.104, 1.1500000000000001]]
(1.2) pt [12.996, 6.612, 1.35] is in [[11.856, 4.104, 1.35], [11.856, 4.104, 1.35]]
(1.3) pt [8.436, 3.876, 1.35] is in [[12.996, 6.612, 1.35], [12.996, 6.612, 1.35]]
(1.4) pt [11.856, 4.104, 1.35] is in [[12.996, 6.612, 1.35], [12.996, 6.612, 1.35]]
(1.3) pt [12.312, 5.928, 1.35] is in [[12.996, 6.612, 1.35], [12.996, 6.612, 1.35]]
(1.2) pt [12.996, 6.84, 1.1500000000000001] is in [[11.856, 6.156, 1.1500000000000001], [11.856, 6.156, 1.1500000000000001]]
(1.1) pt [12.996, 6.612, 1.1500000000000001] is in [[11.856, 6.156, 1.1500000000000001], [11.856, 6.156, 1.1500000000000001]]
(1.2) pt [12.996, 6.612, 1.35] is in [[12.084, 6.84, 1.35], [12.084, 6.84, 1.35]]
(1.4) pt [12.084, 6.84, 1.35] is in [[12.996, 6.612, 1.35], [12.996, 6.612, 1.35]]
(1.3) pt [8.892, 6.612, 1.35] is in [[12.996, 6.612, 1.35], [12.996, 6.612, 1.35]]
(1.4) pt [12.53791, 6.612, 1.35] is in [[12.996, 6.612, 1.35], [12.996, 6.612, 1.35]]
(1.2) pt [12.996, 6.612, 1.35] is in [[13.224, 6.612, 1.35], [13.224, 6.612, 1.35]]
(1.3) pt [12.768, 7.068, 1.35] is in [[12.996, 6.612, 1.35], [12.996, 6.612, 1.35]]
(1.4) pt [12.996, 6.384, 1.35] is in [[12.996, 6.612, 1.35], [12.996, 6.612, 1.35]]
(1.2) pt [12.996, 6.612, 1.35] is in [[13.452, 6.84, 1.35], [13.452, 6.84, 1.35]]
(1.4) pt [13.68, 6.84, 1.35] is in [[12.996, 6.612, 1.35], [12.996, 6.612, 1.35]]
(1.4) pt [7.98, 4.56, 1.35] is in [[12.996, 6.612, 1.35], [12.996, 6.612, 1.35]]
(1.3) pt [7.98, 4.56, 1.35] is in [[12.996, 6.612, 1.35], [12.996, 6.612, 1.35]]
(1.4) pt [11.856, 5.928, 1.35] is in [[12.996, 6.612, 1.35], [12.996, 6.612, 1.35]]
(1.3) pt [11.856, 5.928, 1.35] is in [[12.996, 6.612, 1.35], [12.996, 6.612, 1.35]]
(1.4) pt [9.12, 4.788, 1.35] is in [[12.996, 6.612, 1.35], [12.996, 6.612, 1.35]]
(1.3) pt [9.12, 4.788, 1.35] is in [[12.996, 6.612, 1.35], [12.996, 6.612, 1.35]]
(1.4) pt [9.804, 5.472, 1.35] is in [[12.996, 6.612, 1.35], [12.996, 6.612, 1.35]]
(1.3) pt [9.804, 5.472, 1.35] is in [[12.996, 6.612, 1.35], [12.996, 6.612, 1.35]]
(1.3) pt [7.98, 3.42, 1.55] is in [[8.892, 6.612, 1.55], [8.892, 6.612, 1.55]]
(1.1) pt [8.892, 6.612, 1.35] is in [[11.856, 4.104, 1.35], [11.856, 4.104, 1.35]]
(1.2) pt [12.53791, 6.612, 1.35] is in [[11.856, 4.104, 1.35], [11.856, 4.104, 1.35]]
(1.1) pt [8.892, 6.612, 1.35] is in [[12.084, 6.84, 1.35], [12.084, 6.84, 1.35]]
(1.2) pt [12.53791, 6.612, 1.35] is in [[12.084, 6.84, 1.35], [12.084, 6.84, 1.35]]
(1.1) pt [8.892, 6.612, 1.35] is in [[12.996, 6.612, 1.35], [12.996, 6.612, 1.35]]
(1.2) pt [12.53791, 6.612, 1.35] is in [[12.996, 6.612, 1.35], [12.996, 6.612, 1.35]]
(1.1) pt [8.892, 6.612, 1.35] is in [[13.224, 6.612, 1.35], [13.224, 6.612, 1.35]]
(1.4) pt [12.768, 7.068, 1.55] is in [[8.892, 6.612, 1.55], [8.892, 6.612, 1.55]]
(1.3) pt [12.768, 7.068, 1.55] is in [[8.892, 6.612, 1.55], [8.892, 6.612, 1.55]]
(1.4) pt [12.996, 6.384, 1.55] is in [[8.892, 6.612, 1.55], [8.892, 6.612, 1.55]]
(1.3) pt [12.996, 6.384, 1.55] is in [[8.892, 6.612, 1.55], [8.892, 6.612, 1.55]]
(1.2) pt [12.53791, 6.612, 1.35] is in [[13.224, 6.612, 1.35], [13.224, 6.612, 1.35]]
(1.1) pt [8.892, 6.612, 1.35] is in [[13.452, 6.84, 1.35], [13.452, 6.84, 1.35]]
(1.4) pt [13.68, 6.84, 1.55] is in [[8.892, 6.612, 1.55], [8.892, 6.612, 1.55]]
(1.3) pt [13.68, 6.84, 1.55] is in [[8.892, 6.612, 1.55], [8.892, 6.612, 1.55]]
(1.2) pt [12.53791, 6.612, 1.35] is in [[13.452, 6.84, 1.35], [13.452, 6.84, 1.35]]
(1.4) pt [7.98, 4.56, 1.55] is in [[8.892, 6.612, 1.55], [8.892, 6.612, 1.55]]
(1.3) pt [7.98, 4.56, 1.55] is in [[8.892, 6.612, 1.55], [8.892, 6.612, 1.55]]
(1.4) pt [11.856, 5.928, 1.55] is in [[8.892, 6.612, 1.55], [8.892, 6.612, 1.55]]
(1.3) pt [11.856, 5.928, 1.55] is in [[8.892, 6.612, 1.55], [8.892, 6.612, 1.55]]
(1.4) pt [9.12, 4.788, 1.55] is in [[8.892, 6.612, 1.55], [8.892, 6.612, 1.55]]
(1.3) pt [9.12, 4.788, 1.55] is in [[8.892, 6.612, 1.55], [8.892, 6.612, 1.55]]
(1.4) pt [9.804, 5.472, 1.55] is in [[8.892, 6.612, 1.55], [8.892, 6.612, 1.55]]
(1.3) pt [9.804, 5.472, 1.55] is in [[8.892, 6.612, 1.55], [8.892, 6.612, 1.55]]
(1.4) pt [7.98, 3.42, 1.35] is in [[13.224, 6.612, 1.35], [13.224, 6.612, 1.35]]
(1.1) pt [12.768, 7.068, 1.35] is in [[11.856, 4.104, 1.35], [11.856, 4.104, 1.35]]
(1.2) pt [12.996, 6.384, 1.35] is in [[11.856, 4.104, 1.35], [11.856, 4.104, 1.35]]
(1.3) pt [8.436, 3.876, 1.35] is in [[13.224, 6.612, 1.35], [13.224, 6.612, 1.35]]
(1.4) pt [11.856, 4.104, 1.35] is in [[13.224, 6.612, 1.35], [13.224, 6.612, 1.35]]
(1.3) pt [12.312, 5.928, 1.35] is in [[13.224, 6.612, 1.35], [13.224, 6.612, 1.35]]
(1.1) pt [12.768, 7.068, 1.35] is in [[12.084, 6.84, 1.35], [12.084, 6.84, 1.35]]
(1.2) pt [12.996, 6.384, 1.35] is in [[12.084, 6.84, 1.35], [12.084, 6.84, 1.35]]
(1.4) pt [12.084, 6.84, 1.35] is in [[13.224, 6.612, 1.35], [13.224, 6.612, 1.35]]
(1.1) pt [12.768, 7.068, 1.35] is in [[12.996, 6.612, 1.35], [12.996, 6.612, 1.35]]
(1.2) pt [12.996, 6.384, 1.35] is in [[12.996, 6.612, 1.35], [12.996, 6.612, 1.35]]
(1.4) pt [12.996, 6.612, 1.35] is in [[13.224, 6.612, 1.35], [13.224, 6.612, 1.35]]
(1.2) pt [12.768, 7.068, 1.55] is in [[8.892, 6.612, 1.55], [8.892, 6.612, 1.55]]
(1.1) pt [12.768, 7.068, 1.55] is in [[8.892, 6.612, 1.55], [8.892, 6.612, 1.55]]
(1.2) pt [12.996, 6.384, 1.55] is in [[8.892, 6.612, 1.55], [8.892, 6.612, 1.55]]
(1.1) pt [12.996, 6.384, 1.55] is in [[8.892, 6.612, 1.55], [8.892, 6.612, 1.55]]
(1.3) pt [8.892, 6.612, 1.35] is in [[13.224, 6.612, 1.35], [13.224, 6.612, 1.35]]
(1.4) pt [12.53791, 6.612, 1.35] is in [[13.224, 6.612, 1.35], [13.224, 6.612, 1.35]]
(1.1) pt [12.768, 7.068, 1.35] is in [[13.452, 6.84, 1.35], [13.452, 6.84, 1.35]]
(1.4) pt [12.084, 6.156, 1.95] is in [[12.996, 7.068, 1.95], [12.996, 7.068, 1.95]]
(1.3) pt [13.68, 6.156, 1.95] is in [[12.996, 7.068, 1.95], [12.996, 7.068, 1.95]]
(1.2) pt [12.996, 6.384, 1.35] is in [[13.452, 6.84, 1.35], [13.452, 6.84, 1.35]]
(1.4) pt [13.68, 6.84, 1.35] is in [[13.224, 6.612, 1.35], [13.224, 6.612, 1.35]]
(1.4) pt [7.98, 4.56, 1.95] is in [[12.996, 7.068, 1.95], [12.996, 7.068, 1.95]]
(1.3) pt [7.98, 4.56, 1.95] is in [[12.996, 7.068, 1.95], [12.996, 7.068, 1.95]]
(1.4) pt [7.98, 4.56, 1.35] is in [[13.224, 6.612, 1.35], [13.224, 6.612, 1.35]]
(1.3) pt [7.98, 4.56, 1.35] is in [[13.224, 6.612, 1.35], [13.224, 6.612, 1.35]]
(1.4) pt [8.664, 5.928, 1.95] is in [[12.996, 7.068, 1.95], [12.996, 7.068, 1.95]]
(1.3) pt [11.856, 5.928, 1.95] is in [[12.996, 7.068, 1.95], [12.996, 7.068, 1.95]]
(1.4) pt [11.856, 5.928, 1.35] is in [[13.224, 6.612, 1.35], [13.224, 6.612, 1.35]]
(1.3) pt [11.856, 5.928, 1.35] is in [[13.224, 6.612, 1.35], [13.224, 6.612, 1.35]]
(1.4) pt [9.12, 4.788, 1.95] is in [[12.996, 7.068, 1.95], [12.996, 7.068, 1.95]]
(1.3) pt [9.348, 4.788, 1.95] is in [[12.996, 7.068, 1.95], [12.996, 7.068, 1.95]]
(1.4) pt [9.12, 4.788, 1.35] is in [[13.224, 6.612, 1.35], [13.224, 6.612, 1.35]]
(1.3) pt [9.12, 4.788, 1.35] is in [[13.224, 6.612, 1.35], [13.224, 6.612, 1.35]]
(1.4) pt [10.032, 5.472, 1.95] is in [[12.996, 7.068, 1.95], [12.996, 7.068, 1.95]]
(1.3) pt [9.804, 5.472, 1.95] is in [[12.996, 7.068, 1.95], [12.996, 7.068, 1.95]]
(1.4) pt [9.804, 5.472, 1.35] is in [[13.224, 6.612, 1.35], [13.224, 6.612, 1.35]]
(1.3) pt [9.804, 5.472, 1.35] is in [[13.224, 6.612, 1.35], [13.224, 6.612, 1.35]]
(1.4) pt [7.98, 3.42, 1.35] is in [[13.452, 6.84, 1.35], [13.452, 6.84, 1.35]]
(1.2) pt [13.68, 6.84, 1.35] is in [[11.856, 4.104, 1.35], [11.856, 4.104, 1.35]]
(1.3) pt [8.436, 3.876, 1.35] is in [[13.452, 6.84, 1.35], [13.452, 6.84, 1.35]]
(1.4) pt [11.856, 4.104, 1.35] is in [[13.452, 6.84, 1.35], [13.452, 6.84, 1.35]]
(1.3) pt [12.312, 5.928, 1.35] is in [[13.452, 6.84, 1.35], [13.452, 6.84, 1.35]]
(1.2) pt [13.68, 6.84, 1.35] is in [[12.084, 6.84, 1.35], [12.084, 6.84, 1.35]]
(1.4) pt [12.084, 6.84, 1.35] is in [[13.452, 6.84, 1.35], [13.452, 6.84, 1.35]]
(1.2) pt [13.68, 6.84, 1.35] is in [[12.996, 6.612, 1.35], [12.996, 6.612, 1.35]]
(1.4) pt [12.996, 6.612, 1.35] is in [[13.452, 6.84, 1.35], [13.452, 6.84, 1.35]]
(1.2) pt [13.68, 6.84, 1.55] is in [[8.892, 6.612, 1.55], [8.892, 6.612, 1.55]]
(1.1) pt [13.68, 6.84, 1.55] is in [[8.892, 6.612, 1.55], [8.892, 6.612, 1.55]]
(1.3) pt [8.892, 6.612, 1.35] is in [[13.452, 6.84, 1.35], [13.452, 6.84, 1.35]]
(1.4) pt [12.53791, 6.612, 1.35] is in [[13.452, 6.84, 1.35], [13.452, 6.84, 1.35]]
(1.2) pt [12.084, 6.156, 1.95] is in [[12.996, 7.068, 1.95], [12.996, 7.068, 1.95]]
(1.1) pt [13.68, 6.156, 1.95] is in [[12.996, 7.068, 1.95], [12.996, 7.068, 1.95]]
(1.2) pt [13.68, 6.84, 1.35] is in [[13.224, 6.612, 1.35], [13.224, 6.612, 1.35]]
(1.3) pt [12.768, 7.068, 1.35] is in [[13.452, 6.84, 1.35], [13.452, 6.84, 1.35]]
(1.4) pt [12.996, 6.384, 1.35] is in [[13.452, 6.84, 1.35], [13.452, 6.84, 1.35]]
(1.4) pt [7.98, 4.56, 1.35] is in [[13.452, 6.84, 1.35], [13.452, 6.84, 1.35]]
(1.3) pt [7.98, 4.56, 1.35] is in [[13.452, 6.84, 1.35], [13.452, 6.84, 1.35]]
(1.4) pt [11.856, 5.928, 1.35] is in [[13.452, 6.84, 1.35], [13.452, 6.84, 1.35]]
(1.3) pt [11.856, 5.928, 1.35] is in [[13.452, 6.84, 1.35], [13.452, 6.84, 1.35]]
(1.4) pt [9.12, 4.788, 1.35] is in [[13.452, 6.84, 1.35], [13.452, 6.84, 1.35]]
(1.3) pt [9.12, 4.788, 1.35] is in [[13.452, 6.84, 1.35], [13.452, 6.84, 1.35]]
(1.4) pt [9.804, 5.472, 1.35] is in [[13.452, 6.84, 1.35], [13.452, 6.84, 1.35]]
(1.3) pt [9.804, 5.472, 1.35] is in [[13.452, 6.84, 1.35], [13.452, 6.84, 1.35]]
(1.2) pt [7.98, 4.56, 1.1500000000000001] is in [[8.664, 4.104, 1.1500000000000001], [8.664, 4.104, 1.1500000000000001]]
(1.1) pt [7.98, 4.56, 1.1500000000000001] is in [[8.664, 4.104, 1.1500000000000001], [8.664, 4.104, 1.1500000000000001]]
(1.2) pt [7.98, 4.56, 1.35] is in [[11.856, 4.104, 1.35], [11.856, 4.104, 1.35]]
(1.1) pt [7.98, 4.56, 1.35] is in [[11.856, 4.104, 1.35], [11.856, 4.104, 1.35]]
(1.2) pt [7.98, 4.56, 1.1500000000000001] is in [[11.856, 6.156, 1.1500000000000001], [11.856, 6.156, 1.1500000000000001]]
(1.1) pt [7.98, 4.56, 1.1500000000000001] is in [[11.856, 6.156, 1.1500000000000001], [11.856, 6.156, 1.1500000000000001]]
(1.2) pt [7.98, 4.56, 1.35] is in [[12.084, 6.84, 1.35], [12.084, 6.84, 1.35]]
(1.1) pt [7.98, 4.56, 1.35] is in [[12.084, 6.84, 1.35], [12.084, 6.84, 1.35]]
(1.2) pt [7.98, 4.56, 1.35] is in [[12.996, 6.612, 1.35], [12.996, 6.612, 1.35]]
(1.1) pt [7.98, 4.56, 1.35] is in [[12.996, 6.612, 1.35], [12.996, 6.612, 1.35]]
(1.2) pt [7.98, 4.56, 1.55] is in [[8.892, 6.612, 1.55], [8.892, 6.612, 1.55]]
(1.1) pt [7.98, 4.56, 1.55] is in [[8.892, 6.612, 1.55], [8.892, 6.612, 1.55]]
(1.2) pt [7.98, 4.56, 1.35] is in [[13.224, 6.612, 1.35], [13.224, 6.612, 1.35]]
(1.1) pt [7.98, 4.56, 1.35] is in [[13.224, 6.612, 1.35], [13.224, 6.612, 1.35]]
(1.2) pt [7.98, 4.56, 1.95] is in [[12.996, 7.068, 1.95], [12.996, 7.068, 1.95]]
(1.1) pt [7.98, 4.56, 1.95] is in [[12.996, 7.068, 1.95], [12.996, 7.068, 1.95]]
(1.2) pt [7.98, 4.56, 1.35] is in [[13.452, 6.84, 1.35], [13.452, 6.84, 1.35]]
(1.1) pt [7.98, 4.56, 1.35] is in [[13.452, 6.84, 1.35], [13.452, 6.84, 1.35]]
(1.2) pt [11.856, 5.928, 1.35] is in [[11.856, 4.104, 1.35], [11.856, 4.104, 1.35]]
(1.2) pt [11.856, 5.928, 1.1500000000000001] is in [[8.664, 4.104, 1.1500000000000001], [8.664, 4.104, 1.1500000000000001]]
(1.1) pt [11.856, 5.928, 1.35] is in [[11.856, 4.104, 1.35], [11.856, 4.104, 1.35]]
(1.1) pt [11.856, 5.928, 1.1500000000000001] is in [[8.664, 4.104, 1.1500000000000001], [8.664, 4.104, 1.1500000000000001]]
(1.2) pt [11.856, 5.928, 1.35] is in [[12.084, 6.84, 1.35], [12.084, 6.84, 1.35]]
(1.2) pt [11.856, 5.928, 1.1500000000000001] is in [[11.856, 5.928, 1.1500000000000001], [11.856, 6.156, 1.1500000000000001]]
(1.2) pt [11.856, 5.928, 1.1500000000000001] is in [[11.856, 6.156, 1.1500000000000001], [11.856, 6.156, 1.1500000000000001]]
(1.1) pt [11.856, 5.928, 1.35] is in [[12.084, 6.84, 1.35], [12.084, 6.84, 1.35]]
(1.2) pt [11.856, 5.928, 0.9500000000000001] is in [[11.856, 3.42, 0.9500000000000001], [11.856, 5.928, 0.9500000000000001]]
(1.1) pt [11.856, 5.928, 1.1500000000000001] is in [[11.856, 5.928, 1.1500000000000001], [11.856, 6.156, 1.1500000000000001]]
(1.1) pt [11.856, 5.928, 1.1500000000000001] is in [[11.856, 6.156, 1.1500000000000001], [11.856, 6.156, 1.1500000000000001]]
(1.1) pt [11.856, 5.928, 0.9500000000000001] is in [[11.856, 3.42, 0.9500000000000001], [11.856, 5.928, 0.9500000000000001]]
(1.2) pt [11.856, 5.928, 1.35] is in [[12.996, 6.612, 1.35], [12.996, 6.612, 1.35]]
(1.1) pt [11.856, 5.928, 1.35] is in [[12.996, 6.612, 1.35], [12.996, 6.612, 1.35]]
(1.2) pt [11.856, 5.928, 1.55] is in [[8.892, 6.612, 1.55], [8.892, 6.612, 1.55]]
(1.1) pt [11.856, 5.928, 1.55] is in [[8.892, 6.612, 1.55], [8.892, 6.612, 1.55]]
(1.2) pt [8.664, 5.928, 1.95] is in [[12.996, 7.068, 1.95], [12.996, 7.068, 1.95]]
(1.1) pt [11.856, 5.928, 1.95] is in [[12.996, 7.068, 1.95], [12.996, 7.068, 1.95]]
(1.2) pt [11.856, 5.928, 1.35] is in [[13.224, 6.612, 1.35], [13.224, 6.612, 1.35]]
(1.1) pt [11.856, 5.928, 1.35] is in [[13.224, 6.612, 1.35], [13.224, 6.612, 1.35]]
(1.2) pt [11.856, 5.928, 1.35] is in [[13.452, 6.84, 1.35], [13.452, 6.84, 1.35]]
(1.1) pt [11.856, 5.928, 1.35] is in [[13.452, 6.84, 1.35], [13.452, 6.84, 1.35]]
(1.2) pt [9.12, 4.788, 1.1500000000000001] is in [[8.664, 4.104, 1.1500000000000001], [8.664, 4.104, 1.1500000000000001]]
(1.1) pt [9.12, 4.788, 1.1500000000000001] is in [[8.664, 4.104, 1.1500000000000001], [8.664, 4.104, 1.1500000000000001]]
(1.2) pt [9.12, 4.788, 1.35] is in [[11.856, 4.104, 1.35], [11.856, 4.104, 1.35]]
(1.1) pt [9.12, 4.788, 1.35] is in [[11.856, 4.104, 1.35], [11.856, 4.104, 1.35]]
(1.2) pt [9.12, 4.788, 1.1500000000000001] is in [[11.856, 6.156, 1.1500000000000001], [11.856, 6.156, 1.1500000000000001]]
(1.1) pt [9.12, 4.788, 1.1500000000000001] is in [[11.856, 6.156, 1.1500000000000001], [11.856, 6.156, 1.1500000000000001]]
(1.2) pt [9.12, 4.788, 1.35] is in [[12.084, 6.84, 1.35], [12.084, 6.84, 1.35]]
(1.1) pt [9.12, 4.788, 1.35] is in [[12.084, 6.84, 1.35], [12.084, 6.84, 1.35]]
(1.2) pt [9.12, 4.788, 1.35] is in [[12.996, 6.612, 1.35], [12.996, 6.612, 1.35]]
(1.1) pt [9.12, 4.788, 1.35] is in [[12.996, 6.612, 1.35], [12.996, 6.612, 1.35]]
(1.2) pt [9.12, 4.788, 1.55] is in [[8.892, 6.612, 1.55], [8.892, 6.612, 1.55]]
(1.1) pt [9.12, 4.788, 1.55] is in [[8.892, 6.612, 1.55], [8.892, 6.612, 1.55]]
(1.2) pt [9.12, 4.788, 1.35] is in [[13.224, 6.612, 1.35], [13.224, 6.612, 1.35]]
(1.1) pt [9.12, 4.788, 1.35] is in [[13.224, 6.612, 1.35], [13.224, 6.612, 1.35]]
(1.2) pt [9.12, 4.788, 1.95] is in [[12.996, 7.068, 1.95], [12.996, 7.068, 1.95]]
(1.1) pt [9.348, 4.788, 1.95] is in [[12.996, 7.068, 1.95], [12.996, 7.068, 1.95]]
(1.2) pt [9.12, 4.788, 1.35] is in [[13.452, 6.84, 1.35], [13.452, 6.84, 1.35]]
(1.1) pt [9.12, 4.788, 1.35] is in [[13.452, 6.84, 1.35], [13.452, 6.84, 1.35]]
(1.2) pt [9.804, 5.472, 1.35] is in [[11.856, 4.104, 1.35], [11.856, 4.104, 1.35]]
(1.2) pt [9.804, 5.472, 1.1500000000000001] is in [[8.664, 4.104, 1.1500000000000001], [8.664, 4.104, 1.1500000000000001]]
(1.1) pt [9.804, 5.472, 1.35] is in [[11.856, 4.104, 1.35], [11.856, 4.104, 1.35]]
(1.1) pt [9.804, 5.472, 1.1500000000000001] is in [[8.664, 4.104, 1.1500000000000001], [8.664, 4.104, 1.1500000000000001]]
(1.2) pt [9.804, 5.472, 1.35] is in [[12.084, 6.84, 1.35], [12.084, 6.84, 1.35]]
(1.2) pt [9.804, 5.472, 1.1500000000000001] is in [[11.856, 6.156, 1.1500000000000001], [11.856, 6.156, 1.1500000000000001]]
(1.1) pt [9.804, 5.472, 1.35] is in [[12.084, 6.84, 1.35], [12.084, 6.84, 1.35]]
(1.1) pt [9.804, 5.472, 1.1500000000000001] is in [[11.856, 6.156, 1.1500000000000001], [11.856, 6.156, 1.1500000000000001]]
(1.2) pt [9.804, 5.472, 1.35] is in [[12.996, 6.612, 1.35], [12.996, 6.612, 1.35]]
(1.1) pt [9.804, 5.472, 1.35] is in [[12.996, 6.612, 1.35], [12.996, 6.612, 1.35]]
(1.2) pt [9.804, 5.472, 1.55] is in [[8.892, 6.612, 1.55], [8.892, 6.612, 1.55]]
(1.1) pt [9.804, 5.472, 1.55] is in [[8.892, 6.612, 1.55], [8.892, 6.612, 1.55]]
(1.2) pt [10.032, 5.472, 1.95] is in [[12.996, 7.068, 1.95], [12.996, 7.068, 1.95]]
(1.1) pt [9.804, 5.472, 1.95] is in [[12.996, 7.068, 1.95], [12.996, 7.068, 1.95]]
(1.2) pt [9.804, 5.472, 1.35] is in [[13.224, 6.612, 1.35], [13.224, 6.612, 1.35]]
(1.1) pt [9.804, 5.472, 1.35] is in [[13.224, 6.612, 1.35], [13.224, 6.612, 1.35]]
(1.2) pt [9.804, 5.472, 1.35] is in [[13.452, 6.84, 1.35], [13.452, 6.84, 1.35]]
(1.1) pt [9.804, 5.472, 1.35] is in [[13.452, 6.84, 1.35], [13.452, 6.84, 1.35]]
Importing TECH_LEF: ./platforms/h.r.3.3/lef/h.r.3.3.tlef
import via M1M2_PR
['via1', 'met1', 'met2']
import via M2M3_PR
['via2', 'met2', 'met3']
import via M3M4_PR
['via3', 'met3', 'met4']
import via M4M5_PR
['via4', 'met4', 'met5']
import via M5M6_PR
['via5', 'met5', 'met6']
import via M6M7_PR
['via6', 'met6', 'met7']
import via M7M8_PR
['via7', 'met7', 'met8']
import via M8M9_PR
['via8', 'met8', 'met9']
import via M9M10_PR
['via9', 'met9', 'met10']
<generator_class.Nets object at 0x7ff0b04b6e20>
converting route:  connect0 : 
converting route:  connect0 : 
calc len connect0
['']
[[8.208, 0.228, 1.55], [7.98, 0.228, 1.55], [7.98, 3.42, 1.55], [7.98, 3.42, 1.35], [8.208, 3.42, 1.35], [8.43391, 3.42, 1.35]]
Reporting routing graph
converting route:  connect1 : 
converting route:  connect1 : 
calc len connect1
['']
[[8.436, 3.648, 1.35], [8.436, 3.876, 1.35], [8.436, 3.876, 1.1500000000000001], [8.664, 3.876, 1.1500000000000001], [8.664, 4.104, 1.1500000000000001], [8.664, 4.104, 1.1500000000000001], [11.856, 4.104, 1.1500000000000001], [11.856, 4.104, 1.35], [11.856, 4.104, 1.35], [11.856, 5.472, 1.35], [12.084, 5.472, 1.35], [12.084, 5.7, 1.35], [12.312, 5.7, 1.35], [12.312, 5.928, 1.35], [12.312, 5.928, 1.1500000000000001], [12.312, 6.15391, 1.1500000000000001]]
Reporting routing graph
converting route:  connect2 : 
converting route:  connect2 : 
calc len connect2
['']
[[11.856, 3.42, 0.75], [11.856, 3.42, 0.9500000000000001], [11.856, 5.928, 0.9500000000000001], [11.856, 5.928, 1.1500000000000001], [11.856, 6.156, 1.1500000000000001], [11.856, 6.156, 1.1500000000000001], [11.856, 6.156, 0.9500000000000001], [11.856, 6.384, 0.9500000000000001], [11.856, 6.384, 0.75], [12.312, 6.384, 0.75], [12.312, 6.384, 0.9500000000000001], [12.312, 6.84, 0.9500000000000001], [12.312, 6.84, 1.1500000000000001], [12.084, 6.84, 1.1500000000000001], [12.084, 6.84, 1.35], [12.084, 6.84, 1.35], [12.312, 6.84, 1.35], [12.53791, 6.84, 1.35]]
Reporting routing graph
converting route:  connect3 : 
converting route:  connect3 : 
calc len connect3
['']
[[12.084, 7.068, 0.75], [12.084, 7.068, 0.9500000000000001], [12.996, 7.068, 0.9500000000000001], [12.996, 6.84, 0.9500000000000001], [12.996, 6.84, 1.1500000000000001], [12.996, 6.612, 1.1500000000000001], [12.996, 6.612, 1.35], [12.996, 6.612, 1.35], [12.996, 6.84, 1.35], [13.22191, 6.84, 1.35]]
Reporting routing graph
converting route:  connect4 : 
converting route:  connect4 : 
calc len connect4
['']
[[8.664, 3.42, 1.35], [8.892, 3.42, 1.35], [8.892, 6.612, 1.35], [8.892, 6.612, 1.55], [8.892, 6.612, 1.55], [12.53791, 6.612, 1.55], [12.53791, 6.612, 1.35]]
Reporting routing graph
converting route:  connect5 : 
converting route:  connect5 : 
calc len connect5
['']
[[12.768, 6.84, 1.35], [12.768, 7.068, 1.35], [12.768, 7.068, 1.55], [12.768, 7.068, 1.75], [12.768, 7.068, 1.95], [12.996, 7.068, 1.95], [12.996, 7.068, 1.95], [12.996, 7.068, 1.75], [12.996, 6.384, 1.75], [12.996, 6.384, 1.55], [12.996, 6.384, 1.35], [13.224, 6.384, 1.35], [13.224, 6.612, 1.35], [13.224, 6.612, 1.35]]
Reporting routing graph
converting route:  out : 
converting route:  out : 
calc len out
['']
[[12.084, 5.7, 2.35], [12.084, 5.7, 2.15], [12.084, 6.156, 2.15], [12.084, 6.156, 1.95], [13.68, 6.156, 1.95], [13.68, 6.156, 1.75], [13.68, 6.84, 1.75], [13.68, 6.84, 1.55], [13.68, 6.84, 1.35], [13.452, 6.84, 1.35], [13.452, 6.84, 1.35]]
Reporting routing graph
converting route:  soln1 : 
converting route:  soln1 : 
calc len soln1
['']
[[8.20591, 0.228, 0.9500000000000001], [7.98, 0.228, 0.9500000000000001], [7.98, 4.56, 0.9500000000000001], [7.98, 4.56, 1.1500000000000001], [7.98, 4.56, 1.35], [7.98, 4.56, 1.55], [7.98, 4.56, 1.75], [7.98, 4.56, 1.95], [7.98, 4.56, 2.15], [7.98, 5.016, 2.15], [7.98, 5.016, 2.35]]
Reporting routing graph
converting route:  soln2 : 
converting route:  soln2 : 
calc len soln2
['']
[[8.664, 5.016, 2.35], [8.664, 5.016, 2.15], [8.664, 5.928, 2.15], [8.664, 5.928, 1.95], [11.856, 5.928, 1.95], [11.856, 5.928, 1.75], [11.856, 5.928, 1.55], [11.856, 5.928, 1.35], [11.856, 5.928, 1.1500000000000001], [11.856, 5.928, 0.9500000000000001], [11.856, 5.928, 0.75], [12.309909999999999, 5.928, 0.75], [12.309909999999999, 5.928, 0.9500000000000001], [12.309909999999999, 6.156, 0.9500000000000001]]
Reporting routing graph
converting route:  soln3 : 
converting route:  soln3 : 
calc len soln3
['']
[[9.12, 4.332, 0.75], [9.12, 4.332, 0.9500000000000001], [9.12, 4.788, 0.9500000000000001], [9.12, 4.788, 1.1500000000000001], [9.12, 4.788, 1.35], [9.12, 4.788, 1.55], [9.12, 4.788, 1.75], [9.12, 4.788, 1.95], [9.348, 4.788, 1.95], [9.348, 4.788, 2.15], [9.348, 5.016, 2.15], [9.348, 5.016, 2.35]]
Reporting routing graph
converting route:  soln4 : 
converting route:  soln4 : 
calc len soln4
['']
[[10.032, 5.016, 2.35], [10.032, 5.016, 2.15], [10.032, 5.472, 2.15], [10.032, 5.472, 1.95], [9.804, 5.472, 1.95], [9.804, 5.472, 1.75], [9.804, 5.472, 1.55], [9.804, 5.472, 1.35], [9.804, 5.472, 1.1500000000000001], [9.804, 5.472, 0.9500000000000001], [9.804, 6.60991, 0.9500000000000001], [9.804, 6.60991, 0.75]]
Reporting routing graph
<generator_class.Nets object at 0x7ff0b04b63a0>
converting route:  connect0 : 
converting route:  connect0 : 
Reporting routing graph
converting route:  connect1 : 
converting route:  connect1 : 
Reporting routing graph
converting route:  connect2 : 
converting route:  connect2 : 
Reporting routing graph
converting route:  connect3 : 
converting route:  connect3 : 
Reporting routing graph
converting route:  connect4 : 
converting route:  connect4 : 
Reporting routing graph
converting route:  connect5 : 
converting route:  connect5 : 
Reporting routing graph
converting route:  out : 
converting route:  out : 
Reporting routing graph
converting route:  soln1 : 
converting route:  soln1 : 
Reporting routing graph
converting route:  soln2 : 
converting route:  soln2 : 
Reporting routing graph
converting route:  soln3 : 
converting route:  soln3 : 
Reporting routing graph
converting route:  soln4 : 
converting route:  soln4 : 
Reporting routing graph
<generator_class.Nets object at 0x7ff0b04b64c0>
converting route:  connect0 : 
converting route:  connect0 : 
Reporting routing graph
converting route:  connect1 : 
converting route:  connect1 : 
Reporting routing graph
converting route:  connect2 : 
converting route:  connect2 : 
Reporting routing graph
converting route:  connect3 : 
converting route:  connect3 : 
Reporting routing graph
converting route:  connect4 : 
converting route:  connect4 : 
Reporting routing graph
converting route:  connect5 : 
converting route:  connect5 : 
Reporting routing graph
converting route:  out : 
converting route:  out : 
Reporting routing graph
converting route:  soln1 : 
converting route:  soln1 : 
Reporting routing graph
converting route:  soln2 : 
converting route:  soln2 : 
Reporting routing graph
converting route:  soln3 : 
converting route:  soln3 : 
Reporting routing graph
converting route:  soln4 : 
converting route:  soln4 : 
Reporting routing graph
<generator_class.Nets object at 0x7ff0b04b63d0>
converting route:  connect0 : 
converting route:  connect0 : 
Reporting routing graph
converting route:  connect1 : 
converting route:  connect1 : 
Reporting routing graph
converting route:  connect2 : 
converting route:  connect2 : 
Reporting routing graph
converting route:  connect3 : 
converting route:  connect3 : 
Reporting routing graph
converting route:  connect4 : 
converting route:  connect4 : 
Reporting routing graph
converting route:  connect5 : 
converting route:  connect5 : 
Reporting routing graph
converting route:  out : 
converting route:  out : 
Reporting routing graph
converting route:  soln1 : 
converting route:  soln1 : 
Reporting routing graph
converting route:  soln2 : 
converting route:  soln2 : 
Reporting routing graph
converting route:  soln3 : 
converting route:  soln3 : 
Reporting routing graph
converting route:  soln4 : 
converting route:  soln4 : 
Reporting routing graph
<generator_class.Nets object at 0x7ff0b04f7d60>
converting route:  connect0 : 
converting route:  connect0 : 
Reporting routing graph
converting route:  connect1 : 
converting route:  connect1 : 
Reporting routing graph
converting route:  connect2 : 
converting route:  connect2 : 
Reporting routing graph
converting route:  connect3 : 
converting route:  connect3 : 
Reporting routing graph
converting route:  connect4 : 
converting route:  connect4 : 
Reporting routing graph
converting route:  connect5 : 
converting route:  connect5 : 
Reporting routing graph
converting route:  out : 
converting route:  out : 
Reporting routing graph
converting route:  soln1 : 
converting route:  soln1 : 
Reporting routing graph
converting route:  soln2 : 
converting route:  soln2 : 
Reporting routing graph
converting route:  soln3 : 
converting route:  soln3 : 
Reporting routing graph
converting route:  soln4 : 
converting route:  soln4 : 
Reporting routing graph
<generator_class.Nets object at 0x7ff0b04f7ee0>
converting route:  connect0 : 
converting route:  connect0 : 
Reporting routing graph
converting route:  connect1 : 
converting route:  connect1 : 
Reporting routing graph
converting route:  connect2 : 
converting route:  connect2 : 
Reporting routing graph
converting route:  connect3 : 
converting route:  connect3 : 
Reporting routing graph
converting route:  connect4 : 
converting route:  connect4 : 
Reporting routing graph
converting route:  connect5 : 
converting route:  connect5 : 
Reporting routing graph
converting route:  out : 
converting route:  out : 
Reporting routing graph
converting route:  soln1 : 
converting route:  soln1 : 
Reporting routing graph
converting route:  soln2 : 
converting route:  soln2 : 
Reporting routing graph
converting route:  soln3 : 
converting route:  soln3 : 
Reporting routing graph
converting route:  soln4 : 
converting route:  soln4 : 
Reporting routing graph
<generator_class.Nets object at 0x7ff0b04f7fa0>
converting route:  connect0 : 
converting route:  connect0 : 
Reporting routing graph
converting route:  connect1 : 
converting route:  connect1 : 
Reporting routing graph
converting route:  connect2 : 
converting route:  connect2 : 
Reporting routing graph
converting route:  connect3 : 
converting route:  connect3 : 
Reporting routing graph
converting route:  connect4 : 
converting route:  connect4 : 
Reporting routing graph
converting route:  connect5 : 
converting route:  connect5 : 
Reporting routing graph
converting route:  out : 
converting route:  out : 
Reporting routing graph
converting route:  soln1 : 
converting route:  soln1 : 
Reporting routing graph
converting route:  soln2 : 
converting route:  soln2 : 
Reporting routing graph
converting route:  soln3 : 
converting route:  soln3 : 
Reporting routing graph
converting route:  soln4 : 
converting route:  soln4 : 
Reporting routing graph
<generator_class.Nets object at 0x7ff0b04f7b20>
converting route:  connect0 : 
converting route:  connect0 : 
Reporting routing graph
converting route:  connect1 : 
converting route:  connect1 : 
Reporting routing graph
converting route:  connect2 : 
converting route:  connect2 : 
Reporting routing graph
converting route:  connect3 : 
converting route:  connect3 : 
Reporting routing graph
converting route:  connect4 : 
converting route:  connect4 : 
Reporting routing graph
converting route:  connect5 : 
converting route:  connect5 : 
Reporting routing graph
converting route:  out : 
converting route:  out : 
Reporting routing graph
converting route:  soln1 : 
converting route:  soln1 : 
Reporting routing graph
converting route:  soln2 : 
converting route:  soln2 : 
Reporting routing graph
converting route:  soln3 : 
converting route:  soln3 : 
Reporting routing graph
converting route:  soln4 : 
converting route:  soln4 : 
Reporting routing graph
<generator_class.Nets object at 0x7ff0b04f79d0>
converting route:  connect0 : 
converting route:  connect0 : 
Reporting routing graph
converting route:  connect1 : 
converting route:  connect1 : 
Reporting routing graph
converting route:  connect2 : 
converting route:  connect2 : 
Reporting routing graph
converting route:  connect3 : 
converting route:  connect3 : 
Reporting routing graph
converting route:  connect4 : 
converting route:  connect4 : 
Reporting routing graph
converting route:  connect5 : 
converting route:  connect5 : 
Reporting routing graph
converting route:  out : 
converting route:  out : 
Reporting routing graph
converting route:  soln1 : 
converting route:  soln1 : 
Reporting routing graph
converting route:  soln2 : 
converting route:  soln2 : 
Reporting routing graph
converting route:  soln3 : 
converting route:  soln3 : 
Reporting routing graph
converting route:  soln4 : 
converting route:  soln4 : 
Reporting routing graph
<generator_class.Nets object at 0x7ff0b04f76d0>
converting route:  connect0 : 
converting route:  connect0 : 
Reporting routing graph
converting route:  connect1 : 
converting route:  connect1 : 
Reporting routing graph
converting route:  connect2 : 
converting route:  connect2 : 
Reporting routing graph
converting route:  connect3 : 
converting route:  connect3 : 
Reporting routing graph
converting route:  connect4 : 
converting route:  connect4 : 
Reporting routing graph
converting route:  connect5 : 
converting route:  connect5 : 
Reporting routing graph
converting route:  out : 
converting route:  out : 
Reporting routing graph
converting route:  soln1 : 
converting route:  soln1 : 
Reporting routing graph
converting route:  soln2 : 
converting route:  soln2 : 
Reporting routing graph
converting route:  soln3 : 
converting route:  soln3 : 
Reporting routing graph
converting route:  soln4 : 
converting route:  soln4 : 
Reporting routing graph
<generator_class.Nets object at 0x7ff0b04f7490>
converting route:  connect0 : 
converting route:  connect0 : 
Reporting routing graph
converting route:  connect1 : 
converting route:  connect1 : 
Reporting routing graph
converting route:  connect2 : 
converting route:  connect2 : 
Reporting routing graph
converting route:  connect3 : 
converting route:  connect3 : 
Reporting routing graph
converting route:  connect4 : 
converting route:  connect4 : 
Reporting routing graph
converting route:  connect5 : 
converting route:  connect5 : 
Reporting routing graph
converting route:  out : 
converting route:  out : 
Reporting routing graph
converting route:  soln1 : 
converting route:  soln1 : 
Reporting routing graph
converting route:  soln2 : 
converting route:  soln2 : 
Reporting routing graph
converting route:  soln3 : 
converting route:  soln3 : 
Reporting routing graph
converting route:  soln4 : 
converting route:  soln4 : 
Reporting routing graph

    --------------------------------
          OpenSCAD complete
    --------------------------------
    
	Command being timed: "python3 ../tools/scad_render/generator_v2.py --component_file ./platforms/h.r.3.3/pdk/scad_lib/h.r.3.3_merged.scad --routing_file ./platforms/h.r.3.3/scad/routing.scad --scad_include ./platforms/h.r.3.3/pdk/scad_include/polychannel_v2.scad ./platforms/h.r.3.3/pdk/scad_include/lef_scad_config.scad ./platforms/h.r.3.3/pdk/scad_include/lef_helper.scad --lef_file ./platforms/h.r.3.3/lef/h.r.3.3_merged.lef ./results/salicylic_acid/base/h.r.3.3_salicylic_acid_pcells.lef --tlef_file ./platforms/h.r.3.3/lef/h.r.3.3.tlef --platform h.r.3.3 --px 0.0076 --layer 0.01 --bottom_layer 75 --lpv 20 --xbulk 2550 --ybulk 1600 --zbulk 230 --xchip 325 2225 --ychip 325 1275 --pitch 30 --res 120 --dimm_file  --pcell ./results/salicylic_acid/base/pcell_out_scad --pcell ./results/salicylic_acid/base/pcell_out_scad --def_file results/salicylic_acid/base/4_final_fix.def --design salicylic_acid --scad_out_file ./results/salicylic_acid/base/4_final_fixbase.scad --scad_include ./platforms/h.r.3.3/pdk/scad_lib/polychannel_v2.scad ./platforms/h.r.3.3/pdk/scad_lib/lef_helper.scad ./platforms/h.r.3.3/pdk/scad_lib/lef_scad_config.scad ./platforms/h.r.3.3/pdk/scad_lib/polychannel_v2.scad ./platforms/h.r.3.3/pdk/scad_lib/lef_helper.scad ./platforms/h.r.3.3/pdk/scad_lib/lef_scad_config.scad --results_dir ./results/salicylic_acid/base"
	User time (seconds): 3.49
	System time (seconds): 3.53
	Percent of CPU this job got: 214%
	Elapsed (wall clock) time (h:mm:ss or m:ss): 0:03.27
	Average shared text size (kbytes): 0
	Average unshared data size (kbytes): 0
	Average stack size (kbytes): 0
	Average total size (kbytes): 0
	Maximum resident set size (kbytes): 76108
	Average resident set size (kbytes): 0
	Major (requiring I/O) page faults: 0
	Minor (reclaiming a frame) page faults: 13715
	Voluntary context switches: 1839
	Involuntary context switches: 25071
	Swaps: 0
	File system inputs: 0
	File system outputs: 4152
	Socket messages sent: 0
	Socket messages received: 0
	Signals delivered: 0
	Page size (bytes): 4096
	Exit status: 0
