soln1
soln2
soln3
out
{'inputs': [['soln1', 'soln2', 'soln3']], 'outputs': [['out']], 'wires': [['connect0', 'connect1', 'connect2', 'connect3']], 'components': {'serp0': {'component_type': 'p_serpentine_1_360_30_23', 'ports': {'comp_port': 'out_fluid', 'net_port': 'connect0'}, 'isModule': False}, 'serp1': {'component_type': 'p_serpentine_0_60_30_19', 'ports': {'comp_port': 'out_fluid', 'net_port': 'connect1'}, 'isModule': False}, 'serp2': {'component_type': 'p_serpentine_0_30_30_3', 'ports': {'comp_port': 'out_fluid', 'net_port': 'connect2'}, 'isModule': False}, 'mix0': {'component_type': 'diffmix_25px_0', 'ports': {'comp_port': 'out_fluid', 'net_port': 'connect3'}, 'isModule': False}, 'mix1': {'component_type': 'diffmix_25px_0', 'ports': {'comp_port': 'out_fluid', 'net_port': 'out'}, 'isModule': False}}}
Simulation import config

Devices =============================
chem: pressurePump
net:  soln1
args: ['pressure=100k']

chem: pressurePump
net:  soln2
args: ['pressure=100k']

chem: pressurePump
net:  soln3
args: ['pressure=100k']

Chem Input ==========================
chem: sample
net:  soln1
value: 1

chem: R2
net:  soln2
value: 1

chem: R1
net:  soln3
value: 1

Probe ===============================
Probe ---
type: concentration
net:  out
device None

Probe ---
type: concentration
net:  out
device None

Probe ---
type: concentration
net:  out
device None

Eval ================================
property: sample
net:  out
value: 0.04639175
device: None
time: 0.0

property: R2
net:  out
value: 0.28350515000000004
device: None
time: 0.0

property: R1
net:  out
value: 0.67010309
device: None
time: 0.0


<SimulationXyce.SimulationXyce.Probe object at 0x7f933daf4430>
<SimulationXyce.SimulationXyce.Probe object at 0x7f933daf4700>
<SimulationXyce.SimulationXyce.Probe object at 0x7f933daf48b0>
{'': '0', 'wire': 'connect0', 'length (mm)': {'': 4.35982}}
3
{'': '1', 'wire': 'connect1', 'length (mm)': {'': 5.90191}}
3
{'': '2', 'wire': 'connect2', 'length (mm)': {'': 2.41982}}
3
{'': '3', 'wire': 'connect3', 'length (mm)': {'': 1.9379099999999978}}
3
{'': '4', 'wire': 'out', 'length (mm)': {'': 3.67791}}
3
{'': '5', 'wire': 'soln1', 'length (mm)': {'': 3.6800000000000024}}
3
{'': '6', 'wire': 'soln2', 'length (mm)': {'': 3.8800000000000026}}
3
{'': '7', 'wire': 'soln3', 'length (mm)': {'': 7.29791}}
3
{'connect0': 4.35982, 'connect1': 5.90191, 'connect2': 2.41982, 'connect3': 1.9379099999999978, 'out': 3.67791, 'soln1': 3.6800000000000024, 'soln2': 3.8800000000000026, 'soln3': 7.29791}
Reading:  ./results/cocaine/base/7_cocaine_route_nets.json
Loading graph: ./results/cocaine/base/7_cocaine_route_nets.json
comp node : serp0 wire node:  soln1
comp node : serp1 wire node:  soln2
comp node : serp2 wire node:  soln3
comp node : mix1 wire node:  out
{'connect0': 4.35982, 'connect1': 5.90191, 'connect2': 2.41982, 'connect3': 1.9379099999999978, 'out': 3.67791, 'soln1': 3.6800000000000024, 'soln2': 3.8800000000000026, 'soln3': 7.29791}
comp node : serp0 wire node:  connect0
comp node : mix0 wire node:  connect0
{'connect0': 4.35982, 'connect1': 5.90191, 'connect2': 2.41982, 'connect3': 1.9379099999999978, 'out': 3.67791, 'soln1': 3.6800000000000024, 'soln2': 3.8800000000000026, 'soln3': 7.29791}
comp node : serp1 wire node:  connect1
comp node : mix0 wire node:  connect1
{'connect0': 4.35982, 'connect1': 5.90191, 'connect2': 2.41982, 'connect3': 1.9379099999999978, 'out': 3.67791, 'soln1': 3.6800000000000024, 'soln2': 3.8800000000000026, 'soln3': 7.29791}
comp node : serp2 wire node:  connect2
comp node : mix1 wire node:  connect2
{'connect0': 4.35982, 'connect1': 5.90191, 'connect2': 2.41982, 'connect3': 1.9379099999999978, 'out': 3.67791, 'soln1': 3.6800000000000024, 'soln2': 3.8800000000000026, 'soln3': 7.29791}
comp node : mix0 wire node:  connect3
comp node : mix1 wire node:  connect3
Node serp0 is of type p_serpentine_1_360_30_23
Node serp1 is of type p_serpentine_0_60_30_19
Node serp2 is of type p_serpentine_0_30_30_3
Node mix0 is of type diffmix_25px_0
Node mix1 is of type diffmix_25px_0
{'p_serpentine_0_60_30_19': {'base cell': 'p_serpentine_0', 'parameters': 'L1=60 L2=30 turns=19'}, 'p_serpentine_0_30_30_3': {'base cell': 'p_serpentine_0', 'parameters': 'L1=30 L2=30 turns=3'}, 'p_serpentine_1_360_30_23': {'base cell': 'p_serpentine_1', 'parameters': 'L1=360 L2=30 turns=23'}}
IN nodes ['soln1', 'soln2', 'soln3'] 
OUT nodes ['out'] 
CHAN nodes ['connect0', 'connect1', 'connect2', 'connect3'] 
COMP nodes ['serp0', 'serp1', 'serp2', 'mix0', 'mix1']
edges of node connect0: [('connect0', 'serp0'), ('connect0', 'mix0')]
edges of node connect1: [('connect1', 'serp1'), ('connect1', 'mix0')]
edges of node connect2: [('connect2', 'serp2'), ('connect2', 'mix1')]
edges of node connect3: [('connect3', 'mix0'), ('connect3', 'mix1')]
node: serp0, connected nodes {'soln1': {'port': 'in_fluid', 'fl_net': 'soln1_serp0', 'ch_net': 'soln1_serp0_chem'}, 'connect0': {'port': 'out_fluid', 'fl_net': 'connect0_serp0', 'ch_net': 'connect0_serp0_chem'}}
node: serp1, connected nodes {'soln2': {'port': 'in_fluid', 'fl_net': 'soln2_serp1', 'ch_net': 'soln2_serp1_chem'}, 'connect1': {'port': 'out_fluid', 'fl_net': 'connect1_serp1', 'ch_net': 'connect1_serp1_chem'}}
node: serp2, connected nodes {'soln3': {'port': 'in_fluid', 'fl_net': 'soln3_serp2', 'ch_net': 'soln3_serp2_chem'}, 'connect2': {'port': 'out_fluid', 'fl_net': 'connect2_serp2', 'ch_net': 'connect2_serp2_chem'}}
node: mix0, connected nodes {'connect0': {'port': 'a_fluid', 'fl_net': 'connect0_mix0', 'ch_net': 'connect0_mix0_chem'}, 'connect1': {'port': 'b_fluid', 'fl_net': 'connect1_mix0', 'ch_net': 'connect1_mix0_chem'}, 'connect3': {'port': 'out_fluid', 'fl_net': 'connect3_mix0', 'ch_net': 'connect3_mix0_chem'}}
node: mix1, connected nodes {'connect2': {'port': 'a_fluid', 'fl_net': 'connect2_mix1', 'ch_net': 'connect2_mix1_chem'}, 'connect3': {'port': 'b_fluid', 'fl_net': 'connect3_mix1', 'ch_net': 'connect3_mix1_chem'}, 'out': {'port': 'out_fluid', 'fl_net': 'out_mix1', 'ch_net': 'out_mix1_chem'}}
['.tran', '1m', '0.1m']
{'': '0', 'wire': 'connect0', 'length (mm)': {'': 4.35982}}
3
{'': '1', 'wire': 'connect1', 'length (mm)': {'': 5.90191}}
3
{'': '2', 'wire': 'connect2', 'length (mm)': {'': 2.41982}}
3
{'': '3', 'wire': 'connect3', 'length (mm)': {'': 1.9379099999999978}}
3
{'': '4', 'wire': 'out', 'length (mm)': {'': 3.67791}}
3
{'': '5', 'wire': 'soln1', 'length (mm)': {'': 3.6800000000000024}}
3
{'': '6', 'wire': 'soln2', 'length (mm)': {'': 3.8800000000000026}}
3
{'': '7', 'wire': 'soln3', 'length (mm)': {'': 7.29791}}
3
{'connect0': 4.35982, 'connect1': 5.90191, 'connect2': 2.41982, 'connect3': 1.9379099999999978, 'out': 3.67791, 'soln1': 3.6800000000000024, 'soln2': 3.8800000000000026, 'soln3': 7.29791}
Reading:  ./results/cocaine/base/7_cocaine_route_nets.json
Loading graph: ./results/cocaine/base/7_cocaine_route_nets.json
comp node : serp0 wire node:  soln1
comp node : serp1 wire node:  soln2
comp node : serp2 wire node:  soln3
comp node : mix1 wire node:  out
{'connect0': 4.35982, 'connect1': 5.90191, 'connect2': 2.41982, 'connect3': 1.9379099999999978, 'out': 3.67791, 'soln1': 3.6800000000000024, 'soln2': 3.8800000000000026, 'soln3': 7.29791}
comp node : serp0 wire node:  connect0
comp node : mix0 wire node:  connect0
{'connect0': 4.35982, 'connect1': 5.90191, 'connect2': 2.41982, 'connect3': 1.9379099999999978, 'out': 3.67791, 'soln1': 3.6800000000000024, 'soln2': 3.8800000000000026, 'soln3': 7.29791}
comp node : serp1 wire node:  connect1
comp node : mix0 wire node:  connect1
{'connect0': 4.35982, 'connect1': 5.90191, 'connect2': 2.41982, 'connect3': 1.9379099999999978, 'out': 3.67791, 'soln1': 3.6800000000000024, 'soln2': 3.8800000000000026, 'soln3': 7.29791}
comp node : serp2 wire node:  connect2
comp node : mix1 wire node:  connect2
{'connect0': 4.35982, 'connect1': 5.90191, 'connect2': 2.41982, 'connect3': 1.9379099999999978, 'out': 3.67791, 'soln1': 3.6800000000000024, 'soln2': 3.8800000000000026, 'soln3': 7.29791}
comp node : mix0 wire node:  connect3
comp node : mix1 wire node:  connect3
Node serp0 is of type p_serpentine_1_360_30_23
Node serp1 is of type p_serpentine_0_60_30_19

*****
***** Welcome to the Xyce(TM) Parallel Electronic Simulator
*****
***** This is version Xyce Release 7.8-opensource
***** Date: Fri Jul 11 11:35:01 MDT 2025


***** Executing netlist ./results/cocaine/base/simulation/cocaine_sample.cir

***** Reading and parsing netlist...
***** Setting up topology...

Netlist info in file ./results/cocaine/base/simulation/cocaine_sample.cir at
 or near line 22
 Device instance YDIFFMIX_25PX_0!MIX0: resistance Mixer: 
 
Netlist info in file ./results/cocaine/base/simulation/cocaine_sample.cir at
 or near line 22
 Device instance YDIFFMIX_25PX_0!MIX0: 5.28498e+10 
 
Netlist info in file ./results/cocaine/base/simulation/cocaine_sample.cir at
 or near line 22
 Device instance YDIFFMIX_25PX_0!MIX0: 7.48241e+10 
 
Netlist info in file ./results/cocaine/base/simulation/cocaine_sample.cir at
 or near line 22
 Device instance YDIFFMIX_25PX_0!MIX0: 5.28498e+10 
 
Netlist info in file ./results/cocaine/base/simulation/cocaine_sample.cir at
 or near line 22
 Device instance YDIFFMIX_25PX_0!MIX0: test 4 
 
Netlist info in file ./results/cocaine/base/simulation/cocaine_sample.cir at
 or near line 23
 Device instance YDIFFMIX_25PX_0!MIX1: resistance Mixer: 
 
Netlist info in file ./results/cocaine/base/simulation/cocaine_sample.cir at
 or near line 23
 Device instance YDIFFMIX_25PX_0!MIX1: 5.28498e+10 
 
Netlist info in file ./results/cocaine/base/simulation/cocaine_sample.cir at
 or near line 23
 Device instance YDIFFMIX_25PX_0!MIX1: 7.48241e+10 
 
Netlist info in file ./results/cocaine/base/simulation/cocaine_sample.cir at
 or near line 23
 Device instance YDIFFMIX_25PX_0!MIX1: 5.28498e+10 
 
Netlist info in file ./results/cocaine/base/simulation/cocaine_sample.cir at
 or near line 23
 Device instance YDIFFMIX_25PX_0!MIX1: test 4 
 
Netlist warning: Voltage Node (31) connected to only 1 device Terminal
Netlist warning: Voltage Node (26) does not have a DC path to ground
Netlist warning: Voltage Node (28) does not have a DC path to ground
Netlist warning: Voltage Node (23) does not have a DC path to ground
Netlist warning: Voltage Node (27) does not have a DC path to ground
Netlist warning: Voltage Node (31) does not have a DC path to ground
Netlist warning: Voltage Node (11) does not have a DC path to ground
Netlist warning: Voltage Node (18) does not have a DC path to ground
Netlist warning: Voltage Node (9) does not have a DC path to ground
Netlist warning: Voltage Node (21) does not have a DC path to ground
Netlist warning: Voltage Node (4) does not have a DC path to ground
Netlist warning: Voltage Node (25) does not have a DC path to ground
Netlist warning: Voltage Node (12) does not have a DC path to ground
Netlist warning: Voltage Node (1) does not have a DC path to ground
Netlist warning: Voltage Node (14) does not have a DC path to ground
Netlist warning: Voltage Node (2) does not have a DC path to ground
Netlist warning: Voltage Node (10) does not have a DC path to ground
Netlist warning: Voltage Node (3) does not have a DC path to ground
Netlist warning: Voltage Node (13) does not have a DC path to ground
Netlist warning: Voltage Node (30) does not have a DC path to ground
Netlist warning: Voltage Node (8) does not have a DC path to ground
Netlist warning: Voltage Node (22) does not have a DC path to ground
Netlist warning: Voltage Node (5) does not have a DC path to ground
Netlist warning: Voltage Node (7) does not have a DC path to ground
Netlist warning: Voltage Node (24) does not have a DC path to ground
Netlist warning: Voltage Node (17) does not have a DC path to ground
Netlist warning: Voltage Node (19) does not have a DC path to ground
Netlist warning: Voltage Node (15) does not have a DC path to ground
Netlist warning: Voltage Node (6) does not have a DC path to ground
Netlist warning: Voltage Node (20) does not have a DC path to ground
Netlist warning: Voltage Node (16) does not have a DC path to ground
***** Device Count Summary ...
       CHANNEL level 1 (ADMS channel)                8
       DIFFMIX_25PX_0 level 1 (ADMS diffmix_25px_0)  2
       P_SERPENTINE_0 level 1 (ADMS p_serpentine_0)  2
       P_SERPENTINE_1 level 1 (ADMS p_serpentine_1)  1
       PRESSUREPUMP level 1 (ADMS pressurePump)      3
       -----------------------------------------------
       Total Devices                                16
***** Setting up matrix structure...
***** Number of Unknowns = 52
***** Initializing...

***** Beginning DC Operating Point Calculation...

***** Beginning Transient Calculation...

***** Percent complete: 1.5 %
***** Current system time: Fri Jul 11 11:35:01 2025
***** Estimated time to completion:  0 sec.

***** Percent complete: 3.5 %
***** Current system time: Fri Jul 11 11:35:01 2025
***** Estimated time to completion:  0 sec.

***** Percent complete: 7.5 %
***** Current system time: Fri Jul 11 11:35:01 2025
***** Estimated time to completion:  0 sec.

***** Percent complete: 15.5 %
***** Current system time: Fri Jul 11 11:35:01 2025
***** Estimated time to completion:  0 sec.

***** Percent complete: 25.5 %
***** Current system time: Fri Jul 11 11:35:01 2025
***** Estimated time to completion:  0 sec.

***** Percent complete: 35.5 %
***** Current system time: Fri Jul 11 11:35:01 2025
***** Estimated time to completion:  0 sec.

***** Percent complete: 45.5 %
***** Current system time: Fri Jul 11 11:35:01 2025
***** Estimated time to completion:  0 sec.

***** Percent complete: 55.5 %
***** Current system time: Fri Jul 11 11:35:01 2025
***** Estimated time to completion:  0 sec.

***** Percent complete: 65.5 %
***** Current system time: Fri Jul 11 11:35:01 2025
***** Estimated time to completion:  0 sec.

***** Percent complete: 75.5 %
***** Current system time: Fri Jul 11 11:35:01 2025
***** Estimated time to completion:  0 sec.

***** Percent complete: 85.5 %
***** Current system time: Fri Jul 11 11:35:01 2025
***** Estimated time to completion:  0 sec.

***** Percent complete: 95.5 %
***** Current system time: Fri Jul 11 11:35:01 2025
***** Estimated time to completion:  0 sec.

***** Problem read in and set up time: 0.00496793 seconds
 ***** DCOP time: 0.00624585 seconds.  Breakdown follows:
	Number Successful Steps Taken:		1
	Number Failed Steps Attempted:		0
	Number Jacobians Evaluated:		3
	Number Linear Solves:			3
	Number Failed Linear Solves:		0
	Number Residual Evaluations:		5
	Number Nonlinear Convergence Failures:	0
	Total Residual Load Time:		7.1764e-05 seconds
	Total Jacobian Load Time:		2.5034e-05 seconds
	Total Linear Solution Time:		0.000200987 seconds

 ***** Transient Stepping time: 0.0041461 seconds.  Breakdown follows:
	Number Successful Steps Taken:		14
	Number Failed Steps Attempted:		0
	Number Jacobians Evaluated:		14
	Number Linear Solves:			14
	Number Failed Linear Solves:		0
	Number Residual Evaluations:		28
	Number Nonlinear Convergence Failures:	0
	Total Residual Load Time:		0.000153542 seconds
	Total Jacobian Load Time:		0.000104904 seconds
	Total Linear Solution Time:		0.000157595 seconds


***** Solution Summary *****
	Number Successful Steps Taken:		15
	Number Failed Steps Attempted:		0
	Number Jacobians Evaluated:		17
	Number Linear Solves:			17
	Number Failed Linear Solves:		0
	Number Residual Evaluations:		33
	Number Nonlinear Convergence Failures:	0
	Total Residual Load Time:		0.000225306 seconds
	Total Jacobian Load Time:		0.000129938 seconds
	Total Linear Solution Time:		0.000358582 seconds


***** Total Simulation Solvers Run Time: 0.0116041 seconds
***** Total Elapsed Run Time:            0.0165532 seconds
*****
***** End of Xyce(TM) Simulation
*****

Timing summary of 1 processor
                 Stats                   Count       CPU Time              Wall Time
---------------------------------------- ----- --------------------- ---------------------
Xyce                                         1        0.009 (100.0%)        0.024 (100.0%)
  Analysis                                   1        0.002 (20.05%)        0.012 (47.28%)
    Transient                                1        0.002 (19.84%)        0.012 (47.20%)
      Nonlinear Solve                       15        0.001 ( 7.68%)        0.002 ( 6.31%)
        Residual                            33        0.000 ( 2.11%)        0.000 ( 1.08%)
        Jacobian                            17        0.000 ( 1.39%)        0.000 ( 0.64%)
        Linear Solve                        17        0.000 ( 2.00%)        0.000 ( 1.59%)
      Successful DCOP Steps                  1        0.000 ( 2.75%)        0.005 (21.72%)
      Successful Step                       14        0.000 ( 3.03%)        0.003 (12.63%)
  Netlist Import                             1        0.002 (19.20%)        0.003 (11.00%)
    Parse Context                            1        0.000 ( 2.98%)        0.001 ( 5.17%)
    Distribute Devices                       1        0.000 ( 4.41%)        0.000 ( 1.54%)
    Verify Devices                           1        0.000 ( 0.08%)        0.000 ( 0.03%)
    Instantiate                              1        0.000 ( 3.44%)        0.000 ( 1.23%)
  Late Initialization                        1        0.001 (14.84%)        0.001 ( 5.22%)
    Global Indices                           1        0.000 ( 2.25%)        0.000 ( 0.79%)
  Setup Matrix Structure                     1        0.000 ( 3.97%)        0.000 ( 1.40%)


*****
***** Welcome to the Xyce(TM) Parallel Electronic Simulator
*****
***** This is version Xyce Release 7.8-opensource
***** Date: Fri Jul 11 11:35:01 MDT 2025


***** Executing netlist ./results/cocaine/base/simulation/cocaine_R2.cir

***** Reading and parsing netlist...
***** Setting up topology...

Netlist info in file ./results/cocaine/base/simulation/cocaine_R2.cir at or
 near line 22
 Device instance YDIFFMIX_25PX_0!MIX0: resistance Mixer: 
 
Netlist info in file ./results/cocaine/base/simulation/cocaine_R2.cir at or
 near line 22
 Device instance YDIFFMIX_25PX_0!MIX0: 5.28498e+10 
 
Netlist info in file ./results/cocaine/base/simulation/cocaine_R2.cir at or
 near line 22
 Device instance YDIFFMIX_25PX_0!MIX0: 7.48241e+10 
 
Netlist info in file ./results/cocaine/base/simulation/cocaine_R2.cir at or
 near line 22
 Device instance YDIFFMIX_25PX_0!MIX0: 5.28498e+10 
 
Netlist info in file ./results/cocaine/base/simulation/cocaine_R2.cir at or
 near line 22
 Device instance YDIFFMIX_25PX_0!MIX0: test 4 
 
Netlist info in file ./results/cocaine/base/simulation/cocaine_R2.cir at or
 near line 23
 Device instance YDIFFMIX_25PX_0!MIX1: resistance Mixer: 
 
Netlist info in file ./results/cocaine/base/simulation/cocaine_R2.cir at or
 near line 23
 Device instance YDIFFMIX_25PX_0!MIX1: 5.28498e+10 
 
Netlist info in file ./results/cocaine/base/simulation/cocaine_R2.cir at or
 near line 23
 Device instance YDIFFMIX_25PX_0!MIX1: 7.48241e+10 
 
Netlist info in file ./results/cocaine/base/simulation/cocaine_R2.cir at or
 near line 23
 Device instance YDIFFMIX_25PX_0!MIX1: 5.28498e+10 
 
Netlist info in file ./results/cocaine/base/simulation/cocaine_R2.cir at or
 near line 23
 Device instance YDIFFMIX_25PX_0!MIX1: test 4 
 
Netlist warning: Voltage Node (31) connected to only 1 device Terminal
Netlist warning: Voltage Node (26) does not have a DC path to ground
Netlist warning: Voltage Node (28) does not have a DC path to ground
Netlist warning: Voltage Node (23) does not have a DC path to ground
Netlist warning: Voltage Node (27) does not have a DC path to ground
Netlist warning: Voltage Node (31) does not have a DC path to ground
Netlist warning: Voltage Node (11) does not have a DC path to ground
Netlist warning: Voltage Node (18) does not have a DC path to ground
Netlist warning: Voltage Node (9) does not have a DC path to ground
Netlist warning: Voltage Node (21) does not have a DC path to ground
Netlist warning: Voltage Node (4) does not have a DC path to ground
Netlist warning: Voltage Node (25) does not have a DC path to ground
Netlist warning: Voltage Node (12) does not have a DC path to ground
Netlist warning: Voltage Node (1) does not have a DC path to ground
Netlist warning: Voltage Node (14) does not have a DC path to ground
Netlist warning: Voltage Node (2) does not have a DC path to ground
Netlist warning: Voltage Node (10) does not have a DC path to ground
Netlist warning: Voltage Node (3) does not have a DC path to ground
Netlist warning: Voltage Node (13) does not have a DC path to ground
Netlist warning: Voltage Node (30) does not have a DC path to ground
Netlist warning: Voltage Node (8) does not have a DC path to ground
Netlist warning: Voltage Node (22) does not have a DC path to ground
Netlist warning: Voltage Node (5) does not have a DC path to ground
Netlist warning: Voltage Node (7) does not have a DC path to ground
Netlist warning: Voltage Node (24) does not have a DC path to ground
Netlist warning: Voltage Node (17) does not have a DC path to ground
Netlist warning: Voltage Node (19) does not have a DC path to ground
Netlist warning: Voltage Node (15) does not have a DC path to ground
Netlist warning: Voltage Node (6) does not have a DC path to ground
Netlist warning: Voltage Node (20) does not have a DC path to ground
Netlist warning: Voltage Node (16) does not have a DC path to ground
***** Device Count Summary ...
       CHANNEL level 1 (ADMS channel)                8
       DIFFMIX_25PX_0 level 1 (ADMS diffmix_25px_0)  2
       P_SERPENTINE_0 level 1 (ADMS p_serpentine_0)  2
       P_SERPENTINE_1 level 1 (ADMS p_serpentine_1)  1
       PRESSUREPUMP level 1 (ADMS pressurePump)      3
       -----------------------------------------------
       Total Devices                                16
***** Setting up matrix structure...
***** Number of Unknowns = 52
***** Initializing...

***** Beginning DC Operating Point Calculation...

***** Beginning Transient Calculation...

***** Percent complete: 1.5 %
***** Current system time: Fri Jul 11 11:35:01 2025
***** Estimated time to completion:  0 sec.

***** Percent complete: 3.5 %
***** Current system time: Fri Jul 11 11:35:01 2025
***** Estimated time to completion:  0 sec.

***** Percent complete: 7.5 %
***** Current system time: Fri Jul 11 11:35:01 2025
***** Estimated time to completion:  0 sec.

***** Percent complete: 15.5 %
***** Current system time: Fri Jul 11 11:35:01 2025
***** Estimated time to completion:  0 sec.

***** Percent complete: 25.5 %
***** Current system time: Fri Jul 11 11:35:01 2025
***** Estimated time to completion:  0 sec.

***** Percent complete: 35.5 %
***** Current system time: Fri Jul 11 11:35:01 2025
***** Estimated time to completion:  0 sec.

***** Percent complete: 45.5 %
***** Current system time: Fri Jul 11 11:35:01 2025
***** Estimated time to completion:  0 sec.

***** Percent complete: 55.5 %
***** Current system time: Fri Jul 11 11:35:01 2025
***** Estimated time to completion:  0 sec.

***** Percent complete: 65.5 %
***** Current system time: Fri Jul 11 11:35:01 2025
***** Estimated time to completion:  0 sec.

***** Percent complete: 75.5 %
***** Current system time: Fri Jul 11 11:35:01 2025
***** Estimated time to completion:  0 sec.

***** Percent complete: 85.5 %
***** Current system time: Fri Jul 11 11:35:01 2025
***** Estimated time to completion:  0 sec.

***** Percent complete: 95.5 %
***** Current system time: Fri Jul 11 11:35:01 2025
***** Estimated time to completion:  0 sec.

***** Problem read in and set up time: 0.00455403 seconds
 ***** DCOP time: 0.00506711 seconds.  Breakdown follows:
	Number Successful Steps Taken:		1
	Number Failed Steps Attempted:		0
	Number Jacobians Evaluated:		3
	Number Linear Solves:			3
	Number Failed Linear Solves:		0
	Number Residual Evaluations:		5
	Number Nonlinear Convergence Failures:	0
	Total Residual Load Time:		6.91414e-05 seconds
	Total Jacobian Load Time:		2.28882e-05 seconds
	Total Linear Solution Time:		0.000201225 seconds

 ***** Transient Stepping time: 0.00100899 seconds.  Breakdown follows:
	Number Successful Steps Taken:		14
	Number Failed Steps Attempted:		0
	Number Jacobians Evaluated:		14
	Number Linear Solves:			14
	Number Failed Linear Solves:		0
	Number Residual Evaluations:		28
	Number Nonlinear Convergence Failures:	0
	Total Residual Load Time:		0.000114202 seconds
	Total Jacobian Load Time:		8.29697e-05 seconds
	Total Linear Solution Time:		0.000141621 seconds


***** Solution Summary *****
	Number Successful Steps Taken:		15
	Number Failed Steps Attempted:		0
	Number Jacobians Evaluated:		17
	Number Linear Solves:			17
	Number Failed Linear Solves:		0
	Number Residual Evaluations:		33
	Number Nonlinear Convergence Failures:	0
	Total Residual Load Time:		0.000183344 seconds
	Total Jacobian Load Time:		0.000105858 seconds
	Total Linear Solution Time:		0.000342846 seconds


***** Total Simulation Solvers Run Time: 0.00899792 seconds
***** Total Elapsed Run Time:            0.0135338 seconds
*****
***** End of Xyce(TM) Simulation
*****

Timing summary of 1 processor
                 Stats                   Count       CPU Time              Wall Time
---------------------------------------- ----- --------------------- ---------------------
Xyce                                         1        0.008 (100.0%)        0.019 (100.0%)
  Analysis                                   1        0.001 (15.84%)        0.009 (46.36%)
    Transient                                1        0.001 (15.60%)        0.009 (46.26%)
      Nonlinear Solve                       15        0.001 ( 6.53%)        0.001 ( 7.23%)
        Residual                            33        0.000 ( 1.68%)        0.000 ( 1.12%)
        Jacobian                            17        0.000 ( 1.16%)        0.000 ( 0.63%)
        Linear Solve                        17        0.000 ( 1.91%)        0.000 ( 1.85%)
      Successful DCOP Steps                  1        0.000 ( 1.58%)        0.004 (21.48%)
      Successful Step                       14        0.000 ( 2.38%)        0.000 ( 0.98%)
  Netlist Import                             1        0.001 (17.76%)        0.002 (12.47%)
    Parse Context                            1        0.000 ( 2.68%)        0.001 ( 5.18%)
    Distribute Devices                       1        0.000 ( 4.83%)        0.000 ( 2.05%)
    Verify Devices                           1        0.000 ( 0.09%)        0.000 ( 0.04%)
    Instantiate                              1        0.000 ( 3.51%)        0.000 ( 1.38%)
  Late Initialization                        1        0.001 (14.50%)        0.001 ( 6.11%)
    Global Indices                           1        0.000 ( 2.25%)        0.000 ( 0.94%)
  Setup Matrix Structure                     1        0.000 ( 4.11%)        0.000 ( 1.75%)


*****
***** Welcome to the Xyce(TM) Parallel Electronic Simulator
*****
***** This is version Xyce Release 7.8-opensource
***** Date: Fri Jul 11 11:35:01 MDT 2025


***** Executing netlist ./results/cocaine/base/simulation/cocaine_R1.cir

***** Reading and parsing netlist...
***** Setting up topology...

Netlist info in file ./results/cocaine/base/simulation/cocaine_R1.cir at or
 near line 22
 Device instance YDIFFMIX_25PX_0!MIX0: resistance Mixer: 
 
Netlist info in file ./results/cocaine/base/simulation/cocaine_R1.cir at or
 near line 22
 Device instance YDIFFMIX_25PX_0!MIX0: 5.28498e+10 
 
Netlist info in file ./results/cocaine/base/simulation/cocaine_R1.cir at or
 near line 22
 Device instance YDIFFMIX_25PX_0!MIX0: 7.48241e+10 
 
Netlist info in file ./results/cocaine/base/simulation/cocaine_R1.cir at or
 near line 22
 Device instance YDIFFMIX_25PX_0!MIX0: 5.28498e+10 
 
Netlist info in file ./results/cocaine/base/simulation/cocaine_R1.cir at or
 near line 22
 Device instance YDIFFMIX_25PX_0!MIX0: test 4 
 
Netlist info in file ./results/cocaine/base/simulation/cocaine_R1.cir at or
 near line 23
 Device instance YDIFFMIX_25PX_0!MIX1: resistance Mixer: 
 
Netlist info in file ./results/cocaine/base/simulation/cocaine_R1.cir at or
 near line 23
 Device instance YDIFFMIX_25PX_0!MIX1: 5.28498e+10 
 
Netlist info in file ./results/cocaine/base/simulation/cocaine_R1.cir at or
 near line 23
 Device instance YDIFFMIX_25PX_0!MIX1: 7.48241e+10 
 
Netlist info in file ./results/cocaine/base/simulation/cocaine_R1.cir at or
 near line 23
 Device instance YDIFFMIX_25PX_0!MIX1: 5.28498e+10 
 
Netlist info in file ./results/cocaine/base/simulation/cocaine_R1.cir at or
 near line 23
 Device instance YDIFFMIX_25PX_0!MIX1: test 4 
 
Netlist warning: Voltage Node (31) connected to only 1 device Terminal
Netlist warning: Voltage Node (26) does not have a DC path to ground
Netlist warning: Voltage Node (28) does not have a DC path to ground
Netlist warning: Voltage Node (23) does not have a DC path to ground
Netlist warning: Voltage Node (27) does not have a DC path to ground
Netlist warning: Voltage Node (31) does not have a DC path to ground
Netlist warning: Voltage Node (11) does not have a DC path to ground
Netlist warning: Voltage Node (18) does not have a DC path to ground
Netlist warning: Voltage Node (9) does not have a DC path to ground
Netlist warning: Voltage Node (21) does not have a DC path to ground
Netlist warning: Voltage Node (4) does not have a DC path to ground
Netlist warning: Voltage Node (25) does not have a DC path to ground
Netlist warning: Voltage Node (12) does not have a DC path to ground
Netlist warning: Voltage Node (1) does not have a DC path to ground
Netlist warning: Voltage Node (14) does not have a DC path to ground
Netlist warning: Voltage Node (2) does not have a DC path to ground
Netlist warning: Voltage Node (10) does not have a DC path to ground
Netlist warning: Voltage Node (3) does not have a DC path to ground
Netlist warning: Voltage Node (13) does not have a DC path to ground
Netlist warning: Voltage Node (30) does not have a DC path to ground
Netlist warning: Voltage Node (8) does not have a DC path to ground
Netlist warning: Voltage Node (22) does not have a DC path to ground
Netlist warning: Voltage Node (5) does not have a DC path to ground
Netlist warning: Voltage Node (7) does not have a DC path to ground
Netlist warning: Voltage Node (24) does not have a DC path to ground
Netlist warning: Voltage Node (17) does not have a DC path to ground
Netlist warning: Voltage Node (19) does not have a DC path to ground
Netlist warning: Voltage Node (15) does not have a DC path to ground
Netlist warning: Voltage Node (6) does not have a DC path to ground
Netlist warning: Voltage Node (20) does not have a DC path to ground
Netlist warning: Voltage Node (16) does not have a DC path to ground
***** Device Count Summary ...
       CHANNEL level 1 (ADMS channel)                8
       DIFFMIX_25PX_0 level 1 (ADMS diffmix_25px_0)  2
       P_SERPENTINE_0 level 1 (ADMS p_serpentine_0)  2
       P_SERPENTINE_1 level 1 (ADMS p_serpentine_1)  1
       PRESSUREPUMP level 1 (ADMS pressurePump)      3
       -----------------------------------------------
       Total Devices                                16
***** Setting up matrix structure...
***** Number of Unknowns = 52
***** Initializing...

***** Beginning DC Operating Point Calculation...

***** Beginning Transient Calculation...

***** Percent complete: 1.5 %
***** Current system time: Fri Jul 11 11:35:01 2025
***** Estimated time to completion:  0 sec.

***** Percent complete: 3.5 %
***** Current system time: Fri Jul 11 11:35:01 2025
***** Estimated time to completion:  0 sec.

***** Percent complete: 7.5 %
***** Current system time: Fri Jul 11 11:35:01 2025
***** Estimated time to completion:  0 sec.

***** Percent complete: 15.5 %
***** Current system time: Fri Jul 11 11:35:01 2025
***** Estimated time to completion:  0 sec.

***** Percent complete: 25.5 %
***** Current system time: Fri Jul 11 11:35:01 2025
***** Estimated time to completion:  0 sec.

***** Percent complete: 35.5 %
***** Current system time: Fri Jul 11 11:35:01 2025
***** Estimated time to completion:  0 sec.

***** Percent complete: 45.5 %
***** Current system time: Fri Jul 11 11:35:01 2025
***** Estimated time to completion:  0 sec.

***** Percent complete: 55.5 %
***** Current system time: Fri Jul 11 11:35:01 2025
***** Estimated time to completion:  0 sec.

***** Percent complete: 65.5 %
***** Current system time: Fri Jul 11 11:35:01 2025
***** Estimated time to completion:  0 sec.

***** Percent complete: 75.5 %
***** Current system time: Fri Jul 11 11:35:01 2025
***** Estimated time to completion:  0 sec.

***** Percent complete: 85.5 %
***** Current system time: Fri Jul 11 11:35:01 2025
***** Estimated time to completion:  0 sec.

***** Percent complete: 95.5 %
***** Current system time: Fri Jul 11 11:35:01 2025
***** Estimated time to completion:  0 sec.

***** Problem read in and set up time: 0.00504804 seconds
 ***** DCOP time: 0.00645995 seconds.  Breakdown follows:
	Number Successful Steps Taken:		1
	Number Failed Steps Attempted:		0
	Number Jacobians Evaluated:		3
	Number Linear Solves:			3
	Number Failed Linear Solves:		0
	Number Residual Evaluations:		5
	Number Nonlinear Convergence Failures:	0
	Total Residual Load Time:		6.38962e-05 seconds
	Total Jacobian Load Time:		2.74181e-05 seconds
	Total Linear Solution Time:		0.000189066 seconds

 ***** Transient Stepping time: 0.000983953 seconds.  Breakdown follows:
	Number Successful Steps Taken:		14
	Number Failed Steps Attempted:		0
	Number Jacobians Evaluated:		14
	Number Linear Solves:			14
	Number Failed Linear Solves:		0
	Number Residual Evaluations:		28
	Number Nonlinear Convergence Failures:	0
	Total Residual Load Time:		0.000109911 seconds
	Total Jacobian Load Time:		6.62804e-05 seconds
	Total Linear Solution Time:		0.000135183 seconds


***** Solution Summary *****
	Number Successful Steps Taken:		15
	Number Failed Steps Attempted:		0
	Number Jacobians Evaluated:		17
	Number Linear Solves:			17
	Number Failed Linear Solves:		0
	Number Residual Evaluations:		33
	Number Nonlinear Convergence Failures:	0
	Total Residual Load Time:		0.000173807 seconds
	Total Jacobian Load Time:		9.36985e-05 seconds
	Total Linear Solution Time:		0.000324249 seconds


***** Total Simulation Solvers Run Time: 0.00909615 seconds
***** Total Elapsed Run Time:            0.014117 seconds
*****
***** End of Xyce(TM) Simulation
*****

Timing summary of 1 processor
                 Stats                   Count       CPU Time              Wall Time
---------------------------------------- ----- --------------------- ---------------------
Xyce                                         1        0.009 (100.0%)        0.021 (100.0%)
  Analysis                                   1        0.002 (20.38%)        0.009 (42.76%)
    Transient                                1        0.002 (20.34%)        0.009 (42.64%)
      Nonlinear Solve                       15        0.001 (11.03%)        0.001 ( 6.08%)
        Residual                            33        0.000 ( 2.26%)        0.000 ( 0.98%)
        Jacobian                            17        0.000 ( 1.19%)        0.000 ( 0.53%)
        Linear Solve                        17        0.000 ( 3.95%)        0.000 ( 1.61%)
      Successful DCOP Steps                  1        0.000 ( 3.03%)        0.006 (26.64%)
      Successful Step                       14        0.000 ( 2.20%)        0.000 ( 0.90%)
  Netlist Import                             1        0.001 (16.99%)        0.003 (14.18%)
    Parse Context                            1        0.000 ( 2.93%)        0.002 ( 8.07%)
    Distribute Devices                       1        0.000 ( 3.66%)        0.000 ( 1.62%)
    Verify Devices                           1        0.000 ( 0.06%)        0.000 ( 0.02%)
    Instantiate                              1        0.000 ( 3.33%)        0.000 ( 1.40%)
  Late Initialization                        1        0.001 ( 6.10%)        0.001 ( 5.29%)
    Global Indices                           1        0.000 ( 2.04%)        0.000 ( 0.84%)
  Setup Matrix Structure                     1        0.000 ( 3.46%)        0.000 ( 1.43%)

Node serp2 is of type p_serpentine_0_30_30_3
Node mix0 is of type diffmix_25px_0
Node mix1 is of type diffmix_25px_0
{'p_serpentine_0_60_30_19': {'base cell': 'p_serpentine_0', 'parameters': 'L1=60 L2=30 turns=19'}, 'p_serpentine_0_30_30_3': {'base cell': 'p_serpentine_0', 'parameters': 'L1=30 L2=30 turns=3'}, 'p_serpentine_1_360_30_23': {'base cell': 'p_serpentine_1', 'parameters': 'L1=360 L2=30 turns=23'}}
IN nodes ['soln1', 'soln2', 'soln3'] 
OUT nodes ['out'] 
CHAN nodes ['connect0', 'connect1', 'connect2', 'connect3'] 
COMP nodes ['serp0', 'serp1', 'serp2', 'mix0', 'mix1']
edges of node connect0: [('connect0', 'serp0'), ('connect0', 'mix0')]
edges of node connect1: [('connect1', 'serp1'), ('connect1', 'mix0')]
edges of node connect2: [('connect2', 'serp2'), ('connect2', 'mix1')]
edges of node connect3: [('connect3', 'mix0'), ('connect3', 'mix1')]
node: serp0, connected nodes {'soln1': {'port': 'in_fluid', 'fl_net': 'soln1_serp0', 'ch_net': 'soln1_serp0_chem'}, 'connect0': {'port': 'out_fluid', 'fl_net': 'connect0_serp0', 'ch_net': 'connect0_serp0_chem'}}
node: serp1, connected nodes {'soln2': {'port': 'in_fluid', 'fl_net': 'soln2_serp1', 'ch_net': 'soln2_serp1_chem'}, 'connect1': {'port': 'out_fluid', 'fl_net': 'connect1_serp1', 'ch_net': 'connect1_serp1_chem'}}
node: serp2, connected nodes {'soln3': {'port': 'in_fluid', 'fl_net': 'soln3_serp2', 'ch_net': 'soln3_serp2_chem'}, 'connect2': {'port': 'out_fluid', 'fl_net': 'connect2_serp2', 'ch_net': 'connect2_serp2_chem'}}
node: mix0, connected nodes {'connect0': {'port': 'a_fluid', 'fl_net': 'connect0_mix0', 'ch_net': 'connect0_mix0_chem'}, 'connect1': {'port': 'b_fluid', 'fl_net': 'connect1_mix0', 'ch_net': 'connect1_mix0_chem'}, 'connect3': {'port': 'out_fluid', 'fl_net': 'connect3_mix0', 'ch_net': 'connect3_mix0_chem'}}
node: mix1, connected nodes {'connect2': {'port': 'a_fluid', 'fl_net': 'connect2_mix1', 'ch_net': 'connect2_mix1_chem'}, 'connect3': {'port': 'b_fluid', 'fl_net': 'connect3_mix1', 'ch_net': 'connect3_mix1_chem'}, 'out': {'port': 'out_fluid', 'fl_net': 'out_mix1', 'ch_net': 'out_mix1_chem'}}
['.tran', '1m', '0.1m']
{'': '0', 'wire': 'connect0', 'length (mm)': {'': 4.35982}}
3
{'': '1', 'wire': 'connect1', 'length (mm)': {'': 5.90191}}
3
{'': '2', 'wire': 'connect2', 'length (mm)': {'': 2.41982}}
3
{'': '3', 'wire': 'connect3', 'length (mm)': {'': 1.9379099999999978}}
3
{'': '4', 'wire': 'out', 'length (mm)': {'': 3.67791}}
3
{'': '5', 'wire': 'soln1', 'length (mm)': {'': 3.6800000000000024}}
3
{'': '6', 'wire': 'soln2', 'length (mm)': {'': 3.8800000000000026}}
3
{'': '7', 'wire': 'soln3', 'length (mm)': {'': 7.29791}}
3
{'connect0': 4.35982, 'connect1': 5.90191, 'connect2': 2.41982, 'connect3': 1.9379099999999978, 'out': 3.67791, 'soln1': 3.6800000000000024, 'soln2': 3.8800000000000026, 'soln3': 7.29791}
Reading:  ./results/cocaine/base/7_cocaine_route_nets.json
Loading graph: ./results/cocaine/base/7_cocaine_route_nets.json
comp node : serp0 wire node:  soln1
comp node : serp1 wire node:  soln2
comp node : serp2 wire node:  soln3
comp node : mix1 wire node:  out
{'connect0': 4.35982, 'connect1': 5.90191, 'connect2': 2.41982, 'connect3': 1.9379099999999978, 'out': 3.67791, 'soln1': 3.6800000000000024, 'soln2': 3.8800000000000026, 'soln3': 7.29791}
comp node : serp0 wire node:  connect0
comp node : mix0 wire node:  connect0
{'connect0': 4.35982, 'connect1': 5.90191, 'connect2': 2.41982, 'connect3': 1.9379099999999978, 'out': 3.67791, 'soln1': 3.6800000000000024, 'soln2': 3.8800000000000026, 'soln3': 7.29791}
comp node : serp1 wire node:  connect1
comp node : mix0 wire node:  connect1
{'connect0': 4.35982, 'connect1': 5.90191, 'connect2': 2.41982, 'connect3': 1.9379099999999978, 'out': 3.67791, 'soln1': 3.6800000000000024, 'soln2': 3.8800000000000026, 'soln3': 7.29791}
comp node : serp2 wire node:  connect2
comp node : mix1 wire node:  connect2
{'connect0': 4.35982, 'connect1': 5.90191, 'connect2': 2.41982, 'connect3': 1.9379099999999978, 'out': 3.67791, 'soln1': 3.6800000000000024, 'soln2': 3.8800000000000026, 'soln3': 7.29791}
comp node : mix0 wire node:  connect3
comp node : mix1 wire node:  connect3
Node serp0 is of type p_serpentine_1_360_30_23
Node serp1 is of type p_serpentine_0_60_30_19
Node serp2 is of type p_serpentine_0_30_30_3
Node mix0 is of type diffmix_25px_0
Node mix1 is of type diffmix_25px_0
{'p_serpentine_0_60_30_19': {'base cell': 'p_serpentine_0', 'parameters': 'L1=60 L2=30 turns=19'}, 'p_serpentine_0_30_30_3': {'base cell': 'p_serpentine_0', 'parameters': 'L1=30 L2=30 turns=3'}, 'p_serpentine_1_360_30_23': {'base cell': 'p_serpentine_1', 'parameters': 'L1=360 L2=30 turns=23'}}
IN nodes ['soln1', 'soln2', 'soln3'] 
OUT nodes ['out'] 
CHAN nodes ['connect0', 'connect1', 'connect2', 'connect3'] 
COMP nodes ['serp0', 'serp1', 'serp2', 'mix0', 'mix1']
edges of node connect0: [('connect0', 'serp0'), ('connect0', 'mix0')]
edges of node connect1: [('connect1', 'serp1'), ('connect1', 'mix0')]
edges of node connect2: [('connect2', 'serp2'), ('connect2', 'mix1')]
edges of node connect3: [('connect3', 'mix0'), ('connect3', 'mix1')]
node: serp0, connected nodes {'soln1': {'port': 'in_fluid', 'fl_net': 'soln1_serp0', 'ch_net': 'soln1_serp0_chem'}, 'connect0': {'port': 'out_fluid', 'fl_net': 'connect0_serp0', 'ch_net': 'connect0_serp0_chem'}}
node: serp1, connected nodes {'soln2': {'port': 'in_fluid', 'fl_net': 'soln2_serp1', 'ch_net': 'soln2_serp1_chem'}, 'connect1': {'port': 'out_fluid', 'fl_net': 'connect1_serp1', 'ch_net': 'connect1_serp1_chem'}}
node: serp2, connected nodes {'soln3': {'port': 'in_fluid', 'fl_net': 'soln3_serp2', 'ch_net': 'soln3_serp2_chem'}, 'connect2': {'port': 'out_fluid', 'fl_net': 'connect2_serp2', 'ch_net': 'connect2_serp2_chem'}}
node: mix0, connected nodes {'connect0': {'port': 'a_fluid', 'fl_net': 'connect0_mix0', 'ch_net': 'connect0_mix0_chem'}, 'connect1': {'port': 'b_fluid', 'fl_net': 'connect1_mix0', 'ch_net': 'connect1_mix0_chem'}, 'connect3': {'port': 'out_fluid', 'fl_net': 'connect3_mix0', 'ch_net': 'connect3_mix0_chem'}}
node: mix1, connected nodes {'connect2': {'port': 'a_fluid', 'fl_net': 'connect2_mix1', 'ch_net': 'connect2_mix1_chem'}, 'connect3': {'port': 'b_fluid', 'fl_net': 'connect3_mix1', 'ch_net': 'connect3_mix1_chem'}, 'out': {'port': 'out_fluid', 'fl_net': 'out_mix1', 'ch_net': 'out_mix1_chem'}}
['.tran', '1m', '0.1m']
Loaded config file: ./results/cocaine/base/xyce_run.config
reading file: ./results/cocaine/base/simulation/spice_files.csv
---------------------------------
run Xyce: Xyce -plugin /home/u1287005/Desktop/openmfda_flow_pCell_2/flow/platforms/h.r.3.3/xyce/MFXyce_0.0.0.so ./results/cocaine/base/simulation/cocaine_sample.cir
---------------------------------
run Xyce: Xyce -plugin /home/u1287005/Desktop/openmfda_flow_pCell_2/flow/platforms/h.r.3.3/xyce/MFXyce_0.0.0.so ./results/cocaine/base/simulation/cocaine_R2.cir
---------------------------------
run Xyce: Xyce -plugin /home/u1287005/Desktop/openmfda_flow_pCell_2/flow/platforms/h.r.3.3/xyce/MFXyce_0.0.0.so ./results/cocaine/base/simulation/cocaine_R1.cir
Result files
0    ./results/cocaine/base/simulation/cocaine_samp...
1    ./results/cocaine/base/simulation/cocaine_R2.c...
2    ./results/cocaine/base/simulation/cocaine_R1.c...
Name: OutputFile, dtype: object
Chemical list
0    sample
1        R2
2        R1
Name: Chemical, dtype: object
./results/cocaine/base/simulation/cocaine_sample.cir.prn
['TIME', 'V(30)']
---TIME---
---V(30)---
Node #: 30 Node T: V
(None, None, 'out', 'mix1', None, None)
out : out_mix1_chem
  new node: C_sample(out)
./results/cocaine/base/simulation/cocaine_R2.cir.prn
['TIME', 'V(30)']
---TIME---
---V(30)---
Node #: 30 Node T: V
(None, None, 'out', 'mix1', None, None)
out : out_mix1_chem
  new node: C_R2(out)
./results/cocaine/base/simulation/cocaine_R1.cir.prn
['TIME', 'V(30)']
---TIME---
---V(30)---
Node #: 30 Node T: V
(None, None, 'out', 'mix1', None, None)
out : out_mix1_chem
  new node: C_R1(out)
./results/cocaine/base/simulation
Writing results to ./results/cocaine/base/simulation/cocaine_xyceOut.csv
EVALS {'sample': [<SimulationXyce.SimulationXyce.Eval object at 0x7f933dafbc70>], 'R2': [<SimulationXyce.SimulationXyce.Eval object at 0x7f933dafb8b0>], 'R1': [<SimulationXyce.SimulationXyce.Eval object at 0x7f933dafbb20>]}
evaluating: C_sample(out)
evaluating: C_R2(out)
evaluating: C_R1(out)
Moving results to ./results/cocaine/base
Moving eval to ./results/cocaine/base
	Command being timed: "python3 ../tools/simulation/runMFDASim.py --output_dir ./results/cocaine/base --netlist ./designs/src/cocaine/cocaine.v --sim_config ./designs/h.r.3.3/cocaine/simulation.config --design cocaine --sim_dir ./results/cocaine/base/simulation --cir_config ../tools/simulation/V2Va_Parser/VMF_template.mfsp --local_xyce --xyce_run_config ./results/cocaine/base/xyce_run.config --length_file ./results/cocaine/base/7_cocaine_length.csv --pcell_file ./results/cocaine/base/pcell_out_xyce --lib ../tools/simulation/stdCellLib/StandardCellLibrary.csv"
	User time (seconds): 3.98
	System time (seconds): 3.40
	Percent of CPU this job got: 179%
	Elapsed (wall clock) time (h:mm:ss or m:ss): 0:04.12
	Average shared text size (kbytes): 0
	Average unshared data size (kbytes): 0
	Average stack size (kbytes): 0
	Average total size (kbytes): 0
	Maximum resident set size (kbytes): 101244
	Average resident set size (kbytes): 0
	Major (requiring I/O) page faults: 1
	Minor (reclaiming a frame) page faults: 40843
	Voluntary context switches: 1826
	Involuntary context switches: 173113
	Swaps: 0
	File system inputs: 48
	File system outputs: 136
	Socket messages sent: 0
	Socket messages received: 0
	Signals delivered: 0
	Page size (bytes): 4096
	Exit status: 0
