
    --------------------------------
          OpenSCAD generation
    --------------------------------
    
Starting writing @ ./results/ketone/base/ketone.scad
pcell dict:  {'p_serpentine_0_360_30_54': {'pcell': 'p_serpentine_0', 'params': 'L1=360 L2=30 turns=54'}, 'p_serpentine_0_30_30_1': {'pcell': 'p_serpentine_0', 'params': 'L1=30 L2=30 turns=1'}}
Importing TECH_LEF: ./platforms/h.r.3.3/lef/h.r.3.3.tlef
import via M1M2_PR
['via1', 'met1', 'met2']
import via M2M3_PR
['via2', 'met2', 'met3']
import via M3M4_PR
['via3', 'met3', 'met4']
import via M4M5_PR
['via4', 'met4', 'met5']
import via M5M6_PR
['via5', 'met5', 'met6']
import via M6M7_PR
['via6', 'met6', 'met7']
import via M7M8_PR
['via7', 'met7', 'met8']
import via M8M9_PR
['via8', 'met8', 'met9']
import via M9M10_PR
['via9', 'met9', 'met10']
Parsing macro: serpentine_50px_0
Parsing macro: serpentine_100px_0
Parsing macro: serpentine_150px_0
Parsing macro: serpentine_200px_0
Parsing macro: serpentine_200px_3
Parsing macro: serpentine_300px_0
Parsing macro: serpentine_300px_1
Parsing macro: serpentine_300px_2
Parsing macro: serpentine_300px_3
Parsing macro: diffmix_25px_0
Parsing macro: p_serpentine_0_30_30_1
b'connect0'
b'( serp0 out_fluid ) ( mix0 a_fluid )'
b'connect1'
b'( serp1 out_fluid ) ( mix0 b_fluid )'
b'out'
b'( PIN out ) ( mix0 out_fluid )'
b'soln1'
b'( PIN soln1 ) ( serp0 in_fluid )'
b'soln2'
b'( PIN soln2 ) ( serp1 in_fluid )'
ROUTE: [[[15.96, 3.42209, 'met2'], [15.96, 6.84, 'met2']], [[14.364, 6.84, 'met1'], [15.96, 6.84, 'met1']], [[14.13809, 6.84, 'met3'], [14.364, 6.84, 'met3']], [[15.96, 3.42209, 'met1'], [15.96, 3.42209, 'met2']], [[15.96, 6.84, 'met1'], [15.96, 6.84, 'met2']], [[14.364, 6.84, 'met1'], [14.364, 6.84, 'met2']], [[14.364, 6.84, 'met2'], [14.364, 6.84, 'met3']], [[14.13809, 6.84, 'met1'], [14.13809, 6.84, 'met2']], [[14.13809, 6.84, 'met2'], [14.13809, 6.84, 'met3']]]
Component list not passed!!!!
converting route:  connect0 : 
ROUTE: [[[10.716, 6.612, 'met3'], [11.172, 6.612, 'met3']], [[11.172, 6.612, 'met1'], [13.905909999999999, 6.612, 'met1']], [[13.905909999999999, 6.612, 'met3'], [14.13809, 6.612, 'met3']], [[10.716, 6.612, 'met1'], [10.716, 6.612, 'met2']], [[10.716, 6.612, 'met2'], [10.716, 6.612, 'met3']], [[11.172, 6.612, 'met1'], [11.172, 6.612, 'met2']], [[11.172, 6.612, 'met2'], [11.172, 6.612, 'met3']], [[13.905909999999999, 6.612, 'met1'], [13.905909999999999, 6.612, 'met2']], [[13.905909999999999, 6.612, 'met2'], [13.905909999999999, 6.612, 'met3']], [[14.13809, 6.612, 'met1'], [14.13809, 6.612, 'met2']], [[14.13809, 6.612, 'met2'], [14.13809, 6.612, 'met3']]]
Component list not passed!!!!
converting route:  connect1 : 
ROUTE: [[[12.084, 5.7, 'met8'], [12.084, 6.84, 'met8']], [[12.084, 6.84, 'met7'], [13.68, 6.84, 'met7']], [[13.68, 6.84, 'met3'], [13.905909999999999, 6.84, 'met3']], [[12.084, 6.84, 'met7'], [12.084, 6.84, 'met8']], [[13.68, 6.84, 'met3'], [13.68, 6.84, 'met4']], [[13.68, 6.84, 'met4'], [13.68, 6.84, 'met5']], [[13.68, 6.84, 'met5'], [13.68, 6.84, 'met6']], [[13.68, 6.84, 'met6'], [13.68, 6.84, 'met7']], [[13.905909999999999, 6.84, 'met1'], [13.905909999999999, 6.84, 'met2']], [[13.905909999999999, 6.84, 'met2'], [13.905909999999999, 6.84, 'met3']], [[12.084, 5.7, 'met8'], [12.084, 5.7, 'met9']]]
Component list not passed!!!!
converting route:  out : 
ROUTE: [[[7.98, 5.016, 'met8'], [7.98, 5.244, 'met8']], [[3.648, 5.244, 'met3'], [7.98, 5.244, 'met3']], [[3.648, 5.244, 'met2'], [3.648, 6.15391, 'met2']], [[7.98, 5.244, 'met3'], [7.98, 5.244, 'met4']], [[7.98, 5.244, 'met4'], [7.98, 5.244, 'met5']], [[7.98, 5.244, 'met5'], [7.98, 5.244, 'met6']], [[7.98, 5.244, 'met6'], [7.98, 5.244, 'met7']], [[7.98, 5.244, 'met7'], [7.98, 5.244, 'met8']], [[3.648, 5.244, 'met2'], [3.648, 5.244, 'met3']], [[3.648, 6.15391, 'met1'], [3.648, 6.15391, 'met2']], [[7.98, 5.016, 'met8'], [7.98, 5.016, 'met9']]]
Component list not passed!!!!
converting route:  soln1 : 
ROUTE: [[[8.664, 5.016, 'met8'], [8.664, 5.472, 'met8']], [[8.664, 5.472, 'met7'], [10.488, 5.472, 'met7']], [[10.488, 5.472, 'met2'], [10.488, 6.60991, 'met2']], [[8.664, 5.472, 'met7'], [8.664, 5.472, 'met8']], [[10.488, 5.472, 'met2'], [10.488, 5.472, 'met3']], [[10.488, 5.472, 'met3'], [10.488, 5.472, 'met4']], [[10.488, 5.472, 'met4'], [10.488, 5.472, 'met5']], [[10.488, 5.472, 'met5'], [10.488, 5.472, 'met6']], [[10.488, 5.472, 'met6'], [10.488, 5.472, 'met7']], [[10.488, 6.60991, 'met1'], [10.488, 6.60991, 'met2']], [[8.664, 5.016, 'met8'], [8.664, 5.016, 'met9']]]
Component list not passed!!!!
converting route:  soln2 : 
Importing TECH_LEF: ./platforms/h.r.3.3/lef/h.r.3.3.tlef
import via M1M2_PR
['via1', 'met1', 'met2']
import via M2M3_PR
['via2', 'met2', 'met3']
import via M3M4_PR
['via3', 'met3', 'met4']
import via M4M5_PR
['via4', 'met4', 'met5']
import via M5M6_PR
['via5', 'met5', 'met6']
import via M6M7_PR
['via6', 'met6', 'met7']
import via M7M8_PR
['via7', 'met7', 'met8']
import via M8M9_PR
['via8', 'met8', 'met9']
import via M9M10_PR
['via9', 'met9', 'met10']
<generator_class.Nets object at 0x7fa5e3aa00d0>
converting route:  connect0 : 
converting route:  connect0 : 
calc len connect0
['']
[[15.96, 3.42209, 0.75], [15.96, 3.42209, 0.9500000000000001], [15.96, 6.84, 0.9500000000000001], [15.96, 6.84, 0.75], [14.364, 6.84, 0.75], [14.364, 6.84, 0.9500000000000001], [14.364, 6.84, 1.1500000000000001], [14.13809, 6.84, 1.1500000000000001], [14.13809, 6.84, 0.9500000000000001], [14.13809, 6.84, 0.75]]
Reporting routing graph
converting route:  connect1 : 
converting route:  connect1 : 
calc len connect1
['']
[[10.716, 6.612, 0.75], [10.716, 6.612, 0.9500000000000001], [10.716, 6.612, 1.1500000000000001], [11.172, 6.612, 1.1500000000000001], [11.172, 6.612, 0.9500000000000001], [11.172, 6.612, 0.75], [13.905909999999999, 6.612, 0.75], [13.905909999999999, 6.612, 0.9500000000000001], [13.905909999999999, 6.612, 1.1500000000000001], [14.13809, 6.612, 1.1500000000000001], [14.13809, 6.612, 0.9500000000000001], [14.13809, 6.612, 0.75]]
Reporting routing graph
converting route:  out : 
converting route:  out : 
calc len out
['']
[[12.084, 5.7, 2.35], [12.084, 5.7, 2.15], [12.084, 6.84, 2.15], [12.084, 6.84, 1.95], [13.68, 6.84, 1.95], [13.68, 6.84, 1.75], [13.68, 6.84, 1.55], [13.68, 6.84, 1.35], [13.68, 6.84, 1.1500000000000001], [13.905909999999999, 6.84, 1.1500000000000001], [13.905909999999999, 6.84, 0.9500000000000001], [13.905909999999999, 6.84, 0.75]]
Reporting routing graph
converting route:  soln1 : 
converting route:  soln1 : 
calc len soln1
['']
[[7.98, 5.016, 2.35], [7.98, 5.016, 2.15], [7.98, 5.244, 2.15], [7.98, 5.244, 1.95], [7.98, 5.244, 1.75], [7.98, 5.244, 1.55], [7.98, 5.244, 1.35], [7.98, 5.244, 1.1500000000000001], [3.648, 5.244, 1.1500000000000001], [3.648, 5.244, 0.9500000000000001], [3.648, 6.15391, 0.9500000000000001], [3.648, 6.15391, 0.75]]
Reporting routing graph
converting route:  soln2 : 
converting route:  soln2 : 
calc len soln2
['']
[[8.664, 5.016, 2.35], [8.664, 5.016, 2.15], [8.664, 5.472, 2.15], [8.664, 5.472, 1.95], [10.488, 5.472, 1.95], [10.488, 5.472, 1.75], [10.488, 5.472, 1.55], [10.488, 5.472, 1.35], [10.488, 5.472, 1.1500000000000001], [10.488, 5.472, 0.9500000000000001], [10.488, 6.60991, 0.9500000000000001], [10.488, 6.60991, 0.75]]
Reporting routing graph
<generator_class.Nets object at 0x7fa5e3aa0100>
converting route:  connect0 : 
converting route:  connect0 : 
Reporting routing graph
converting route:  connect1 : 
converting route:  connect1 : 
Reporting routing graph
converting route:  out : 
converting route:  out : 
Reporting routing graph
converting route:  soln1 : 
converting route:  soln1 : 
Reporting routing graph
converting route:  soln2 : 
converting route:  soln2 : 
Reporting routing graph
<generator_class.Nets object at 0x7fa53a73a0a0>
converting route:  connect0 : 
converting route:  connect0 : 
Reporting routing graph
converting route:  connect1 : 
converting route:  connect1 : 
Reporting routing graph
converting route:  out : 
converting route:  out : 
Reporting routing graph
converting route:  soln1 : 
converting route:  soln1 : 
Reporting routing graph
converting route:  soln2 : 
converting route:  soln2 : 
Reporting routing graph
<generator_class.Nets object at 0x7fa53a73a7c0>
converting route:  connect0 : 
converting route:  connect0 : 
Reporting routing graph
converting route:  connect1 : 
converting route:  connect1 : 
Reporting routing graph
converting route:  out : 
converting route:  out : 
Reporting routing graph
converting route:  soln1 : 
converting route:  soln1 : 
Reporting routing graph
converting route:  soln2 : 
converting route:  soln2 : 
Reporting routing graph
<generator_class.Nets object at 0x7fa53a782430>
converting route:  connect0 : 
converting route:  connect0 : 
Reporting routing graph
converting route:  connect1 : 
converting route:  connect1 : 
Reporting routing graph
converting route:  out : 
converting route:  out : 
Reporting routing graph
converting route:  soln1 : 
converting route:  soln1 : 
Reporting routing graph
converting route:  soln2 : 
converting route:  soln2 : 
Reporting routing graph

    --------------------------------
          OpenSCAD complete
    --------------------------------
    
	Command being timed: "python3 ../tools/scad_render/generator_v2.py --component_file ./platforms/h.r.3.3/pdk/scad_lib/h.r.3.3_merged.scad --routing_file ./platforms/h.r.3.3/scad/routing.scad --scad_include ./platforms/h.r.3.3/pdk/scad_include/polychannel_v2.scad ./platforms/h.r.3.3/pdk/scad_include/lef_scad_config.scad ./platforms/h.r.3.3/pdk/scad_include/lef_helper.scad --lef_file ./platforms/h.r.3.3/lef/h.r.3.3_merged.lef ./results/ketone/base/h.r.3.3_ketone_pcells.lef --tlef_file ./platforms/h.r.3.3/lef/h.r.3.3.tlef --platform h.r.3.3 --px 0.0076 --layer 0.01 --bottom_layer 75 --lpv 20 --xbulk 2550 --ybulk 1600 --zbulk 230 --xchip 325 2225 --ychip 325 1275 --pitch 30 --res 120 --dimm_file  --pcell ./results/ketone/base/pcell_out_scad --def_file results/ketone/base/4_final.def --design ketone --scad_out_file ./results/ketone/base/ketone_base.scad --scad_include ./platforms/h.r.3.3/pdk/scad_lib/polychannel_v2.scad ./platforms/h.r.3.3/pdk/scad_lib/lef_helper.scad ./platforms/h.r.3.3/pdk/scad_lib/lef_scad_config.scad --results_dir ./results/ketone/base"
	User time (seconds): 2.96
	System time (seconds): 3.13
	Percent of CPU this job got: 195%
	Elapsed (wall clock) time (h:mm:ss or m:ss): 0:03.12
	Average shared text size (kbytes): 0
	Average unshared data size (kbytes): 0
	Average stack size (kbytes): 0
	Average total size (kbytes): 0
	Maximum resident set size (kbytes): 75668
	Average resident set size (kbytes): 0
	Major (requiring I/O) page faults: 1
	Minor (reclaiming a frame) page faults: 13683
	Voluntary context switches: 1620
	Involuntary context switches: 485571
	Swaps: 0
	File system inputs: 16
	File system outputs: 568
	Socket messages sent: 0
	Socket messages received: 0
	Signals delivered: 0
	Page size (bytes): 4096
	Exit status: 0
