
    --------------------------------
          OpenSCAD generation
    --------------------------------
    
Starting writing @ ./results/calcium/base/calcium.scad
pcell dict:  {'p_serpentine_0_270_30_1': {'pcell': 'p_serpentine_0', 'params': 'L1=270 L2=30 turns=1'}, 'p_serpentine_0_30_30_1': {'pcell': 'p_serpentine_0', 'params': 'L1=30 L2=30 turns=1'}, 'p_serpentine_1_360_30_82': {'pcell': 'p_serpentine_1', 'params': 'L1=360 L2=30 turns=82'}}
Importing TECH_LEF: ./platforms/h.r.3.3/lef/h.r.3.3.tlef
import via M1M2_PR
['via1', 'met1', 'met2']
import via M2M3_PR
['via2', 'met2', 'met3']
import via M3M4_PR
['via3', 'met3', 'met4']
import via M4M5_PR
['via4', 'met4', 'met5']
import via M5M6_PR
['via5', 'met5', 'met6']
import via M6M7_PR
['via6', 'met6', 'met7']
import via M7M8_PR
['via7', 'met7', 'met8']
import via M8M9_PR
['via8', 'met8', 'met9']
import via M9M10_PR
['via9', 'met9', 'met10']
Parsing macro: serpentine_50px_0
Parsing macro: serpentine_100px_0
Parsing macro: serpentine_150px_0
Parsing macro: serpentine_200px_0
Parsing macro: serpentine_200px_3
Parsing macro: serpentine_300px_0
Parsing macro: serpentine_300px_1
Parsing macro: serpentine_300px_2
Parsing macro: serpentine_300px_3
Parsing macro: diffmix_25px_0
SIZE: [0.76, 0.76]
SIZE: [0.912, 0.912]
SIZE: [1.368, 1.368]
SIZE: [1.824, 1.824]
SIZE: [2.28, 2.28]
SIZE: [2.28, 2.28]
SIZE: [3.192, 3.192]
SIZE: [3.192, 3.192]
SIZE: [3.42, 3.192]
SIZE: [3.192, 3.192]
SIZE: [0.684, 0.684]
Parsing macro: p_serpentine_0_30_30_1
Parsing macro: p_serpentine_1_360_30_82
SIZE: [0.684, 2.508]
SIZE: [0.684, 0.684]
SIZE: [19.152, 3.192]
b'connect0'
b'( serp0 out_fluid ) ( mix0 a_fluid )'
b'connect1'
b'( serp1 out_fluid ) ( mix0 b_fluid )'
b'connect2'
b'( serp2 out_fluid ) ( mix1 a_fluid )'
b'connect3'
b'( mix1 b_fluid ) ( mix0 out_fluid )'
b'out'
b'( PIN out ) ( mix1 out_fluid )'
b'soln1'
b'( PIN soln1 ) ( serp0 in_fluid )'
b'soln2'
b'( PIN soln2 ) ( serp1 in_fluid )'
b'soln3'
b'( PIN soln3 ) ( serp2 in_fluid )'
ROUTE: [[[9.348, 3.192, 'met4'], [9.348, 3.42, 'met4']], [[0.456, 3.192, 'met3'], [9.348, 3.192, 'met3']], [[0.456, 0.23009, 'met4'], [0.456, 3.192, 'met4']], [[9.348, 3.192, 'met3'], [9.348, 3.192, 'met4']], [[0.456, 3.192, 'met3'], [0.456, 3.192, 'met4']], [[0.456, 0.23009, 'met3'], [0.456, 0.23009, 'met4']]]
Component list not passed!!!!
converting route:  connect0 : 
ROUTE: [[[8.892, 3.648, 'met5'], [9.34591, 3.648, 'met5']], [[8.892, 3.648, 'met2'], [8.892, 5.4699100000000005, 'met2']], [[9.34591, 3.648, 'met4'], [9.34591, 3.648, 'met5']], [[8.892, 3.648, 'met2'], [8.892, 3.648, 'met3']], [[8.892, 3.648, 'met3'], [8.892, 3.648, 'met4']], [[8.892, 3.648, 'met4'], [8.892, 3.648, 'met5']], [[8.892, 5.4699100000000005, 'met1'], [8.892, 5.4699100000000005, 'met2']]]
Component list not passed!!!!
converting route:  connect1 : 
ROUTE: [[[9.35009, 6.84, 'met5'], [9.57391, 6.84, 'met5']], [[9.35009, 6.84, 'met3'], [10.26, 6.84, 'met3']], [[10.26, 6.61409, 'met2'], [10.26, 6.84, 'met2']], [[9.57391, 6.84, 'met4'], [9.57391, 6.84, 'met5']], [[9.35009, 6.84, 'met3'], [9.35009, 6.84, 'met4']], [[9.35009, 6.84, 'met4'], [9.35009, 6.84, 'met5']], [[10.26, 6.84, 'met2'], [10.26, 6.84, 'met3']], [[10.26, 6.61409, 'met1'], [10.26, 6.61409, 'met2']]]
Component list not passed!!!!
converting route:  connect2 : 
ROUTE: [[[9.578090000000001, 3.42, 'met5'], [9.80191, 3.42, 'met5']], [[9.576, 3.42, 'met3'], [9.80191, 3.42, 'met3']], [[9.576, 3.42, 'met2'], [9.576, 3.876, 'met2']], [[9.576, 3.876, 'met4'], [9.576, 6.612, 'met4']], [[9.578090000000001, 3.42, 'met4'], [9.578090000000001, 3.42, 'met5']], [[9.80191, 3.42, 'met3'], [9.80191, 3.42, 'met4']], [[9.80191, 3.42, 'met4'], [9.80191, 3.42, 'met5']], [[9.576, 3.42, 'met2'], [9.576, 3.42, 'met3']], [[9.576, 3.876, 'met2'], [9.576, 3.876, 'met3']], [[9.576, 3.876, 'met3'], [9.576, 3.876, 'met4']]]
Component list not passed!!!!
converting route:  connect3 : 
ROUTE: [[[12.084, 5.7, 'met8'], [12.084, 6.84, 'met8']], [[9.806090000000001, 6.84, 'met5'], [12.084, 6.84, 'met5']], [[12.084, 6.84, 'met5'], [12.084, 6.84, 'met6']], [[12.084, 6.84, 'met6'], [12.084, 6.84, 'met7']], [[12.084, 6.84, 'met7'], [12.084, 6.84, 'met8']], [[9.806090000000001, 6.84, 'met4'], [9.806090000000001, 6.84, 'met5']], [[12.084, 5.7, 'met8'], [12.084, 5.7, 'met9']]]
Component list not passed!!!!
converting route:  out : 
ROUTE: [[[7.98, 3.42, 'met8'], [7.98, 5.016, 'met8']], [[0.228, 3.42, 'met3'], [7.98, 3.42, 'met3']], [[0.228, 0.228, 'met2'], [0.228, 3.42, 'met2']], [[0.228, 0.228, 'met2'], [0.45391000000000004, 0.228, 'met2']], [[7.98, 3.42, 'met3'], [7.98, 3.42, 'met4']], [[7.98, 3.42, 'met4'], [7.98, 3.42, 'met5']], [[7.98, 3.42, 'met5'], [7.98, 3.42, 'met6']], [[7.98, 3.42, 'met6'], [7.98, 3.42, 'met7']], [[7.98, 3.42, 'met7'], [7.98, 3.42, 'met8']], [[0.228, 3.42, 'met2'], [0.228, 3.42, 'met3']], [[7.98, 5.016, 'met8'], [7.98, 5.016, 'met9']]]
Component list not passed!!!!
converting route:  soln1 : 
ROUTE: [[[8.664, 5.016, 'met8'], [8.664, 5.244, 'met8']], [[8.664, 5.244, 'met2'], [8.664, 5.4699100000000005, 'met2']], [[8.664, 5.244, 'met2'], [8.664, 5.244, 'met3']], [[8.664, 5.244, 'met3'], [8.664, 5.244, 'met4']], [[8.664, 5.244, 'met4'], [8.664, 5.244, 'met5']], [[8.664, 5.244, 'met5'], [8.664, 5.244, 'met6']], [[8.664, 5.244, 'met6'], [8.664, 5.244, 'met7']], [[8.664, 5.244, 'met7'], [8.664, 5.244, 'met8']], [[8.664, 5.4699100000000005, 'met1'], [8.664, 5.4699100000000005, 'met2']], [[8.664, 5.016, 'met8'], [8.664, 5.016, 'met9']]]
Component list not passed!!!!
converting route:  soln2 : 
ROUTE: [[[9.348, 5.016, 'met8'], [9.348, 5.244, 'met8']], [[9.348, 5.244, 'met7'], [10.488, 5.244, 'met7']], [[10.488, 5.244, 'met2'], [10.488, 6.60991, 'met2']], [[9.348, 5.244, 'met7'], [9.348, 5.244, 'met8']], [[10.488, 5.244, 'met2'], [10.488, 5.244, 'met3']], [[10.488, 5.244, 'met3'], [10.488, 5.244, 'met4']], [[10.488, 5.244, 'met4'], [10.488, 5.244, 'met5']], [[10.488, 5.244, 'met5'], [10.488, 5.244, 'met6']], [[10.488, 5.244, 'met6'], [10.488, 5.244, 'met7']], [[10.488, 6.60991, 'met1'], [10.488, 6.60991, 'met2']], [[9.348, 5.016, 'met8'], [9.348, 5.016, 'met9']]]
Component list not passed!!!!
converting route:  soln3 : 
Importing TECH_LEF: ./platforms/h.r.3.3/lef/h.r.3.3.tlef
import via M1M2_PR
['via1', 'met1', 'met2']
import via M2M3_PR
['via2', 'met2', 'met3']
import via M3M4_PR
['via3', 'met3', 'met4']
import via M4M5_PR
['via4', 'met4', 'met5']
import via M5M6_PR
['via5', 'met5', 'met6']
import via M6M7_PR
['via6', 'met6', 'met7']
import via M7M8_PR
['via7', 'met7', 'met8']
import via M8M9_PR
['via8', 'met8', 'met9']
import via M9M10_PR
['via9', 'met9', 'met10']
<generator_class.Nets object at 0x7fc08f5cc040>
converting route:  connect0 : 
converting route:  connect0 : 
calc len connect0
['']
[[0.456, 0.23009, 1.1500000000000001], [0.456, 0.23009, 1.35], [0.456, 3.192, 1.35], [0.456, 3.192, 1.1500000000000001], [9.348, 3.192, 1.1500000000000001], [9.348, 3.192, 1.35], [9.348, 3.42, 1.35]]
Reporting routing graph
converting route:  connect1 : 
converting route:  connect1 : 
calc len connect1
['']
[[8.892, 5.4699100000000005, 0.75], [8.892, 5.4699100000000005, 0.9500000000000001], [8.892, 3.648, 0.9500000000000001], [8.892, 3.648, 1.1500000000000001], [8.892, 3.648, 1.35], [8.892, 3.648, 1.55], [9.34591, 3.648, 1.55], [9.34591, 3.648, 1.35]]
Reporting routing graph
converting route:  connect2 : 
converting route:  connect2 : 
calc len connect2
['']
[[10.26, 6.61409, 0.75], [10.26, 6.61409, 0.9500000000000001], [10.26, 6.84, 0.9500000000000001], [10.26, 6.84, 1.1500000000000001], [9.35009, 6.84, 1.1500000000000001], [9.35009, 6.84, 1.35], [9.35009, 6.84, 1.55], [9.57391, 6.84, 1.55], [9.57391, 6.84, 1.35]]
Reporting routing graph
converting route:  connect3 : 
converting route:  connect3 : 
calc len connect3
['']
[[9.578090000000001, 3.42, 1.35], [9.578090000000001, 3.42, 1.55], [9.80191, 3.42, 1.55], [9.80191, 3.42, 1.35], [9.80191, 3.42, 1.1500000000000001], [9.576, 3.42, 1.1500000000000001], [9.576, 3.42, 0.9500000000000001], [9.576, 3.876, 0.9500000000000001], [9.576, 3.876, 1.1500000000000001], [9.576, 3.876, 1.35], [9.576, 6.612, 1.35]]
Reporting routing graph
converting route:  out : 
converting route:  out : 
calc len out
['']
[[12.084, 5.7, 2.35], [12.084, 5.7, 2.15], [12.084, 6.84, 2.15], [12.084, 6.84, 1.95], [12.084, 6.84, 1.75], [12.084, 6.84, 1.55], [9.806090000000001, 6.84, 1.55], [9.806090000000001, 6.84, 1.35]]
Reporting routing graph
converting route:  soln1 : 
converting route:  soln1 : 
calc len soln1
['']
[[0.45391000000000004, 0.228, 0.9500000000000001], [0.228, 0.228, 0.9500000000000001], [0.228, 3.42, 0.9500000000000001], [0.228, 3.42, 1.1500000000000001], [7.98, 3.42, 1.1500000000000001], [7.98, 3.42, 1.35], [7.98, 3.42, 1.55], [7.98, 3.42, 1.75], [7.98, 3.42, 1.95], [7.98, 3.42, 2.15], [7.98, 5.016, 2.15], [7.98, 5.016, 2.35]]
Reporting routing graph
converting route:  soln2 : 
converting route:  soln2 : 
calc len soln2
['']
[[8.664, 5.016, 2.35], [8.664, 5.016, 2.15], [8.664, 5.244, 2.15], [8.664, 5.244, 1.95], [8.664, 5.244, 1.75], [8.664, 5.244, 1.55], [8.664, 5.244, 1.35], [8.664, 5.244, 1.1500000000000001], [8.664, 5.244, 0.9500000000000001], [8.664, 5.4699100000000005, 0.9500000000000001], [8.664, 5.4699100000000005, 0.75]]
Reporting routing graph
converting route:  soln3 : 
converting route:  soln3 : 
calc len soln3
['']
[[9.348, 5.016, 2.35], [9.348, 5.016, 2.15], [9.348, 5.244, 2.15], [9.348, 5.244, 1.95], [10.488, 5.244, 1.95], [10.488, 5.244, 1.75], [10.488, 5.244, 1.55], [10.488, 5.244, 1.35], [10.488, 5.244, 1.1500000000000001], [10.488, 5.244, 0.9500000000000001], [10.488, 6.60991, 0.9500000000000001], [10.488, 6.60991, 0.75]]
Reporting routing graph
<generator_class.Nets object at 0x7fc08f61bf10>
converting route:  connect0 : 
converting route:  connect0 : 
Reporting routing graph
converting route:  connect1 : 
converting route:  connect1 : 
Reporting routing graph
converting route:  connect2 : 
converting route:  connect2 : 
Reporting routing graph
converting route:  connect3 : 
converting route:  connect3 : 
Reporting routing graph
converting route:  out : 
converting route:  out : 
Reporting routing graph
converting route:  soln1 : 
converting route:  soln1 : 
Reporting routing graph
converting route:  soln2 : 
converting route:  soln2 : 
Reporting routing graph
converting route:  soln3 : 
converting route:  soln3 : 
Reporting routing graph
<generator_class.Nets object at 0x7fbfe62d9700>
converting route:  connect0 : 
converting route:  connect0 : 
Reporting routing graph
converting route:  connect1 : 
converting route:  connect1 : 
Reporting routing graph
converting route:  connect2 : 
converting route:  connect2 : 
Reporting routing graph
converting route:  connect3 : 
converting route:  connect3 : 
Reporting routing graph
converting route:  out : 
converting route:  out : 
Reporting routing graph
converting route:  soln1 : 
converting route:  soln1 : 
Reporting routing graph
converting route:  soln2 : 
converting route:  soln2 : 
Reporting routing graph
converting route:  soln3 : 
converting route:  soln3 : 
Reporting routing graph
<generator_class.Nets object at 0x7fbfe62d94c0>
converting route:  connect0 : 
converting route:  connect0 : 
Reporting routing graph
converting route:  connect1 : 
converting route:  connect1 : 
Reporting routing graph
converting route:  connect2 : 
converting route:  connect2 : 
Reporting routing graph
converting route:  connect3 : 
converting route:  connect3 : 
Reporting routing graph
converting route:  out : 
converting route:  out : 
Reporting routing graph
converting route:  soln1 : 
converting route:  soln1 : 
Reporting routing graph
converting route:  soln2 : 
converting route:  soln2 : 
Reporting routing graph
converting route:  soln3 : 
converting route:  soln3 : 
Reporting routing graph
<generator_class.Nets object at 0x7fbfe62d99a0>
converting route:  connect0 : 
converting route:  connect0 : 
Reporting routing graph
converting route:  connect1 : 
converting route:  connect1 : 
Reporting routing graph
converting route:  connect2 : 
converting route:  connect2 : 
Reporting routing graph
converting route:  connect3 : 
converting route:  connect3 : 
Reporting routing graph
converting route:  out : 
converting route:  out : 
Reporting routing graph
converting route:  soln1 : 
converting route:  soln1 : 
Reporting routing graph
converting route:  soln2 : 
converting route:  soln2 : 
Reporting routing graph
converting route:  soln3 : 
converting route:  soln3 : 
Reporting routing graph
<generator_class.Nets object at 0x7fbfe62d9fa0>
converting route:  connect0 : 
converting route:  connect0 : 
Reporting routing graph
converting route:  connect1 : 
converting route:  connect1 : 
Reporting routing graph
converting route:  connect2 : 
converting route:  connect2 : 
Reporting routing graph
converting route:  connect3 : 
converting route:  connect3 : 
Reporting routing graph
converting route:  out : 
converting route:  out : 
Reporting routing graph
converting route:  soln1 : 
converting route:  soln1 : 
Reporting routing graph
converting route:  soln2 : 
converting route:  soln2 : 
Reporting routing graph
converting route:  soln3 : 
converting route:  soln3 : 
Reporting routing graph
<generator_class.Nets object at 0x7fbfe62d9430>
converting route:  connect0 : 
converting route:  connect0 : 
Reporting routing graph
converting route:  connect1 : 
converting route:  connect1 : 
Reporting routing graph
converting route:  connect2 : 
converting route:  connect2 : 
Reporting routing graph
converting route:  connect3 : 
converting route:  connect3 : 
Reporting routing graph
converting route:  out : 
converting route:  out : 
Reporting routing graph
converting route:  soln1 : 
converting route:  soln1 : 
Reporting routing graph
converting route:  soln2 : 
converting route:  soln2 : 
Reporting routing graph
converting route:  soln3 : 
converting route:  soln3 : 
Reporting routing graph
<generator_class.Nets object at 0x7fbfe62d9fd0>
converting route:  connect0 : 
converting route:  connect0 : 
Reporting routing graph
converting route:  connect1 : 
converting route:  connect1 : 
Reporting routing graph
converting route:  connect2 : 
converting route:  connect2 : 
Reporting routing graph
converting route:  connect3 : 
converting route:  connect3 : 
Reporting routing graph
converting route:  out : 
converting route:  out : 
Reporting routing graph
converting route:  soln1 : 
converting route:  soln1 : 
Reporting routing graph
converting route:  soln2 : 
converting route:  soln2 : 
Reporting routing graph
converting route:  soln3 : 
converting route:  soln3 : 
Reporting routing graph

    --------------------------------
          OpenSCAD complete
    --------------------------------
    
	Command being timed: "python3 ../tools/scad_render/generator_v2.py --component_file ./platforms/h.r.3.3/pdk/scad_lib/h.r.3.3_merged.scad --routing_file ./platforms/h.r.3.3/scad/routing.scad --scad_include ./platforms/h.r.3.3/pdk/scad_include/polychannel_v2.scad ./platforms/h.r.3.3/pdk/scad_include/lef_scad_config.scad ./platforms/h.r.3.3/pdk/scad_include/lef_helper.scad --lef_file ./platforms/h.r.3.3/lef/h.r.3.3_merged.lef ./results/calcium/base/h.r.3.3_calcium_pcells.lef --tlef_file ./platforms/h.r.3.3/lef/h.r.3.3.tlef --platform h.r.3.3 --px 0.0076 --layer 0.01 --bottom_layer 75 --lpv 20 --xbulk 2550 --ybulk 1600 --zbulk 230 --xchip 325 2225 --ychip 325 1275 --pitch 30 --res 120 --dimm_file  --pcell ./results/calcium/base/pcell_out_scad --def_file results/calcium/base/4_final.def --design calcium --scad_out_file ./results/calcium/base/calcium_base.scad --scad_include ./platforms/h.r.3.3/pdk/scad_lib/polychannel_v2.scad ./platforms/h.r.3.3/pdk/scad_lib/lef_helper.scad ./platforms/h.r.3.3/pdk/scad_lib/lef_scad_config.scad --results_dir ./results/calcium/base"
	User time (seconds): 3.37
	System time (seconds): 3.53
	Percent of CPU this job got: 226%
	Elapsed (wall clock) time (h:mm:ss or m:ss): 0:03.05
	Average shared text size (kbytes): 0
	Average unshared data size (kbytes): 0
	Average stack size (kbytes): 0
	Average total size (kbytes): 0
	Maximum resident set size (kbytes): 75916
	Average resident set size (kbytes): 0
	Major (requiring I/O) page faults: 0
	Minor (reclaiming a frame) page faults: 13677
	Voluntary context switches: 1635
	Involuntary context switches: 51092
	Swaps: 0
	File system inputs: 0
	File system outputs: 3736
	Socket messages sent: 0
	Socket messages received: 0
	Signals delivered: 0
	Page size (bytes): 4096
	Exit status: 0
